<html>
<body>
<pre>
<h1>µVision Build Log</h1>
<h2>Project:</h2>
C:\Users\Nicolas Sueur\Documents\dev\lpc1768_project\Project\Project.uvproj
Project File Date:  06/13/2019

<h2>Output:</h2>
*** Note: Rebuilding project, since 'Options->Output->Create Batch File' is selected.
Rebuild target 'Open1786'
assembling startup_LPC17xx.s...
compiling system_LPC17xx.c...
compiling core_cm3.c...
compiling lpc17xx_clkpwr.c...
compiling lpc17xx_gpio.c...
compiling lpc17xx_pinsel.c...
compiling lpc17xx_timer.c...
..\Libraries\LCP1768_StdPeriph_Driver\source\lpc17xx_timer.c(115): warning:  #68-D: integer conversion resulted in a change of sign
        uint32_t tnum = -1;
..\Libraries\LCP1768_StdPeriph_Driver\source\lpc17xx_timer.c: 1 warning, 0 errors
compiling lpc17xx_exti.c...
compiling lpc17xx_nvic.c...
compiling lpc17xx_ssp.c...
compiling lpc17xx_i2c.c...
..\Libraries\LCP1768_StdPeriph_Driver\source\lpc17xx_i2c.c(598): warning:  #188-D: enumerated type mixed with another type
                                I2C_IntCmd(I2Cx, 0);
..\Libraries\LCP1768_StdPeriph_Driver\source\lpc17xx_i2c.c(695): warning:  #188-D: enumerated type mixed with another type
                I2C_IntCmd(I2Cx, 0);
..\Libraries\LCP1768_StdPeriph_Driver\source\lpc17xx_i2c.c(702): warning:  #188-D: enumerated type mixed with another type
                                I2C_IntCmd(I2Cx, 1);
..\Libraries\LCP1768_StdPeriph_Driver\source\lpc17xx_i2c.c(750): warning:  #188-D: enumerated type mixed with another type
                I2C_IntCmd(I2Cx, 0);
..\Libraries\LCP1768_StdPeriph_Driver\source\lpc17xx_i2c.c(902): warning:  #188-D: enumerated type mixed with another type
                                        CodeStatus = I2C_GetByte(I2Cx, &tmp, 1);
..\Libraries\LCP1768_StdPeriph_Driver\source\lpc17xx_i2c.c(915): warning:  #188-D: enumerated type mixed with another type
                                        CodeStatus = I2C_GetByte(I2Cx, &tmp, 0);
..\Libraries\LCP1768_StdPeriph_Driver\source\lpc17xx_i2c.c(952): warning:  #188-D: enumerated type mixed with another type
                I2C_IntCmd(I2Cx, 1);
..\Libraries\LCP1768_StdPeriph_Driver\source\lpc17xx_i2c.c(1162): warning:  #188-D: enumerated type mixed with another type
                I2C_IntCmd(I2Cx, 1);
..\Libraries\LCP1768_StdPeriph_Driver\source\lpc17xx_i2c.c(1186): warning:  #186-D: pointless comparison of unsigned integer with zero
        CHECK_PARAM(PARAM_I2C_SLAVEADDR_CH(OwnSlaveAddrConfigStruct->SlaveAddrChannel));
..\Libraries\LCP1768_StdPeriph_Driver\source\lpc17xx_i2c.c: 9 warnings, 0 errors
compiling main.c...
..\User\affichagelcd.h(9): warning:  #1-D: last line of file ends without a newline
   
..\User\main.c(40): warning:  #223-D: function "sprintf" declared implicitly
        sprintf(chaine, "Game Name");
..\User\main.c(57): warning:  #223-D: function "sprintf" declared implicitly
        sprintf(chaine, "Hit game");
..\User\main.c(67): warning:  #223-D: function "sprintf" declared implicitly
                sprintf(chaine, "Score: %d", score);
..\User\main.c(179): warning:  #223-D: function "sprintf" declared implicitly
        sprintf(chaine,"X: %04d",touch_x);
..\User\main.c: 5 warnings, 0 errors
compiling ili_lcd_general.c...
compiling lcd_api.c...
compiling english_16x8.c...
compiling affichagelcd.c...
compiling touch_panel.c...
..\User\touch\touch_panel.c(17): warning:  #177-D: variable "touch_data_tx" was declared but never referenced
      uint8_t touch_data_tx[BUF_SIZE];
..\User\touch\touch_panel.c: 1 warning, 0 errors
linking...
Program Size: Code=15960 RO-data=1776 RW-data=32 ZI-data=712  
FromELF: creating hex file...
".\Output\Project.axf" - 0 Error(s), 16 Warning(s).
</pre>
</body>
</html>
