<html>
<body>
<pre>
<h1>µVision Build Log</h1>
<h2>Project:</h2>
D:\Profils\nsueur\Downloads\lpc1768_project-master\Project\Project.uvproj
Project File Date:  06/16/2019

<h2>Output:</h2>
*** Note: 'Create Batch File' is active - using 'Rebuild'.
Rebuild target 'Open1786'
assembling startup_LPC17xx.s...
compiling system_LPC17xx.c...
compiling core_cm3.c...
compiling lpc17xx_clkpwr.c...
compiling lpc17xx_gpio.c...
compiling lpc17xx_pinsel.c...
compiling lpc17xx_timer.c...
..\Libraries\LCP1768_StdPeriph_Driver\source\lpc17xx_timer.c(115): warning:  #68-D: integer conversion resulted in a change of sign
compiling lpc17xx_exti.c...
compiling lpc17xx_nvic.c...
compiling lpc17xx_ssp.c...
compiling lpc17xx_i2c.c...
..\Libraries\LCP1768_StdPeriph_Driver\source\lpc17xx_i2c.c(598): warning:  #188-D: enumerated type mixed with another type
..\Libraries\LCP1768_StdPeriph_Driver\source\lpc17xx_i2c.c(695): warning:  #188-D: enumerated type mixed with another type
..\Libraries\LCP1768_StdPeriph_Driver\source\lpc17xx_i2c.c(702): warning:  #188-D: enumerated type mixed with another type
..\Libraries\LCP1768_StdPeriph_Driver\source\lpc17xx_i2c.c(750): warning:  #188-D: enumerated type mixed with another type
..\Libraries\LCP1768_StdPeriph_Driver\source\lpc17xx_i2c.c(902): warning:  #188-D: enumerated type mixed with another type
..\Libraries\LCP1768_StdPeriph_Driver\source\lpc17xx_i2c.c(915): warning:  #188-D: enumerated type mixed with another type
..\Libraries\LCP1768_StdPeriph_Driver\source\lpc17xx_i2c.c(952): warning:  #188-D: enumerated type mixed with another type
..\Libraries\LCP1768_StdPeriph_Driver\source\lpc17xx_i2c.c(1162): warning:  #188-D: enumerated type mixed with another type
..\Libraries\LCP1768_StdPeriph_Driver\source\lpc17xx_i2c.c(1186): warning:  #186-D: pointless comparison of unsigned integer with zero
compiling main.c...
..\User\affichagelcd.h(9): warning:  #1-D: last line of file ends without a newline
..\User\main.c(43): warning:  #223-D: function "sprintf" declared implicitly
..\User\main.c(60): warning:  #223-D: function "sprintf" declared implicitly
..\User\main.c(70): warning:  #223-D: function "sprintf" declared implicitly
..\User\main.c(198): warning:  #223-D: function "sprintf" declared implicitly
compiling ili_lcd_general.c...
compiling lcd_api.c...
compiling english_16x8.c...
compiling affichagelcd.c...
compiling touch_panel.c...
..\User\touch\touch_panel.c(17): warning:  #177-D: variable "touch_data_tx" was declared but never referenced
linking...
Program Size: Code=15960 RO-data=1776 RW-data=32 ZI-data=712  
FromELF: creating hex file...
".\Output\Project.axf" - 0 Errors, 16 Warning(s).
Load "D:\\Profils\\nsueur\\Downloads\\lpc1768_project-master\\Project\\Output\\Project.axf" 
Set JLink Project File to "D:\Profils\nsueur\Downloads\lpc1768_project-master\Project\JLinkSettings.ini"
* JLink Info: Device "LPC1768" selected (512 KB flash, 32 KB RAM).
 
JLink info:
------------
DLL: V4.76a, compiled Aug 28 2013 10:48:19
Firmware: J-Link ARM V8 compiled Nov 28 2014 13:44:46
Hardware: V8.00
S/N : 268005940 
OEM : SEGGER-EDU 
Feature(s) : FlashBP, GDB 
 
* JLink Info: TotalIRLen = 4, IRPrint = 0x01
* JLink Info: Found Cortex-M3 r2p0, Little endian.
* JLink Info: FPUnit: 6 code (BP) slots and 2 literal slots
* JLink Info: TPIU fitted.
* JLink Info: ETM fitted.
ROMTableAddr = 0xE00FF003
* JLink Info: Found Cortex-M3 r2p0, Little endian.
**JLink Warning: CPU did not halt after bootloader.
**JLink Warning: CPU did not halt after bootloader.
 
Target info:
------------
Device: LPC1768
VTarget = 3.287V
State of Pins: 
TCK: 1, TDI: 0, TDO: 1, TMS: 0, TRES: 1, TRST: 1
Hardware-Breakpoints: 0
Software-Breakpoints: 8192
Watchpoints:          0
JTAG speed: 2000 kHz
 
Erase Done.
Programming Done.
Verify OK.
*** Note: 'Create Batch File' is active - using 'Rebuild'.
Rebuild target 'Open1786'
assembling startup_LPC17xx.s...
compiling system_LPC17xx.c...
compiling core_cm3.c...
compiling lpc17xx_clkpwr.c...
compiling lpc17xx_gpio.c...
compiling lpc17xx_pinsel.c...
compiling lpc17xx_timer.c...
..\Libraries\LCP1768_StdPeriph_Driver\source\lpc17xx_timer.c(115): warning:  #68-D: integer conversion resulted in a change of sign
compiling lpc17xx_exti.c...
compiling lpc17xx_nvic.c...
compiling lpc17xx_ssp.c...
compiling lpc17xx_i2c.c...
..\Libraries\LCP1768_StdPeriph_Driver\source\lpc17xx_i2c.c(598): warning:  #188-D: enumerated type mixed with another type
..\Libraries\LCP1768_StdPeriph_Driver\source\lpc17xx_i2c.c(695): warning:  #188-D: enumerated type mixed with another type
..\Libraries\LCP1768_StdPeriph_Driver\source\lpc17xx_i2c.c(702): warning:  #188-D: enumerated type mixed with another type
..\Libraries\LCP1768_StdPeriph_Driver\source\lpc17xx_i2c.c(750): warning:  #188-D: enumerated type mixed with another type
..\Libraries\LCP1768_StdPeriph_Driver\source\lpc17xx_i2c.c(902): warning:  #188-D: enumerated type mixed with another type
..\Libraries\LCP1768_StdPeriph_Driver\source\lpc17xx_i2c.c(915): warning:  #188-D: enumerated type mixed with another type
..\Libraries\LCP1768_StdPeriph_Driver\source\lpc17xx_i2c.c(952): warning:  #188-D: enumerated type mixed with another type
..\Libraries\LCP1768_StdPeriph_Driver\source\lpc17xx_i2c.c(1162): warning:  #188-D: enumerated type mixed with another type
..\Libraries\LCP1768_StdPeriph_Driver\source\lpc17xx_i2c.c(1186): warning:  #186-D: pointless comparison of unsigned integer with zero
compiling main.c...
..\User\affichagelcd.h(9): warning:  #1-D: last line of file ends without a newline
..\User\main.c(43): warning:  #223-D: function "sprintf" declared implicitly
..\User\main.c(60): warning:  #223-D: function "sprintf" declared implicitly
..\User\main.c(70): warning:  #223-D: function "sprintf" declared implicitly
..\User\main.c(198): warning:  #223-D: function "sprintf" declared implicitly
compiling ili_lcd_general.c...
compiling lcd_api.c...
compiling english_16x8.c...
compiling affichagelcd.c...
compiling touch_panel.c...
..\User\touch\touch_panel.c(17): warning:  #177-D: variable "touch_data_tx" was declared but never referenced
linking...
Program Size: Code=15964 RO-data=1776 RW-data=32 ZI-data=712  
FromELF: creating hex file...
".\Output\Project.axf" - 0 Errors, 16 Warning(s).
Load "D:\\Profils\\nsueur\\Downloads\\lpc1768_project-master\\Project\\Output\\Project.axf" 
Set JLink Project File to "D:\Profils\nsueur\Downloads\lpc1768_project-master\Project\JLinkSettings.ini"
* JLink Info: Device "LPC1768" selected (512 KB flash, 32 KB RAM).
 
JLink info:
------------
DLL: V4.76a, compiled Aug 28 2013 10:48:19
Firmware: J-Link ARM V8 compiled Nov 28 2014 13:44:46
Hardware: V8.00
S/N : 268005940 
OEM : SEGGER-EDU 
Feature(s) : FlashBP, GDB 
 
* JLink Info: TotalIRLen = 4, IRPrint = 0x01
* JLink Info: Found Cortex-M3 r2p0, Little endian.
* JLink Info: FPUnit: 6 code (BP) slots and 2 literal slots
* JLink Info: TPIU fitted.
* JLink Info: ETM fitted.
ROMTableAddr = 0xE00FF003
* JLink Info: Found Cortex-M3 r2p0, Little endian.
**JLink Warning: CPU did not halt after bootloader.
**JLink Warning: CPU did not halt after bootloader.
 
Target info:
------------
Device: LPC1768
VTarget = 3.293V
State of Pins: 
TCK: 1, TDI: 0, TDO: 1, TMS: 0, TRES: 1, TRST: 1
Hardware-Breakpoints: 0
Software-Breakpoints: 8192
Watchpoints:          0
JTAG speed: 2000 kHz
 
Erase Done.
Programming Done.
Verify OK.
*** Note: 'Create Batch File' is active - using 'Rebuild'.
Rebuild target 'Open1786'
assembling startup_LPC17xx.s...
compiling system_LPC17xx.c...
compiling core_cm3.c...
compiling lpc17xx_clkpwr.c...
compiling lpc17xx_gpio.c...
compiling lpc17xx_pinsel.c...
compiling lpc17xx_timer.c...
..\Libraries\LCP1768_StdPeriph_Driver\source\lpc17xx_timer.c(115): warning:  #68-D: integer conversion resulted in a change of sign
compiling lpc17xx_exti.c...
compiling lpc17xx_nvic.c...
compiling lpc17xx_ssp.c...
compiling lpc17xx_i2c.c...
..\Libraries\LCP1768_StdPeriph_Driver\source\lpc17xx_i2c.c(598): warning:  #188-D: enumerated type mixed with another type
..\Libraries\LCP1768_StdPeriph_Driver\source\lpc17xx_i2c.c(695): warning:  #188-D: enumerated type mixed with another type
..\Libraries\LCP1768_StdPeriph_Driver\source\lpc17xx_i2c.c(702): warning:  #188-D: enumerated type mixed with another type
..\Libraries\LCP1768_StdPeriph_Driver\source\lpc17xx_i2c.c(750): warning:  #188-D: enumerated type mixed with another type
..\Libraries\LCP1768_StdPeriph_Driver\source\lpc17xx_i2c.c(902): warning:  #188-D: enumerated type mixed with another type
..\Libraries\LCP1768_StdPeriph_Driver\source\lpc17xx_i2c.c(915): warning:  #188-D: enumerated type mixed with another type
..\Libraries\LCP1768_StdPeriph_Driver\source\lpc17xx_i2c.c(952): warning:  #188-D: enumerated type mixed with another type
..\Libraries\LCP1768_StdPeriph_Driver\source\lpc17xx_i2c.c(1162): warning:  #188-D: enumerated type mixed with another type
..\Libraries\LCP1768_StdPeriph_Driver\source\lpc17xx_i2c.c(1186): warning:  #186-D: pointless comparison of unsigned integer with zero
compiling main.c...
..\User\affichagelcd.h(9): warning:  #1-D: last line of file ends without a newline
..\User\main.c(43): warning:  #223-D: function "sprintf" declared implicitly
..\User\main.c(60): warning:  #223-D: function "sprintf" declared implicitly
..\User\main.c(70): warning:  #223-D: function "sprintf" declared implicitly
..\User\main.c(198): warning:  #223-D: function "sprintf" declared implicitly
..\User\main.c(256): warning:  #167-D: argument of type "uint8_t *" is incompatible with parameter of type "char *"
compiling ili_lcd_general.c...
compiling lcd_api.c...
compiling english_16x8.c...
compiling affichagelcd.c...
compiling touch_panel.c...
..\User\touch\touch_panel.c(17): warning:  #177-D: variable "touch_data_tx" was declared but never referenced
linking...
Program Size: Code=15996 RO-data=1776 RW-data=32 ZI-data=712  
FromELF: creating hex file...
".\Output\Project.axf" - 0 Errors, 17 Warning(s).
Load "D:\\Profils\\nsueur\\Downloads\\lpc1768_project-master\\Project\\Output\\Project.axf" 
Set JLink Project File to "D:\Profils\nsueur\Downloads\lpc1768_project-master\Project\JLinkSettings.ini"
* JLink Info: Device "LPC1768" selected (512 KB flash, 32 KB RAM).
 
JLink info:
------------
DLL: V4.76a, compiled Aug 28 2013 10:48:19
Firmware: J-Link ARM V8 compiled Nov 28 2014 13:44:46
Hardware: V8.00
S/N : 268005940 
OEM : SEGGER-EDU 
Feature(s) : FlashBP, GDB 
 
* JLink Info: TotalIRLen = 4, IRPrint = 0x01
* JLink Info: Found Cortex-M3 r2p0, Little endian.
* JLink Info: FPUnit: 6 code (BP) slots and 2 literal slots
* JLink Info: TPIU fitted.
* JLink Info: ETM fitted.
ROMTableAddr = 0xE00FF003
* JLink Info: Found Cortex-M3 r2p0, Little endian.
**JLink Warning: CPU did not halt after bootloader.
**JLink Warning: CPU did not halt after bootloader.
 
Target info:
------------
Device: LPC1768
VTarget = 3.293V
State of Pins: 
TCK: 1, TDI: 0, TDO: 1, TMS: 0, TRES: 1, TRST: 1
Hardware-Breakpoints: 0
Software-Breakpoints: 8192
Watchpoints:          0
JTAG speed: 2000 kHz
 
Erase Done.
Programming Done.
Verify OK.
*** Note: 'Create Batch File' is active - using 'Rebuild'.
Rebuild target 'Open1786'
assembling startup_LPC17xx.s...
compiling system_LPC17xx.c...
compiling core_cm3.c...
compiling lpc17xx_clkpwr.c...
compiling lpc17xx_gpio.c...
compiling lpc17xx_pinsel.c...
compiling lpc17xx_timer.c...
..\Libraries\LCP1768_StdPeriph_Driver\source\lpc17xx_timer.c(115): warning:  #68-D: integer conversion resulted in a change of sign
compiling lpc17xx_exti.c...
compiling lpc17xx_nvic.c...
compiling lpc17xx_ssp.c...
compiling lpc17xx_i2c.c...
..\Libraries\LCP1768_StdPeriph_Driver\source\lpc17xx_i2c.c(598): warning:  #188-D: enumerated type mixed with another type
..\Libraries\LCP1768_StdPeriph_Driver\source\lpc17xx_i2c.c(695): warning:  #188-D: enumerated type mixed with another type
..\Libraries\LCP1768_StdPeriph_Driver\source\lpc17xx_i2c.c(702): warning:  #188-D: enumerated type mixed with another type
..\Libraries\LCP1768_StdPeriph_Driver\source\lpc17xx_i2c.c(750): warning:  #188-D: enumerated type mixed with another type
..\Libraries\LCP1768_StdPeriph_Driver\source\lpc17xx_i2c.c(902): warning:  #188-D: enumerated type mixed with another type
..\Libraries\LCP1768_StdPeriph_Driver\source\lpc17xx_i2c.c(915): warning:  #188-D: enumerated type mixed with another type
..\Libraries\LCP1768_StdPeriph_Driver\source\lpc17xx_i2c.c(952): warning:  #188-D: enumerated type mixed with another type
..\Libraries\LCP1768_StdPeriph_Driver\source\lpc17xx_i2c.c(1162): warning:  #188-D: enumerated type mixed with another type
..\Libraries\LCP1768_StdPeriph_Driver\source\lpc17xx_i2c.c(1186): warning:  #186-D: pointless comparison of unsigned integer with zero
compiling main.c...
..\User\affichagelcd.h(9): warning:  #1-D: last line of file ends without a newline
..\User\main.c(43): warning:  #223-D: function "sprintf" declared implicitly
..\User\main.c(60): warning:  #223-D: function "sprintf" declared implicitly
..\User\main.c(70): warning:  #223-D: function "sprintf" declared implicitly
..\User\main.c(198): warning:  #223-D: function "sprintf" declared implicitly
..\User\main.c(256): warning:  #167-D: argument of type "uint8_t *" is incompatible with parameter of type "char *"
compiling ili_lcd_general.c...
compiling lcd_api.c...
compiling english_16x8.c...
compiling affichagelcd.c...
compiling touch_panel.c...
..\User\touch\touch_panel.c(17): warning:  #177-D: variable "touch_data_tx" was declared but never referenced
linking...
Program Size: Code=15996 RO-data=1776 RW-data=32 ZI-data=712  
FromELF: creating hex file...
".\Output\Project.axf" - 0 Errors, 17 Warning(s).
Load "D:\\Profils\\nsueur\\Downloads\\lpc1768_project-master\\Project\\Output\\Project.axf" 
Set JLink Project File to "D:\Profils\nsueur\Downloads\lpc1768_project-master\Project\JLinkSettings.ini"
* JLink Info: Device "LPC1768" selected (512 KB flash, 32 KB RAM).
 
JLink info:
------------
DLL: V4.76a, compiled Aug 28 2013 10:48:19
Firmware: J-Link ARM V8 compiled Nov 28 2014 13:44:46
Hardware: V8.00
S/N : 268005940 
OEM : SEGGER-EDU 
Feature(s) : FlashBP, GDB 
 
* JLink Info: TotalIRLen = 4, IRPrint = 0x01
* JLink Info: Found Cortex-M3 r2p0, Little endian.
* JLink Info: FPUnit: 6 code (BP) slots and 2 literal slots
* JLink Info: TPIU fitted.
* JLink Info: ETM fitted.
ROMTableAddr = 0xE00FF003
* JLink Info: Found Cortex-M3 r2p0, Little endian.
**JLink Warning: CPU did not halt after bootloader.
**JLink Warning: CPU did not halt after bootloader.
 
Target info:
------------
Device: LPC1768
VTarget = 3.293V
State of Pins: 
TCK: 1, TDI: 0, TDO: 1, TMS: 0, TRES: 1, TRST: 1
Hardware-Breakpoints: 0
Software-Breakpoints: 8192
Watchpoints:          0
JTAG speed: 2000 kHz
 
Erase Done.
Programming Done.
Verify OK.
*** Note: 'Create Batch File' is active - using 'Rebuild'.
Rebuild target 'Open1786'
assembling startup_LPC17xx.s...
compiling system_LPC17xx.c...
compiling core_cm3.c...
compiling lpc17xx_clkpwr.c...
compiling lpc17xx_gpio.c...
compiling lpc17xx_pinsel.c...
compiling lpc17xx_timer.c...
..\Libraries\LCP1768_StdPeriph_Driver\source\lpc17xx_timer.c(115): warning:  #68-D: integer conversion resulted in a change of sign
compiling lpc17xx_exti.c...
compiling lpc17xx_nvic.c...
compiling lpc17xx_ssp.c...
compiling lpc17xx_i2c.c...
..\Libraries\LCP1768_StdPeriph_Driver\source\lpc17xx_i2c.c(598): warning:  #188-D: enumerated type mixed with another type
..\Libraries\LCP1768_StdPeriph_Driver\source\lpc17xx_i2c.c(695): warning:  #188-D: enumerated type mixed with another type
..\Libraries\LCP1768_StdPeriph_Driver\source\lpc17xx_i2c.c(702): warning:  #188-D: enumerated type mixed with another type
..\Libraries\LCP1768_StdPeriph_Driver\source\lpc17xx_i2c.c(750): warning:  #188-D: enumerated type mixed with another type
..\Libraries\LCP1768_StdPeriph_Driver\source\lpc17xx_i2c.c(902): warning:  #188-D: enumerated type mixed with another type
..\Libraries\LCP1768_StdPeriph_Driver\source\lpc17xx_i2c.c(915): warning:  #188-D: enumerated type mixed with another type
..\Libraries\LCP1768_StdPeriph_Driver\source\lpc17xx_i2c.c(952): warning:  #188-D: enumerated type mixed with another type
..\Libraries\LCP1768_StdPeriph_Driver\source\lpc17xx_i2c.c(1162): warning:  #188-D: enumerated type mixed with another type
..\Libraries\LCP1768_StdPeriph_Driver\source\lpc17xx_i2c.c(1186): warning:  #186-D: pointless comparison of unsigned integer with zero
compiling main.c...
..\User\affichagelcd.h(9): warning:  #1-D: last line of file ends without a newline
..\User\main.c(43): warning:  #223-D: function "sprintf" declared implicitly
..\User\main.c(60): warning:  #223-D: function "sprintf" declared implicitly
..\User\main.c(70): warning:  #223-D: function "sprintf" declared implicitly
..\User\main.c(198): warning:  #223-D: function "sprintf" declared implicitly
..\User\main.c(256): warning:  #167-D: argument of type "uint8_t *" is incompatible with parameter of type "char *"
compiling ili_lcd_general.c...
compiling lcd_api.c...
compiling english_16x8.c...
compiling affichagelcd.c...
compiling touch_panel.c...
..\User\touch\touch_panel.c(17): warning:  #177-D: variable "touch_data_tx" was declared but never referenced
linking...
Program Size: Code=15996 RO-data=1776 RW-data=32 ZI-data=712  
FromELF: creating hex file...
".\Output\Project.axf" - 0 Errors, 17 Warning(s).
Load "D:\\Profils\\nsueur\\Downloads\\lpc1768_project-master\\Project\\Output\\Project.axf" 
Set JLink Project File to "D:\Profils\nsueur\Downloads\lpc1768_project-master\Project\JLinkSettings.ini"
* JLink Info: Device "LPC1768" selected (512 KB flash, 32 KB RAM).
 
JLink info:
------------
DLL: V4.76a, compiled Aug 28 2013 10:48:19
Firmware: J-Link ARM V8 compiled Nov 28 2014 13:44:46
Hardware: V8.00
S/N : 268005940 
OEM : SEGGER-EDU 
Feature(s) : FlashBP, GDB 
 
* JLink Info: TotalIRLen = 4, IRPrint = 0x01
* JLink Info: Found Cortex-M3 r2p0, Little endian.
* JLink Info: FPUnit: 6 code (BP) slots and 2 literal slots
* JLink Info: TPIU fitted.
* JLink Info: ETM fitted.
ROMTableAddr = 0xE00FF003
* JLink Info: Found Cortex-M3 r2p0, Little endian.
**JLink Warning: CPU did not halt after bootloader.
**JLink Warning: CPU did not halt after bootloader.
 
Target info:
------------
Device: LPC1768
VTarget = 3.293V
State of Pins: 
TCK: 1, TDI: 0, TDO: 1, TMS: 0, TRES: 1, TRST: 1
Hardware-Breakpoints: 0
Software-Breakpoints: 8192
Watchpoints:          0
JTAG speed: 2000 kHz
 
Erase Done.
Programming Done.
Verify OK.
*** Note: 'Create Batch File' is active - using 'Rebuild'.
Rebuild target 'Open1786'
assembling startup_LPC17xx.s...
compiling system_LPC17xx.c...
compiling core_cm3.c...
compiling lpc17xx_clkpwr.c...
compiling lpc17xx_gpio.c...
compiling lpc17xx_pinsel.c...
compiling lpc17xx_timer.c...
..\Libraries\LCP1768_StdPeriph_Driver\source\lpc17xx_timer.c(115): warning:  #68-D: integer conversion resulted in a change of sign
compiling lpc17xx_exti.c...
compiling lpc17xx_nvic.c...
compiling lpc17xx_ssp.c...
compiling lpc17xx_i2c.c...
..\Libraries\LCP1768_StdPeriph_Driver\source\lpc17xx_i2c.c(598): warning:  #188-D: enumerated type mixed with another type
..\Libraries\LCP1768_StdPeriph_Driver\source\lpc17xx_i2c.c(695): warning:  #188-D: enumerated type mixed with another type
..\Libraries\LCP1768_StdPeriph_Driver\source\lpc17xx_i2c.c(702): warning:  #188-D: enumerated type mixed with another type
..\Libraries\LCP1768_StdPeriph_Driver\source\lpc17xx_i2c.c(750): warning:  #188-D: enumerated type mixed with another type
..\Libraries\LCP1768_StdPeriph_Driver\source\lpc17xx_i2c.c(902): warning:  #188-D: enumerated type mixed with another type
..\Libraries\LCP1768_StdPeriph_Driver\source\lpc17xx_i2c.c(915): warning:  #188-D: enumerated type mixed with another type
..\Libraries\LCP1768_StdPeriph_Driver\source\lpc17xx_i2c.c(952): warning:  #188-D: enumerated type mixed with another type
..\Libraries\LCP1768_StdPeriph_Driver\source\lpc17xx_i2c.c(1162): warning:  #188-D: enumerated type mixed with another type
..\Libraries\LCP1768_StdPeriph_Driver\source\lpc17xx_i2c.c(1186): warning:  #186-D: pointless comparison of unsigned integer with zero
compiling main.c...
..\User\affichagelcd.h(9): warning:  #1-D: last line of file ends without a newline
..\User\main.c(46): warning:  #223-D: function "sprintf" declared implicitly
..\User\main.c(63): warning:  #223-D: function "sprintf" declared implicitly
..\User\main.c(73): warning:  #223-D: function "sprintf" declared implicitly
..\User\main.c(201): warning:  #223-D: function "sprintf" declared implicitly
..\User\main.c(258): warning:  #167-D: argument of type "uint8_t *" is incompatible with parameter of type "char *"
compiling ili_lcd_general.c...
compiling lcd_api.c...
compiling english_16x8.c...
compiling affichagelcd.c...
compiling touch_panel.c...
..\User\touch\touch_panel.c(17): warning:  #177-D: variable "touch_data_tx" was declared but never referenced
linking...
Program Size: Code=16000 RO-data=1776 RW-data=32 ZI-data=712  
FromELF: creating hex file...
".\Output\Project.axf" - 0 Errors, 17 Warning(s).
Load "D:\\Profils\\nsueur\\Downloads\\lpc1768_project-master\\Project\\Output\\Project.axf" 
Set JLink Project File to "D:\Profils\nsueur\Downloads\lpc1768_project-master\Project\JLinkSettings.ini"
* JLink Info: Device "LPC1768" selected (512 KB flash, 32 KB RAM).
 
JLink info:
------------
DLL: V4.76a, compiled Aug 28 2013 10:48:19
Firmware: J-Link ARM V8 compiled Nov 28 2014 13:44:46
Hardware: V8.00
S/N : 268005940 
OEM : SEGGER-EDU 
Feature(s) : FlashBP, GDB 
 
* JLink Info: TotalIRLen = 4, IRPrint = 0x01
* JLink Info: Found Cortex-M3 r2p0, Little endian.
* JLink Info: FPUnit: 6 code (BP) slots and 2 literal slots
* JLink Info: TPIU fitted.
* JLink Info: ETM fitted.
ROMTableAddr = 0xE00FF003
* JLink Info: Found Cortex-M3 r2p0, Little endian.
**JLink Warning: CPU did not halt after bootloader.
**JLink Warning: CPU did not halt after bootloader.
 
Target info:
------------
Device: LPC1768
VTarget = 3.293V
State of Pins: 
TCK: 1, TDI: 0, TDO: 1, TMS: 0, TRES: 1, TRST: 1
Hardware-Breakpoints: 0
Software-Breakpoints: 8192
Watchpoints:          0
JTAG speed: 2000 kHz
 
Erase Done.
Programming Done.
Verify OK.
*** Note: 'Create Batch File' is active - using 'Rebuild'.
Rebuild target 'Open1786'
assembling startup_LPC17xx.s...
compiling system_LPC17xx.c...
compiling core_cm3.c...
compiling lpc17xx_clkpwr.c...
compiling lpc17xx_gpio.c...
compiling lpc17xx_pinsel.c...
compiling lpc17xx_timer.c...
..\Libraries\LCP1768_StdPeriph_Driver\source\lpc17xx_timer.c(115): warning:  #68-D: integer conversion resulted in a change of sign
compiling lpc17xx_exti.c...
compiling lpc17xx_nvic.c...
compiling lpc17xx_ssp.c...
compiling lpc17xx_i2c.c...
..\Libraries\LCP1768_StdPeriph_Driver\source\lpc17xx_i2c.c(598): warning:  #188-D: enumerated type mixed with another type
..\Libraries\LCP1768_StdPeriph_Driver\source\lpc17xx_i2c.c(695): warning:  #188-D: enumerated type mixed with another type
..\Libraries\LCP1768_StdPeriph_Driver\source\lpc17xx_i2c.c(702): warning:  #188-D: enumerated type mixed with another type
..\Libraries\LCP1768_StdPeriph_Driver\source\lpc17xx_i2c.c(750): warning:  #188-D: enumerated type mixed with another type
..\Libraries\LCP1768_StdPeriph_Driver\source\lpc17xx_i2c.c(902): warning:  #188-D: enumerated type mixed with another type
..\Libraries\LCP1768_StdPeriph_Driver\source\lpc17xx_i2c.c(915): warning:  #188-D: enumerated type mixed with another type
..\Libraries\LCP1768_StdPeriph_Driver\source\lpc17xx_i2c.c(952): warning:  #188-D: enumerated type mixed with another type
..\Libraries\LCP1768_StdPeriph_Driver\source\lpc17xx_i2c.c(1162): warning:  #188-D: enumerated type mixed with another type
..\Libraries\LCP1768_StdPeriph_Driver\source\lpc17xx_i2c.c(1186): warning:  #186-D: pointless comparison of unsigned integer with zero
compiling main.c...
..\User\affichagelcd.h(9): warning:  #1-D: last line of file ends without a newline
..\User\main.c(46): warning:  #223-D: function "sprintf" declared implicitly
..\User\main.c(63): warning:  #223-D: function "sprintf" declared implicitly
..\User\main.c(73): warning:  #223-D: function "sprintf" declared implicitly
..\User\main.c(201): warning:  #223-D: function "sprintf" declared implicitly
..\User\main.c(258): warning:  #167-D: argument of type "uint8_t *" is incompatible with parameter of type "char *"
compiling ili_lcd_general.c...
compiling lcd_api.c...
compiling english_16x8.c...
compiling affichagelcd.c...
compiling touch_panel.c...
..\User\touch\touch_panel.c(17): warning:  #177-D: variable "touch_data_tx" was declared but never referenced
linking...
Program Size: Code=16000 RO-data=1776 RW-data=32 ZI-data=712  
FromELF: creating hex file...
".\Output\Project.axf" - 0 Errors, 17 Warning(s).
Load "D:\\Profils\\nsueur\\Downloads\\lpc1768_project-master\\Project\\Output\\Project.axf" 
Set JLink Project File to "D:\Profils\nsueur\Downloads\lpc1768_project-master\Project\JLinkSettings.ini"
* JLink Info: Device "LPC1768" selected (512 KB flash, 32 KB RAM).
 
JLink info:
------------
DLL: V4.76a, compiled Aug 28 2013 10:48:19
Firmware: J-Link ARM V8 compiled Nov 28 2014 13:44:46
Hardware: V8.00
S/N : 268005940 
OEM : SEGGER-EDU 
Feature(s) : FlashBP, GDB 
 
* JLink Info: TotalIRLen = 4, IRPrint = 0x01
* JLink Info: Found Cortex-M3 r2p0, Little endian.
* JLink Info: FPUnit: 6 code (BP) slots and 2 literal slots
* JLink Info: TPIU fitted.
* JLink Info: ETM fitted.
ROMTableAddr = 0xE00FF003
* JLink Info: Found Cortex-M3 r2p0, Little endian.
**JLink Warning: CPU did not halt after bootloader.
**JLink Warning: CPU did not halt after bootloader.
 
Target info:
------------
Device: LPC1768
VTarget = 3.293V
State of Pins: 
TCK: 1, TDI: 0, TDO: 1, TMS: 0, TRES: 1, TRST: 1
Hardware-Breakpoints: 0
Software-Breakpoints: 8192
Watchpoints:          0
JTAG speed: 2000 kHz
 
Erase Done.
Programming Done.
Verify OK.
*** Note: 'Create Batch File' is active - using 'Rebuild'.
Rebuild target 'Open1786'
assembling startup_LPC17xx.s...
compiling system_LPC17xx.c...
compiling core_cm3.c...
compiling lpc17xx_clkpwr.c...
compiling lpc17xx_gpio.c...
compiling lpc17xx_pinsel.c...
compiling lpc17xx_timer.c...
..\Libraries\LCP1768_StdPeriph_Driver\source\lpc17xx_timer.c(115): warning:  #68-D: integer conversion resulted in a change of sign
compiling lpc17xx_exti.c...
compiling lpc17xx_nvic.c...
compiling lpc17xx_ssp.c...
compiling lpc17xx_i2c.c...
..\Libraries\LCP1768_StdPeriph_Driver\source\lpc17xx_i2c.c(598): warning:  #188-D: enumerated type mixed with another type
..\Libraries\LCP1768_StdPeriph_Driver\source\lpc17xx_i2c.c(695): warning:  #188-D: enumerated type mixed with another type
..\Libraries\LCP1768_StdPeriph_Driver\source\lpc17xx_i2c.c(702): warning:  #188-D: enumerated type mixed with another type
..\Libraries\LCP1768_StdPeriph_Driver\source\lpc17xx_i2c.c(750): warning:  #188-D: enumerated type mixed with another type
..\Libraries\LCP1768_StdPeriph_Driver\source\lpc17xx_i2c.c(902): warning:  #188-D: enumerated type mixed with another type
..\Libraries\LCP1768_StdPeriph_Driver\source\lpc17xx_i2c.c(915): warning:  #188-D: enumerated type mixed with another type
..\Libraries\LCP1768_StdPeriph_Driver\source\lpc17xx_i2c.c(952): warning:  #188-D: enumerated type mixed with another type
..\Libraries\LCP1768_StdPeriph_Driver\source\lpc17xx_i2c.c(1162): warning:  #188-D: enumerated type mixed with another type
..\Libraries\LCP1768_StdPeriph_Driver\source\lpc17xx_i2c.c(1186): warning:  #186-D: pointless comparison of unsigned integer with zero
compiling main.c...
..\User\affichagelcd.h(9): warning:  #1-D: last line of file ends without a newline
..\User\main.c(46): warning:  #223-D: function "sprintf" declared implicitly
..\User\main.c(63): warning:  #223-D: function "sprintf" declared implicitly
..\User\main.c(73): warning:  #223-D: function "sprintf" declared implicitly
..\User\main.c(201): warning:  #223-D: function "sprintf" declared implicitly
..\User\main.c(246): warning:  #177-D: variable "tabDataResult" was declared but never referenced
compiling ili_lcd_general.c...
compiling lcd_api.c...
compiling english_16x8.c...
compiling affichagelcd.c...
compiling touch_panel.c...
..\User\touch\touch_panel.c(17): warning:  #177-D: variable "touch_data_tx" was declared but never referenced
linking...
Program Size: Code=15980 RO-data=1776 RW-data=32 ZI-data=712  
FromELF: creating hex file...
".\Output\Project.axf" - 0 Errors, 17 Warning(s).
Load "D:\\Profils\\nsueur\\Downloads\\lpc1768_project-master\\Project\\Output\\Project.axf" 
Set JLink Project File to "D:\Profils\nsueur\Downloads\lpc1768_project-master\Project\JLinkSettings.ini"
* JLink Info: Device "LPC1768" selected (512 KB flash, 32 KB RAM).
 
JLink info:
------------
DLL: V4.76a, compiled Aug 28 2013 10:48:19
Firmware: J-Link ARM V8 compiled Nov 28 2014 13:44:46
Hardware: V8.00
S/N : 268005940 
OEM : SEGGER-EDU 
Feature(s) : FlashBP, GDB 
 
* JLink Info: TotalIRLen = 4, IRPrint = 0x01
* JLink Info: Found Cortex-M3 r2p0, Little endian.
* JLink Info: FPUnit: 6 code (BP) slots and 2 literal slots
* JLink Info: TPIU fitted.
* JLink Info: ETM fitted.
ROMTableAddr = 0xE00FF003
* JLink Info: Found Cortex-M3 r2p0, Little endian.
**JLink Warning: CPU did not halt after bootloader.
**JLink Warning: CPU did not halt after bootloader.
 
Target info:
------------
Device: LPC1768
VTarget = 3.293V
State of Pins: 
TCK: 1, TDI: 0, TDO: 1, TMS: 0, TRES: 1, TRST: 1
Hardware-Breakpoints: 0
Software-Breakpoints: 8192
Watchpoints:          0
JTAG speed: 2000 kHz
 
Erase Done.
Programming Done.
Verify OK.
*** Note: 'Create Batch File' is active - using 'Rebuild'.
Rebuild target 'Open1786'
assembling startup_LPC17xx.s...
compiling system_LPC17xx.c...
compiling core_cm3.c...
compiling lpc17xx_clkpwr.c...
compiling lpc17xx_gpio.c...
compiling lpc17xx_pinsel.c...
compiling lpc17xx_timer.c...
..\Libraries\LCP1768_StdPeriph_Driver\source\lpc17xx_timer.c(115): warning:  #68-D: integer conversion resulted in a change of sign
compiling lpc17xx_exti.c...
compiling lpc17xx_nvic.c...
compiling lpc17xx_ssp.c...
compiling lpc17xx_i2c.c...
..\Libraries\LCP1768_StdPeriph_Driver\source\lpc17xx_i2c.c(598): warning:  #188-D: enumerated type mixed with another type
..\Libraries\LCP1768_StdPeriph_Driver\source\lpc17xx_i2c.c(695): warning:  #188-D: enumerated type mixed with another type
..\Libraries\LCP1768_StdPeriph_Driver\source\lpc17xx_i2c.c(702): warning:  #188-D: enumerated type mixed with another type
..\Libraries\LCP1768_StdPeriph_Driver\source\lpc17xx_i2c.c(750): warning:  #188-D: enumerated type mixed with another type
..\Libraries\LCP1768_StdPeriph_Driver\source\lpc17xx_i2c.c(902): warning:  #188-D: enumerated type mixed with another type
..\Libraries\LCP1768_StdPeriph_Driver\source\lpc17xx_i2c.c(915): warning:  #188-D: enumerated type mixed with another type
..\Libraries\LCP1768_StdPeriph_Driver\source\lpc17xx_i2c.c(952): warning:  #188-D: enumerated type mixed with another type
..\Libraries\LCP1768_StdPeriph_Driver\source\lpc17xx_i2c.c(1162): warning:  #188-D: enumerated type mixed with another type
..\Libraries\LCP1768_StdPeriph_Driver\source\lpc17xx_i2c.c(1186): warning:  #186-D: pointless comparison of unsigned integer with zero
compiling main.c...
..\User\affichagelcd.h(9): warning:  #1-D: last line of file ends without a newline
..\User\main.c(46): warning:  #223-D: function "sprintf" declared implicitly
..\User\main.c(63): warning:  #223-D: function "sprintf" declared implicitly
..\User\main.c(73): warning:  #223-D: function "sprintf" declared implicitly
..\User\main.c(201): warning:  #223-D: function "sprintf" declared implicitly
compiling ili_lcd_general.c...
compiling lcd_api.c...
compiling english_16x8.c...
compiling affichagelcd.c...
compiling touch_panel.c...
..\User\touch\touch_panel.c(17): warning:  #177-D: variable "touch_data_tx" was declared but never referenced
linking...
Program Size: Code=15984 RO-data=1776 RW-data=32 ZI-data=712  
FromELF: creating hex file...
".\Output\Project.axf" - 0 Errors, 16 Warning(s).
*** Note: 'Create Batch File' is active - using 'Rebuild'.
Rebuild target 'Open1786'
assembling startup_LPC17xx.s...
compiling system_LPC17xx.c...
compiling core_cm3.c...
compiling lpc17xx_clkpwr.c...
compiling lpc17xx_gpio.c...
compiling lpc17xx_pinsel.c...
compiling lpc17xx_timer.c...
..\Libraries\LCP1768_StdPeriph_Driver\source\lpc17xx_timer.c(115): warning:  #68-D: integer conversion resulted in a change of sign
compiling lpc17xx_exti.c...
compiling lpc17xx_nvic.c...
compiling lpc17xx_ssp.c...
compiling lpc17xx_i2c.c...
..\Libraries\LCP1768_StdPeriph_Driver\source\lpc17xx_i2c.c(598): warning:  #188-D: enumerated type mixed with another type
..\Libraries\LCP1768_StdPeriph_Driver\source\lpc17xx_i2c.c(695): warning:  #188-D: enumerated type mixed with another type
..\Libraries\LCP1768_StdPeriph_Driver\source\lpc17xx_i2c.c(702): warning:  #188-D: enumerated type mixed with another type
..\Libraries\LCP1768_StdPeriph_Driver\source\lpc17xx_i2c.c(750): warning:  #188-D: enumerated type mixed with another type
..\Libraries\LCP1768_StdPeriph_Driver\source\lpc17xx_i2c.c(902): warning:  #188-D: enumerated type mixed with another type
..\Libraries\LCP1768_StdPeriph_Driver\source\lpc17xx_i2c.c(915): warning:  #188-D: enumerated type mixed with another type
..\Libraries\LCP1768_StdPeriph_Driver\source\lpc17xx_i2c.c(952): warning:  #188-D: enumerated type mixed with another type
..\Libraries\LCP1768_StdPeriph_Driver\source\lpc17xx_i2c.c(1162): warning:  #188-D: enumerated type mixed with another type
..\Libraries\LCP1768_StdPeriph_Driver\source\lpc17xx_i2c.c(1186): warning:  #186-D: pointless comparison of unsigned integer with zero
compiling main.c...
..\User\affichagelcd.h(9): warning:  #1-D: last line of file ends without a newline
..\User\main.c(46): warning:  #223-D: function "sprintf" declared implicitly
..\User\main.c(63): warning:  #223-D: function "sprintf" declared implicitly
..\User\main.c(73): warning:  #223-D: function "sprintf" declared implicitly
..\User\main.c(201): warning:  #223-D: function "sprintf" declared implicitly
compiling ili_lcd_general.c...
compiling lcd_api.c...
compiling english_16x8.c...
compiling affichagelcd.c...
compiling touch_panel.c...
..\User\touch\touch_panel.c(17): warning:  #177-D: variable "touch_data_tx" was declared but never referenced
linking...
Program Size: Code=15984 RO-data=1776 RW-data=32 ZI-data=712  
FromELF: creating hex file...
".\Output\Project.axf" - 0 Errors, 16 Warning(s).
Load "D:\\Profils\\nsueur\\Downloads\\lpc1768_project-master\\Project\\Output\\Project.axf" 
Set JLink Project File to "D:\Profils\nsueur\Downloads\lpc1768_project-master\Project\JLinkSettings.ini"
* JLink Info: Device "LPC1768" selected (512 KB flash, 32 KB RAM).
 
JLink info:
------------
DLL: V4.76a, compiled Aug 28 2013 10:48:19
Firmware: J-Link ARM V8 compiled Nov 28 2014 13:44:46
Hardware: V8.00
S/N : 268005940 
OEM : SEGGER-EDU 
Feature(s) : FlashBP, GDB 
 
* JLink Info: TotalIRLen = 4, IRPrint = 0x01
* JLink Info: Found Cortex-M3 r2p0, Little endian.
* JLink Info: FPUnit: 6 code (BP) slots and 2 literal slots
* JLink Info: TPIU fitted.
* JLink Info: ETM fitted.
ROMTableAddr = 0xE00FF003
* JLink Info: Found Cortex-M3 r2p0, Little endian.
**JLink Warning: CPU did not halt after bootloader.
**JLink Warning: CPU did not halt after bootloader.
 
Target info:
------------
Device: LPC1768
VTarget = 3.293V
State of Pins: 
TCK: 1, TDI: 0, TDO: 1, TMS: 0, TRES: 1, TRST: 1
Hardware-Breakpoints: 0
Software-Breakpoints: 8192
Watchpoints:          0
JTAG speed: 2000 kHz
 
Erase Done.
Programming Done.
Verify OK.
*** Note: 'Create Batch File' is active - using 'Rebuild'.
Rebuild target 'Open1786'
assembling startup_LPC17xx.s...
compiling system_LPC17xx.c...
compiling core_cm3.c...
compiling lpc17xx_clkpwr.c...
compiling lpc17xx_gpio.c...
compiling lpc17xx_pinsel.c...
compiling lpc17xx_timer.c...
..\Libraries\LCP1768_StdPeriph_Driver\source\lpc17xx_timer.c(115): warning:  #68-D: integer conversion resulted in a change of sign
compiling lpc17xx_exti.c...
compiling lpc17xx_nvic.c...
compiling lpc17xx_ssp.c...
compiling lpc17xx_i2c.c...
..\Libraries\LCP1768_StdPeriph_Driver\source\lpc17xx_i2c.c(598): warning:  #188-D: enumerated type mixed with another type
..\Libraries\LCP1768_StdPeriph_Driver\source\lpc17xx_i2c.c(695): warning:  #188-D: enumerated type mixed with another type
..\Libraries\LCP1768_StdPeriph_Driver\source\lpc17xx_i2c.c(702): warning:  #188-D: enumerated type mixed with another type
..\Libraries\LCP1768_StdPeriph_Driver\source\lpc17xx_i2c.c(750): warning:  #188-D: enumerated type mixed with another type
..\Libraries\LCP1768_StdPeriph_Driver\source\lpc17xx_i2c.c(902): warning:  #188-D: enumerated type mixed with another type
..\Libraries\LCP1768_StdPeriph_Driver\source\lpc17xx_i2c.c(915): warning:  #188-D: enumerated type mixed with another type
..\Libraries\LCP1768_StdPeriph_Driver\source\lpc17xx_i2c.c(952): warning:  #188-D: enumerated type mixed with another type
..\Libraries\LCP1768_StdPeriph_Driver\source\lpc17xx_i2c.c(1162): warning:  #188-D: enumerated type mixed with another type
..\Libraries\LCP1768_StdPeriph_Driver\source\lpc17xx_i2c.c(1186): warning:  #186-D: pointless comparison of unsigned integer with zero
compiling main.c...
..\User\affichagelcd.h(9): warning:  #1-D: last line of file ends without a newline
..\User\main.c(46): warning:  #223-D: function "sprintf" declared implicitly
..\User\main.c(63): warning:  #223-D: function "sprintf" declared implicitly
..\User\main.c(73): warning:  #223-D: function "sprintf" declared implicitly
..\User\main.c(201): warning:  #223-D: function "sprintf" declared implicitly
..\User\main.c(258): warning:  #167-D: argument of type "uint8_t *" is incompatible with parameter of type "char *"
compiling ili_lcd_general.c...
compiling lcd_api.c...
compiling english_16x8.c...
compiling affichagelcd.c...
compiling touch_panel.c...
..\User\touch\touch_panel.c(17): warning:  #177-D: variable "touch_data_tx" was declared but never referenced
linking...
Program Size: Code=16000 RO-data=1776 RW-data=32 ZI-data=712  
FromELF: creating hex file...
".\Output\Project.axf" - 0 Errors, 17 Warning(s).
Load "D:\\Profils\\nsueur\\Downloads\\lpc1768_project-master\\Project\\Output\\Project.axf" 
Set JLink Project File to "D:\Profils\nsueur\Downloads\lpc1768_project-master\Project\JLinkSettings.ini"
* JLink Info: Device "LPC1768" selected (512 KB flash, 32 KB RAM).
 
JLink info:
------------
DLL: V4.76a, compiled Aug 28 2013 10:48:19
Firmware: J-Link ARM V8 compiled Nov 28 2014 13:44:46
Hardware: V8.00
S/N : 268005940 
OEM : SEGGER-EDU 
Feature(s) : FlashBP, GDB 
 
* JLink Info: TotalIRLen = 4, IRPrint = 0x01
* JLink Info: Found Cortex-M3 r2p0, Little endian.
* JLink Info: FPUnit: 6 code (BP) slots and 2 literal slots
* JLink Info: TPIU fitted.
* JLink Info: ETM fitted.
ROMTableAddr = 0xE00FF003
* JLink Info: Found Cortex-M3 r2p0, Little endian.
**JLink Warning: CPU did not halt after bootloader.
**JLink Warning: CPU did not halt after bootloader.
 
Target info:
------------
Device: LPC1768
VTarget = 3.293V
State of Pins: 
TCK: 1, TDI: 0, TDO: 1, TMS: 0, TRES: 1, TRST: 1
Hardware-Breakpoints: 0
Software-Breakpoints: 8192
Watchpoints:          0
JTAG speed: 2000 kHz
 
Erase Done.
Programming Done.
Verify OK.
*** Note: 'Create Batch File' is active - using 'Rebuild'.
Rebuild target 'Open1786'
assembling startup_LPC17xx.s...
compiling system_LPC17xx.c...
compiling core_cm3.c...
compiling lpc17xx_clkpwr.c...
compiling lpc17xx_gpio.c...
compiling lpc17xx_pinsel.c...
compiling lpc17xx_timer.c...
..\Libraries\LCP1768_StdPeriph_Driver\source\lpc17xx_timer.c(115): warning:  #68-D: integer conversion resulted in a change of sign
compiling lpc17xx_exti.c...
compiling lpc17xx_nvic.c...
compiling lpc17xx_ssp.c...
compiling lpc17xx_i2c.c...
..\Libraries\LCP1768_StdPeriph_Driver\source\lpc17xx_i2c.c(598): warning:  #188-D: enumerated type mixed with another type
..\Libraries\LCP1768_StdPeriph_Driver\source\lpc17xx_i2c.c(695): warning:  #188-D: enumerated type mixed with another type
..\Libraries\LCP1768_StdPeriph_Driver\source\lpc17xx_i2c.c(702): warning:  #188-D: enumerated type mixed with another type
..\Libraries\LCP1768_StdPeriph_Driver\source\lpc17xx_i2c.c(750): warning:  #188-D: enumerated type mixed with another type
..\Libraries\LCP1768_StdPeriph_Driver\source\lpc17xx_i2c.c(902): warning:  #188-D: enumerated type mixed with another type
..\Libraries\LCP1768_StdPeriph_Driver\source\lpc17xx_i2c.c(915): warning:  #188-D: enumerated type mixed with another type
..\Libraries\LCP1768_StdPeriph_Driver\source\lpc17xx_i2c.c(952): warning:  #188-D: enumerated type mixed with another type
..\Libraries\LCP1768_StdPeriph_Driver\source\lpc17xx_i2c.c(1162): warning:  #188-D: enumerated type mixed with another type
..\Libraries\LCP1768_StdPeriph_Driver\source\lpc17xx_i2c.c(1186): warning:  #186-D: pointless comparison of unsigned integer with zero
compiling main.c...
..\User\affichagelcd.h(9): warning:  #1-D: last line of file ends without a newline
..\User\main.c(46): warning:  #223-D: function "sprintf" declared implicitly
..\User\main.c(63): warning:  #223-D: function "sprintf" declared implicitly
..\User\main.c(73): warning:  #223-D: function "sprintf" declared implicitly
..\User\main.c(161): error:  #94-D: the size of an array must be greater than zero
..\User\main.c(161): error:  #146: too many initializer values
..\User\main.c(201): warning:  #223-D: function "sprintf" declared implicitly
..\User\main.c(258): warning:  #167-D: argument of type "uint8_t *" is incompatible with parameter of type "char *"
compiling ili_lcd_general.c...
compiling lcd_api.c...
compiling english_16x8.c...
compiling affichagelcd.c...
compiling touch_panel.c...
..\User\touch\touch_panel.c(17): warning:  #177-D: variable "touch_data_tx" was declared but never referenced
".\Output\Project.axf" - 2 Errors, 17 Warning(s).
Target not created
Load "D:\\Profils\\nsueur\\Downloads\\lpc1768_project-master\\Project\\Output\\Project.axf" 
Set JLink Project File to "D:\Profils\nsueur\Downloads\lpc1768_project-master\Project\JLinkSettings.ini"
* JLink Info: Device "LPC1768" selected (512 KB flash, 32 KB RAM).
 
JLink info:
------------
DLL: V4.76a, compiled Aug 28 2013 10:48:19
Firmware: J-Link ARM V8 compiled Nov 28 2014 13:44:46
Hardware: V8.00
S/N : 268005940 
OEM : SEGGER-EDU 
Feature(s) : FlashBP, GDB 
 
* JLink Info: TotalIRLen = 4, IRPrint = 0x01
* JLink Info: Found Cortex-M3 r2p0, Little endian.
* JLink Info: FPUnit: 6 code (BP) slots and 2 literal slots
* JLink Info: TPIU fitted.
* JLink Info: ETM fitted.
ROMTableAddr = 0xE00FF003
* JLink Info: Found Cortex-M3 r2p0, Little endian.
**JLink Warning: CPU did not halt after bootloader.
**JLink Warning: CPU did not halt after bootloader.
 
Target info:
------------
Device: LPC1768
VTarget = 3.293V
State of Pins: 
TCK: 1, TDI: 0, TDO: 1, TMS: 0, TRES: 1, TRST: 1
Hardware-Breakpoints: 0
Software-Breakpoints: 8192
Watchpoints:          0
JTAG speed: 2000 kHz
 
Erase Done.
Programming Done.
Verify OK.
*** Note: 'Create Batch File' is active - using 'Rebuild'.
Rebuild target 'Open1786'
assembling startup_LPC17xx.s...
compiling system_LPC17xx.c...
compiling core_cm3.c...
compiling lpc17xx_clkpwr.c...
compiling lpc17xx_gpio.c...
compiling lpc17xx_pinsel.c...
compiling lpc17xx_timer.c...
..\Libraries\LCP1768_StdPeriph_Driver\source\lpc17xx_timer.c(115): warning:  #68-D: integer conversion resulted in a change of sign
compiling lpc17xx_exti.c...
compiling lpc17xx_nvic.c...
compiling lpc17xx_ssp.c...
compiling lpc17xx_i2c.c...
..\Libraries\LCP1768_StdPeriph_Driver\source\lpc17xx_i2c.c(598): warning:  #188-D: enumerated type mixed with another type
..\Libraries\LCP1768_StdPeriph_Driver\source\lpc17xx_i2c.c(695): warning:  #188-D: enumerated type mixed with another type
..\Libraries\LCP1768_StdPeriph_Driver\source\lpc17xx_i2c.c(702): warning:  #188-D: enumerated type mixed with another type
..\Libraries\LCP1768_StdPeriph_Driver\source\lpc17xx_i2c.c(750): warning:  #188-D: enumerated type mixed with another type
..\Libraries\LCP1768_StdPeriph_Driver\source\lpc17xx_i2c.c(902): warning:  #188-D: enumerated type mixed with another type
..\Libraries\LCP1768_StdPeriph_Driver\source\lpc17xx_i2c.c(915): warning:  #188-D: enumerated type mixed with another type
..\Libraries\LCP1768_StdPeriph_Driver\source\lpc17xx_i2c.c(952): warning:  #188-D: enumerated type mixed with another type
..\Libraries\LCP1768_StdPeriph_Driver\source\lpc17xx_i2c.c(1162): warning:  #188-D: enumerated type mixed with another type
..\Libraries\LCP1768_StdPeriph_Driver\source\lpc17xx_i2c.c(1186): warning:  #186-D: pointless comparison of unsigned integer with zero
compiling main.c...
..\User\affichagelcd.h(9): warning:  #1-D: last line of file ends without a newline
..\User\main.c(46): warning:  #223-D: function "sprintf" declared implicitly
..\User\main.c(63): warning:  #223-D: function "sprintf" declared implicitly
..\User\main.c(73): warning:  #223-D: function "sprintf" declared implicitly
..\User\main.c(161): error:  #94-D: the size of an array must be greater than zero
..\User\main.c(161): error:  #146: too many initializer values
..\User\main.c(201): warning:  #223-D: function "sprintf" declared implicitly
..\User\main.c(258): warning:  #167-D: argument of type "uint8_t *" is incompatible with parameter of type "char *"
compiling ili_lcd_general.c...
compiling lcd_api.c...
compiling english_16x8.c...
compiling affichagelcd.c...
compiling touch_panel.c...
..\User\touch\touch_panel.c(17): warning:  #177-D: variable "touch_data_tx" was declared but never referenced
".\Output\Project.axf" - 2 Errors, 17 Warning(s).
Target not created
*** Note: 'Create Batch File' is active - using 'Rebuild'.
Rebuild target 'Open1786'
assembling startup_LPC17xx.s...
compiling system_LPC17xx.c...
compiling core_cm3.c...
compiling lpc17xx_clkpwr.c...
compiling lpc17xx_gpio.c...
compiling lpc17xx_pinsel.c...
compiling lpc17xx_timer.c...
..\Libraries\LCP1768_StdPeriph_Driver\source\lpc17xx_timer.c(115): warning:  #68-D: integer conversion resulted in a change of sign
compiling lpc17xx_exti.c...
compiling lpc17xx_nvic.c...
compiling lpc17xx_ssp.c...
compiling lpc17xx_i2c.c...
..\Libraries\LCP1768_StdPeriph_Driver\source\lpc17xx_i2c.c(598): warning:  #188-D: enumerated type mixed with another type
..\Libraries\LCP1768_StdPeriph_Driver\source\lpc17xx_i2c.c(695): warning:  #188-D: enumerated type mixed with another type
..\Libraries\LCP1768_StdPeriph_Driver\source\lpc17xx_i2c.c(702): warning:  #188-D: enumerated type mixed with another type
..\Libraries\LCP1768_StdPeriph_Driver\source\lpc17xx_i2c.c(750): warning:  #188-D: enumerated type mixed with another type
..\Libraries\LCP1768_StdPeriph_Driver\source\lpc17xx_i2c.c(902): warning:  #188-D: enumerated type mixed with another type
..\Libraries\LCP1768_StdPeriph_Driver\source\lpc17xx_i2c.c(915): warning:  #188-D: enumerated type mixed with another type
..\Libraries\LCP1768_StdPeriph_Driver\source\lpc17xx_i2c.c(952): warning:  #188-D: enumerated type mixed with another type
..\Libraries\LCP1768_StdPeriph_Driver\source\lpc17xx_i2c.c(1162): warning:  #188-D: enumerated type mixed with another type
..\Libraries\LCP1768_StdPeriph_Driver\source\lpc17xx_i2c.c(1186): warning:  #186-D: pointless comparison of unsigned integer with zero
compiling main.c...
..\User\affichagelcd.h(9): warning:  #1-D: last line of file ends without a newline
..\User\main.c(46): warning:  #223-D: function "sprintf" declared implicitly
..\User\main.c(63): warning:  #223-D: function "sprintf" declared implicitly
..\User\main.c(73): warning:  #223-D: function "sprintf" declared implicitly
..\User\main.c(201): warning:  #223-D: function "sprintf" declared implicitly
..\User\main.c(258): warning:  #167-D: argument of type "uint8_t *" is incompatible with parameter of type "char *"
compiling ili_lcd_general.c...
compiling lcd_api.c...
compiling english_16x8.c...
compiling affichagelcd.c...
compiling touch_panel.c...
..\User\touch\touch_panel.c(17): warning:  #177-D: variable "touch_data_tx" was declared but never referenced
linking...
Program Size: Code=16004 RO-data=1776 RW-data=32 ZI-data=712  
FromELF: creating hex file...
".\Output\Project.axf" - 0 Errors, 17 Warning(s).
Load "D:\\Profils\\nsueur\\Downloads\\lpc1768_project-master\\Project\\Output\\Project.axf" 
Set JLink Project File to "D:\Profils\nsueur\Downloads\lpc1768_project-master\Project\JLinkSettings.ini"
* JLink Info: Device "LPC1768" selected (512 KB flash, 32 KB RAM).
 
JLink info:
------------
DLL: V4.76a, compiled Aug 28 2013 10:48:19
Firmware: J-Link ARM V8 compiled Nov 28 2014 13:44:46
Hardware: V8.00
S/N : 268005940 
OEM : SEGGER-EDU 
Feature(s) : FlashBP, GDB 
 
* JLink Info: TotalIRLen = 4, IRPrint = 0x01
* JLink Info: Found Cortex-M3 r2p0, Little endian.
* JLink Info: FPUnit: 6 code (BP) slots and 2 literal slots
* JLink Info: TPIU fitted.
* JLink Info: ETM fitted.
ROMTableAddr = 0xE00FF003
* JLink Info: Found Cortex-M3 r2p0, Little endian.
**JLink Warning: CPU did not halt after bootloader.
**JLink Warning: CPU did not halt after bootloader.
 
Target info:
------------
Device: LPC1768
VTarget = 3.293V
State of Pins: 
TCK: 1, TDI: 0, TDO: 1, TMS: 0, TRES: 1, TRST: 1
Hardware-Breakpoints: 0
Software-Breakpoints: 8192
Watchpoints:          0
JTAG speed: 2000 kHz
 
Erase Done.
Programming Done.
Verify OK.
*** Note: 'Create Batch File' is active - using 'Rebuild'.
Rebuild target 'Open1786'
assembling startup_LPC17xx.s...
compiling system_LPC17xx.c...
compiling core_cm3.c...
compiling lpc17xx_clkpwr.c...
compiling lpc17xx_gpio.c...
compiling lpc17xx_pinsel.c...
compiling lpc17xx_timer.c...
..\Libraries\LCP1768_StdPeriph_Driver\source\lpc17xx_timer.c(115): warning:  #68-D: integer conversion resulted in a change of sign
compiling lpc17xx_exti.c...
compiling lpc17xx_nvic.c...
compiling lpc17xx_ssp.c...
compiling lpc17xx_i2c.c...
..\Libraries\LCP1768_StdPeriph_Driver\source\lpc17xx_i2c.c(598): warning:  #188-D: enumerated type mixed with another type
..\Libraries\LCP1768_StdPeriph_Driver\source\lpc17xx_i2c.c(695): warning:  #188-D: enumerated type mixed with another type
..\Libraries\LCP1768_StdPeriph_Driver\source\lpc17xx_i2c.c(702): warning:  #188-D: enumerated type mixed with another type
..\Libraries\LCP1768_StdPeriph_Driver\source\lpc17xx_i2c.c(750): warning:  #188-D: enumerated type mixed with another type
..\Libraries\LCP1768_StdPeriph_Driver\source\lpc17xx_i2c.c(902): warning:  #188-D: enumerated type mixed with another type
..\Libraries\LCP1768_StdPeriph_Driver\source\lpc17xx_i2c.c(915): warning:  #188-D: enumerated type mixed with another type
..\Libraries\LCP1768_StdPeriph_Driver\source\lpc17xx_i2c.c(952): warning:  #188-D: enumerated type mixed with another type
..\Libraries\LCP1768_StdPeriph_Driver\source\lpc17xx_i2c.c(1162): warning:  #188-D: enumerated type mixed with another type
..\Libraries\LCP1768_StdPeriph_Driver\source\lpc17xx_i2c.c(1186): warning:  #186-D: pointless comparison of unsigned integer with zero
compiling main.c...
..\User\affichagelcd.h(9): warning:  #1-D: last line of file ends without a newline
..\User\main.c(46): warning:  #223-D: function "sprintf" declared implicitly
..\User\main.c(63): warning:  #223-D: function "sprintf" declared implicitly
..\User\main.c(73): warning:  #223-D: function "sprintf" declared implicitly
..\User\main.c(201): warning:  #223-D: function "sprintf" declared implicitly
..\User\main.c(256): warning:  #167-D: argument of type "uint8_t *" is incompatible with parameter of type "char *"
compiling ili_lcd_general.c...
compiling lcd_api.c...
compiling english_16x8.c...
compiling affichagelcd.c...
compiling touch_panel.c...
..\User\touch\touch_panel.c(17): warning:  #177-D: variable "touch_data_tx" was declared but never referenced
linking...
Program Size: Code=16008 RO-data=1776 RW-data=32 ZI-data=712  
FromELF: creating hex file...
".\Output\Project.axf" - 0 Errors, 17 Warning(s).
Load "D:\\Profils\\nsueur\\Downloads\\lpc1768_project-master\\Project\\Output\\Project.axf" 
Set JLink Project File to "D:\Profils\nsueur\Downloads\lpc1768_project-master\Project\JLinkSettings.ini"
* JLink Info: Device "LPC1768" selected (512 KB flash, 32 KB RAM).
 
JLink info:
------------
DLL: V4.76a, compiled Aug 28 2013 10:48:19
Firmware: J-Link ARM V8 compiled Nov 28 2014 13:44:46
Hardware: V8.00
S/N : 268005940 
OEM : SEGGER-EDU 
Feature(s) : FlashBP, GDB 
 
* JLink Info: TotalIRLen = 4, IRPrint = 0x01
* JLink Info: Found Cortex-M3 r2p0, Little endian.
* JLink Info: FPUnit: 6 code (BP) slots and 2 literal slots
* JLink Info: TPIU fitted.
* JLink Info: ETM fitted.
ROMTableAddr = 0xE00FF003
* JLink Info: Found Cortex-M3 r2p0, Little endian.
**JLink Warning: CPU did not halt after bootloader.
**JLink Warning: CPU did not halt after bootloader.
 
Target info:
------------
Device: LPC1768
VTarget = 3.293V
State of Pins: 
TCK: 1, TDI: 0, TDO: 1, TMS: 0, TRES: 1, TRST: 1
Hardware-Breakpoints: 0
Software-Breakpoints: 8192
Watchpoints:          0
JTAG speed: 2000 kHz
 
Erase Done.
Programming Done.
Verify OK.
*** Note: 'Create Batch File' is active - using 'Rebuild'.
Rebuild target 'Open1786'
assembling startup_LPC17xx.s...
compiling system_LPC17xx.c...
compiling core_cm3.c...
compiling lpc17xx_clkpwr.c...
compiling lpc17xx_gpio.c...
compiling lpc17xx_pinsel.c...
compiling lpc17xx_timer.c...
..\Libraries\LCP1768_StdPeriph_Driver\source\lpc17xx_timer.c(115): warning:  #68-D: integer conversion resulted in a change of sign
compiling lpc17xx_exti.c...
compiling lpc17xx_nvic.c...
compiling lpc17xx_ssp.c...
compiling lpc17xx_i2c.c...
..\Libraries\LCP1768_StdPeriph_Driver\source\lpc17xx_i2c.c(598): warning:  #188-D: enumerated type mixed with another type
..\Libraries\LCP1768_StdPeriph_Driver\source\lpc17xx_i2c.c(695): warning:  #188-D: enumerated type mixed with another type
..\Libraries\LCP1768_StdPeriph_Driver\source\lpc17xx_i2c.c(702): warning:  #188-D: enumerated type mixed with another type
..\Libraries\LCP1768_StdPeriph_Driver\source\lpc17xx_i2c.c(750): warning:  #188-D: enumerated type mixed with another type
..\Libraries\LCP1768_StdPeriph_Driver\source\lpc17xx_i2c.c(902): warning:  #188-D: enumerated type mixed with another type
..\Libraries\LCP1768_StdPeriph_Driver\source\lpc17xx_i2c.c(915): warning:  #188-D: enumerated type mixed with another type
..\Libraries\LCP1768_StdPeriph_Driver\source\lpc17xx_i2c.c(952): warning:  #188-D: enumerated type mixed with another type
..\Libraries\LCP1768_StdPeriph_Driver\source\lpc17xx_i2c.c(1162): warning:  #188-D: enumerated type mixed with another type
..\Libraries\LCP1768_StdPeriph_Driver\source\lpc17xx_i2c.c(1186): warning:  #186-D: pointless comparison of unsigned integer with zero
compiling main.c...
..\User\affichagelcd.h(9): warning:  #1-D: last line of file ends without a newline
..\User\main.c(46): warning:  #223-D: function "sprintf" declared implicitly
..\User\main.c(63): warning:  #223-D: function "sprintf" declared implicitly
..\User\main.c(73): warning:  #223-D: function "sprintf" declared implicitly
..\User\main.c(201): warning:  #223-D: function "sprintf" declared implicitly
..\User\main.c(256): warning:  #167-D: argument of type "uint8_t *" is incompatible with parameter of type "char *"
compiling ili_lcd_general.c...
compiling lcd_api.c...
compiling english_16x8.c...
compiling affichagelcd.c...
compiling touch_panel.c...
..\User\touch\touch_panel.c(17): warning:  #177-D: variable "touch_data_tx" was declared but never referenced
linking...
Program Size: Code=16008 RO-data=1776 RW-data=32 ZI-data=712  
FromELF: creating hex file...
".\Output\Project.axf" - 0 Errors, 17 Warning(s).
Load "D:\\Profils\\nsueur\\Downloads\\lpc1768_project-master\\Project\\Output\\Project.axf" 
Set JLink Project File to "D:\Profils\nsueur\Downloads\lpc1768_project-master\Project\JLinkSettings.ini"
* JLink Info: Device "LPC1768" selected (512 KB flash, 32 KB RAM).
 
JLink info:
------------
DLL: V4.76a, compiled Aug 28 2013 10:48:19
Firmware: J-Link ARM V8 compiled Nov 28 2014 13:44:46
Hardware: V8.00
S/N : 268005940 
OEM : SEGGER-EDU 
Feature(s) : FlashBP, GDB 
 
* JLink Info: TotalIRLen = 4, IRPrint = 0x01
* JLink Info: Found Cortex-M3 r2p0, Little endian.
* JLink Info: FPUnit: 6 code (BP) slots and 2 literal slots
* JLink Info: TPIU fitted.
* JLink Info: ETM fitted.
ROMTableAddr = 0xE00FF003
* JLink Info: Found Cortex-M3 r2p0, Little endian.
**JLink Warning: CPU did not halt after bootloader.
**JLink Warning: CPU did not halt after bootloader.
 
Target info:
------------
Device: LPC1768
VTarget = 3.293V
State of Pins: 
TCK: 1, TDI: 0, TDO: 1, TMS: 0, TRES: 1, TRST: 1
Hardware-Breakpoints: 0
Software-Breakpoints: 8192
Watchpoints:          0
JTAG speed: 2000 kHz
 
Erase Done.
Programming Done.
Verify OK.
*** Note: 'Create Batch File' is active - using 'Rebuild'.
Rebuild target 'Open1786'
assembling startup_LPC17xx.s...
compiling system_LPC17xx.c...
compiling core_cm3.c...
compiling lpc17xx_clkpwr.c...
compiling lpc17xx_gpio.c...
compiling lpc17xx_pinsel.c...
compiling lpc17xx_timer.c...
..\Libraries\LCP1768_StdPeriph_Driver\source\lpc17xx_timer.c(115): warning:  #68-D: integer conversion resulted in a change of sign
compiling lpc17xx_exti.c...
compiling lpc17xx_nvic.c...
compiling lpc17xx_ssp.c...
compiling lpc17xx_i2c.c...
..\Libraries\LCP1768_StdPeriph_Driver\source\lpc17xx_i2c.c(598): warning:  #188-D: enumerated type mixed with another type
..\Libraries\LCP1768_StdPeriph_Driver\source\lpc17xx_i2c.c(695): warning:  #188-D: enumerated type mixed with another type
..\Libraries\LCP1768_StdPeriph_Driver\source\lpc17xx_i2c.c(702): warning:  #188-D: enumerated type mixed with another type
..\Libraries\LCP1768_StdPeriph_Driver\source\lpc17xx_i2c.c(750): warning:  #188-D: enumerated type mixed with another type
..\Libraries\LCP1768_StdPeriph_Driver\source\lpc17xx_i2c.c(902): warning:  #188-D: enumerated type mixed with another type
..\Libraries\LCP1768_StdPeriph_Driver\source\lpc17xx_i2c.c(915): warning:  #188-D: enumerated type mixed with another type
..\Libraries\LCP1768_StdPeriph_Driver\source\lpc17xx_i2c.c(952): warning:  #188-D: enumerated type mixed with another type
..\Libraries\LCP1768_StdPeriph_Driver\source\lpc17xx_i2c.c(1162): warning:  #188-D: enumerated type mixed with another type
..\Libraries\LCP1768_StdPeriph_Driver\source\lpc17xx_i2c.c(1186): warning:  #186-D: pointless comparison of unsigned integer with zero
compiling main.c...
..\User\affichagelcd.h(9): warning:  #1-D: last line of file ends without a newline
..\User\main.c(46): warning:  #223-D: function "sprintf" declared implicitly
..\User\main.c(63): warning:  #223-D: function "sprintf" declared implicitly
..\User\main.c(73): warning:  #223-D: function "sprintf" declared implicitly
..\User\main.c(201): warning:  #223-D: function "sprintf" declared implicitly
..\User\main.c(256): warning:  #167-D: argument of type "uint8_t *" is incompatible with parameter of type "char *"
compiling ili_lcd_general.c...
compiling lcd_api.c...
compiling english_16x8.c...
compiling affichagelcd.c...
compiling touch_panel.c...
..\User\touch\touch_panel.c(17): warning:  #177-D: variable "touch_data_tx" was declared but never referenced
linking...
Program Size: Code=16008 RO-data=1776 RW-data=32 ZI-data=712  
FromELF: creating hex file...
".\Output\Project.axf" - 0 Errors, 17 Warning(s).
Load "D:\\Profils\\nsueur\\Downloads\\lpc1768_project-master\\Project\\Output\\Project.axf" 
Set JLink Project File to "D:\Profils\nsueur\Downloads\lpc1768_project-master\Project\JLinkSettings.ini"
* JLink Info: Device "LPC1768" selected (512 KB flash, 32 KB RAM).
 
JLink info:
------------
DLL: V4.76a, compiled Aug 28 2013 10:48:19
Firmware: J-Link ARM V8 compiled Nov 28 2014 13:44:46
Hardware: V8.00
S/N : 268005940 
OEM : SEGGER-EDU 
Feature(s) : FlashBP, GDB 
 
* JLink Info: TotalIRLen = 4, IRPrint = 0x01
* JLink Info: Found Cortex-M3 r2p0, Little endian.
* JLink Info: FPUnit: 6 code (BP) slots and 2 literal slots
* JLink Info: TPIU fitted.
* JLink Info: ETM fitted.
ROMTableAddr = 0xE00FF003
* JLink Info: Found Cortex-M3 r2p0, Little endian.
**JLink Warning: CPU did not halt after bootloader.
**JLink Warning: CPU did not halt after bootloader.
 
Target info:
------------
Device: LPC1768
VTarget = 3.293V
State of Pins: 
TCK: 1, TDI: 0, TDO: 1, TMS: 0, TRES: 1, TRST: 1
Hardware-Breakpoints: 0
Software-Breakpoints: 8192
Watchpoints:          0
JTAG speed: 2000 kHz
 
Erase Done.
Programming Done.
Verify OK.
*** Note: 'Create Batch File' is active - using 'Rebuild'.
Rebuild target 'Open1786'
assembling startup_LPC17xx.s...
compiling system_LPC17xx.c...
compiling core_cm3.c...
compiling lpc17xx_clkpwr.c...
compiling lpc17xx_gpio.c...
compiling lpc17xx_pinsel.c...
compiling lpc17xx_timer.c...
..\Libraries\LCP1768_StdPeriph_Driver\source\lpc17xx_timer.c(115): warning:  #68-D: integer conversion resulted in a change of sign
compiling lpc17xx_exti.c...
compiling lpc17xx_nvic.c...
compiling lpc17xx_ssp.c...
compiling lpc17xx_i2c.c...
..\Libraries\LCP1768_StdPeriph_Driver\source\lpc17xx_i2c.c(598): warning:  #188-D: enumerated type mixed with another type
..\Libraries\LCP1768_StdPeriph_Driver\source\lpc17xx_i2c.c(695): warning:  #188-D: enumerated type mixed with another type
..\Libraries\LCP1768_StdPeriph_Driver\source\lpc17xx_i2c.c(702): warning:  #188-D: enumerated type mixed with another type
..\Libraries\LCP1768_StdPeriph_Driver\source\lpc17xx_i2c.c(750): warning:  #188-D: enumerated type mixed with another type
..\Libraries\LCP1768_StdPeriph_Driver\source\lpc17xx_i2c.c(902): warning:  #188-D: enumerated type mixed with another type
..\Libraries\LCP1768_StdPeriph_Driver\source\lpc17xx_i2c.c(915): warning:  #188-D: enumerated type mixed with another type
..\Libraries\LCP1768_StdPeriph_Driver\source\lpc17xx_i2c.c(952): warning:  #188-D: enumerated type mixed with another type
..\Libraries\LCP1768_StdPeriph_Driver\source\lpc17xx_i2c.c(1162): warning:  #188-D: enumerated type mixed with another type
..\Libraries\LCP1768_StdPeriph_Driver\source\lpc17xx_i2c.c(1186): warning:  #186-D: pointless comparison of unsigned integer with zero
compiling main.c...
..\User\affichagelcd.h(9): warning:  #1-D: last line of file ends without a newline
..\User\main.c(46): warning:  #223-D: function "sprintf" declared implicitly
..\User\main.c(63): warning:  #223-D: function "sprintf" declared implicitly
..\User\main.c(73): warning:  #223-D: function "sprintf" declared implicitly
..\User\main.c(201): warning:  #223-D: function "sprintf" declared implicitly
..\User\main.c(256): warning:  #167-D: argument of type "uint8_t *" is incompatible with parameter of type "char *"
compiling ili_lcd_general.c...
compiling lcd_api.c...
compiling english_16x8.c...
compiling affichagelcd.c...
compiling touch_panel.c...
..\User\touch\touch_panel.c(17): warning:  #177-D: variable "touch_data_tx" was declared but never referenced
linking...
Program Size: Code=16012 RO-data=1776 RW-data=32 ZI-data=712  
FromELF: creating hex file...
".\Output\Project.axf" - 0 Errors, 17 Warning(s).
Load "D:\\Profils\\nsueur\\Downloads\\lpc1768_project-master\\Project\\Output\\Project.axf" 
Set JLink Project File to "D:\Profils\nsueur\Downloads\lpc1768_project-master\Project\JLinkSettings.ini"
* JLink Info: Device "LPC1768" selected (512 KB flash, 32 KB RAM).
 
JLink info:
------------
DLL: V4.76a, compiled Aug 28 2013 10:48:19
Firmware: J-Link ARM V8 compiled Nov 28 2014 13:44:46
Hardware: V8.00
S/N : 268005940 
OEM : SEGGER-EDU 
Feature(s) : FlashBP, GDB 
 
* JLink Info: TotalIRLen = 4, IRPrint = 0x01
* JLink Info: Found Cortex-M3 r2p0, Little endian.
* JLink Info: FPUnit: 6 code (BP) slots and 2 literal slots
* JLink Info: TPIU fitted.
* JLink Info: ETM fitted.
ROMTableAddr = 0xE00FF003
* JLink Info: Found Cortex-M3 r2p0, Little endian.
**JLink Warning: CPU did not halt after bootloader.
**JLink Warning: CPU did not halt after bootloader.
 
Target info:
------------
Device: LPC1768
VTarget = 3.293V
State of Pins: 
TCK: 1, TDI: 0, TDO: 1, TMS: 0, TRES: 1, TRST: 1
Hardware-Breakpoints: 0
Software-Breakpoints: 8192
Watchpoints:          0
JTAG speed: 2000 kHz
 
Erase Done.
Programming Done.
Verify OK.
*** Note: 'Create Batch File' is active - using 'Rebuild'.
Rebuild target 'Open1786'
assembling startup_LPC17xx.s...
compiling system_LPC17xx.c...
compiling core_cm3.c...
compiling lpc17xx_clkpwr.c...
compiling lpc17xx_gpio.c...
compiling lpc17xx_pinsel.c...
compiling lpc17xx_timer.c...
..\Libraries\LCP1768_StdPeriph_Driver\source\lpc17xx_timer.c(115): warning:  #68-D: integer conversion resulted in a change of sign
compiling lpc17xx_exti.c...
compiling lpc17xx_nvic.c...
compiling lpc17xx_ssp.c...
compiling lpc17xx_i2c.c...
..\Libraries\LCP1768_StdPeriph_Driver\source\lpc17xx_i2c.c(598): warning:  #188-D: enumerated type mixed with another type
..\Libraries\LCP1768_StdPeriph_Driver\source\lpc17xx_i2c.c(695): warning:  #188-D: enumerated type mixed with another type
..\Libraries\LCP1768_StdPeriph_Driver\source\lpc17xx_i2c.c(702): warning:  #188-D: enumerated type mixed with another type
..\Libraries\LCP1768_StdPeriph_Driver\source\lpc17xx_i2c.c(750): warning:  #188-D: enumerated type mixed with another type
..\Libraries\LCP1768_StdPeriph_Driver\source\lpc17xx_i2c.c(902): warning:  #188-D: enumerated type mixed with another type
..\Libraries\LCP1768_StdPeriph_Driver\source\lpc17xx_i2c.c(915): warning:  #188-D: enumerated type mixed with another type
..\Libraries\LCP1768_StdPeriph_Driver\source\lpc17xx_i2c.c(952): warning:  #188-D: enumerated type mixed with another type
..\Libraries\LCP1768_StdPeriph_Driver\source\lpc17xx_i2c.c(1162): warning:  #188-D: enumerated type mixed with another type
..\Libraries\LCP1768_StdPeriph_Driver\source\lpc17xx_i2c.c(1186): warning:  #186-D: pointless comparison of unsigned integer with zero
compiling main.c...
..\User\affichagelcd.h(9): warning:  #1-D: last line of file ends without a newline
..\User\main.c(46): warning:  #223-D: function "sprintf" declared implicitly
..\User\main.c(63): warning:  #223-D: function "sprintf" declared implicitly
..\User\main.c(73): warning:  #223-D: function "sprintf" declared implicitly
..\User\main.c(201): warning:  #223-D: function "sprintf" declared implicitly
..\User\main.c(255): warning:  #167-D: argument of type "uint8_t *" is incompatible with parameter of type "char *"
compiling ili_lcd_general.c...
compiling lcd_api.c...
compiling english_16x8.c...
compiling affichagelcd.c...
compiling touch_panel.c...
..\User\touch\touch_panel.c(17): warning:  #177-D: variable "touch_data_tx" was declared but never referenced
linking...
Program Size: Code=16016 RO-data=1776 RW-data=32 ZI-data=712  
FromELF: creating hex file...
".\Output\Project.axf" - 0 Errors, 17 Warning(s).
Load "D:\\Profils\\nsueur\\Downloads\\lpc1768_project-master\\Project\\Output\\Project.axf" 
Set JLink Project File to "D:\Profils\nsueur\Downloads\lpc1768_project-master\Project\JLinkSettings.ini"
* JLink Info: Device "LPC1768" selected (512 KB flash, 32 KB RAM).
 
JLink info:
------------
DLL: V4.76a, compiled Aug 28 2013 10:48:19
Firmware: J-Link ARM V8 compiled Nov 28 2014 13:44:46
Hardware: V8.00
S/N : 268005940 
OEM : SEGGER-EDU 
Feature(s) : FlashBP, GDB 
 
* JLink Info: TotalIRLen = 4, IRPrint = 0x01
* JLink Info: Found Cortex-M3 r2p0, Little endian.
* JLink Info: FPUnit: 6 code (BP) slots and 2 literal slots
* JLink Info: TPIU fitted.
* JLink Info: ETM fitted.
ROMTableAddr = 0xE00FF003
* JLink Info: Found Cortex-M3 r2p0, Little endian.
**JLink Warning: CPU did not halt after bootloader.
**JLink Warning: CPU did not halt after bootloader.
 
Target info:
------------
Device: LPC1768
VTarget = 3.293V
State of Pins: 
TCK: 1, TDI: 0, TDO: 1, TMS: 0, TRES: 1, TRST: 1
Hardware-Breakpoints: 0
Software-Breakpoints: 8192
Watchpoints:          0
JTAG speed: 2000 kHz
 
Erase Done.
Programming Done.
Verify OK.
*** Note: 'Create Batch File' is active - using 'Rebuild'.
Rebuild target 'Open1786'
assembling startup_LPC17xx.s...
compiling system_LPC17xx.c...
compiling core_cm3.c...
compiling lpc17xx_clkpwr.c...
compiling lpc17xx_gpio.c...
compiling lpc17xx_pinsel.c...
compiling lpc17xx_timer.c...
..\Libraries\LCP1768_StdPeriph_Driver\source\lpc17xx_timer.c(115): warning:  #68-D: integer conversion resulted in a change of sign
compiling lpc17xx_exti.c...
compiling lpc17xx_nvic.c...
compiling lpc17xx_ssp.c...
compiling lpc17xx_i2c.c...
..\Libraries\LCP1768_StdPeriph_Driver\source\lpc17xx_i2c.c(598): warning:  #188-D: enumerated type mixed with another type
..\Libraries\LCP1768_StdPeriph_Driver\source\lpc17xx_i2c.c(695): warning:  #188-D: enumerated type mixed with another type
..\Libraries\LCP1768_StdPeriph_Driver\source\lpc17xx_i2c.c(702): warning:  #188-D: enumerated type mixed with another type
..\Libraries\LCP1768_StdPeriph_Driver\source\lpc17xx_i2c.c(750): warning:  #188-D: enumerated type mixed with another type
..\Libraries\LCP1768_StdPeriph_Driver\source\lpc17xx_i2c.c(902): warning:  #188-D: enumerated type mixed with another type
..\Libraries\LCP1768_StdPeriph_Driver\source\lpc17xx_i2c.c(915): warning:  #188-D: enumerated type mixed with another type
..\Libraries\LCP1768_StdPeriph_Driver\source\lpc17xx_i2c.c(952): warning:  #188-D: enumerated type mixed with another type
..\Libraries\LCP1768_StdPeriph_Driver\source\lpc17xx_i2c.c(1162): warning:  #188-D: enumerated type mixed with another type
..\Libraries\LCP1768_StdPeriph_Driver\source\lpc17xx_i2c.c(1186): warning:  #186-D: pointless comparison of unsigned integer with zero
compiling main.c...
..\User\affichagelcd.h(9): warning:  #1-D: last line of file ends without a newline
..\User\main.c(46): warning:  #223-D: function "sprintf" declared implicitly
..\User\main.c(63): warning:  #223-D: function "sprintf" declared implicitly
..\User\main.c(73): warning:  #223-D: function "sprintf" declared implicitly
..\User\main.c(201): warning:  #223-D: function "sprintf" declared implicitly
..\User\main.c(255): warning:  #167-D: argument of type "uint8_t *" is incompatible with parameter of type "char *"
compiling ili_lcd_general.c...
compiling lcd_api.c...
compiling english_16x8.c...
compiling affichagelcd.c...
compiling touch_panel.c...
..\User\touch\touch_panel.c(17): warning:  #177-D: variable "touch_data_tx" was declared but never referenced
linking...
Program Size: Code=16016 RO-data=1776 RW-data=32 ZI-data=712  
FromELF: creating hex file...
".\Output\Project.axf" - 0 Errors, 17 Warning(s).
Load "D:\\Profils\\nsueur\\Downloads\\lpc1768_project-master\\Project\\Output\\Project.axf" 
Set JLink Project File to "D:\Profils\nsueur\Downloads\lpc1768_project-master\Project\JLinkSettings.ini"
* JLink Info: Device "LPC1768" selected (512 KB flash, 32 KB RAM).
 
JLink info:
------------
DLL: V4.76a, compiled Aug 28 2013 10:48:19
Firmware: J-Link ARM V8 compiled Nov 28 2014 13:44:46
Hardware: V8.00
S/N : 268005940 
OEM : SEGGER-EDU 
Feature(s) : FlashBP, GDB 
 
* JLink Info: TotalIRLen = 4, IRPrint = 0x01
* JLink Info: Found Cortex-M3 r2p0, Little endian.
* JLink Info: FPUnit: 6 code (BP) slots and 2 literal slots
* JLink Info: TPIU fitted.
* JLink Info: ETM fitted.
ROMTableAddr = 0xE00FF003
* JLink Info: Found Cortex-M3 r2p0, Little endian.
**JLink Warning: CPU did not halt after bootloader.
**JLink Warning: CPU did not halt after bootloader.
 
Target info:
------------
Device: LPC1768
VTarget = 3.293V
State of Pins: 
TCK: 1, TDI: 0, TDO: 1, TMS: 0, TRES: 1, TRST: 1
Hardware-Breakpoints: 0
Software-Breakpoints: 8192
Watchpoints:          0
JTAG speed: 2000 kHz
 
Erase Done.
Programming Done.
Verify OK.
*** Note: 'Create Batch File' is active - using 'Rebuild'.
Rebuild target 'Open1786'
assembling startup_LPC17xx.s...
compiling system_LPC17xx.c...
compiling core_cm3.c...
compiling lpc17xx_clkpwr.c...
compiling lpc17xx_gpio.c...
compiling lpc17xx_pinsel.c...
compiling lpc17xx_timer.c...
..\Libraries\LCP1768_StdPeriph_Driver\source\lpc17xx_timer.c(115): warning:  #68-D: integer conversion resulted in a change of sign
compiling lpc17xx_exti.c...
compiling lpc17xx_nvic.c...
compiling lpc17xx_ssp.c...
compiling lpc17xx_i2c.c...
..\Libraries\LCP1768_StdPeriph_Driver\source\lpc17xx_i2c.c(598): warning:  #188-D: enumerated type mixed with another type
..\Libraries\LCP1768_StdPeriph_Driver\source\lpc17xx_i2c.c(695): warning:  #188-D: enumerated type mixed with another type
..\Libraries\LCP1768_StdPeriph_Driver\source\lpc17xx_i2c.c(702): warning:  #188-D: enumerated type mixed with another type
..\Libraries\LCP1768_StdPeriph_Driver\source\lpc17xx_i2c.c(750): warning:  #188-D: enumerated type mixed with another type
..\Libraries\LCP1768_StdPeriph_Driver\source\lpc17xx_i2c.c(902): warning:  #188-D: enumerated type mixed with another type
..\Libraries\LCP1768_StdPeriph_Driver\source\lpc17xx_i2c.c(915): warning:  #188-D: enumerated type mixed with another type
..\Libraries\LCP1768_StdPeriph_Driver\source\lpc17xx_i2c.c(952): warning:  #188-D: enumerated type mixed with another type
..\Libraries\LCP1768_StdPeriph_Driver\source\lpc17xx_i2c.c(1162): warning:  #188-D: enumerated type mixed with another type
..\Libraries\LCP1768_StdPeriph_Driver\source\lpc17xx_i2c.c(1186): warning:  #186-D: pointless comparison of unsigned integer with zero
compiling main.c...
..\User\affichagelcd.h(9): warning:  #1-D: last line of file ends without a newline
..\User\main.c(46): warning:  #223-D: function "sprintf" declared implicitly
..\User\main.c(63): warning:  #223-D: function "sprintf" declared implicitly
..\User\main.c(73): warning:  #223-D: function "sprintf" declared implicitly
..\User\main.c(201): warning:  #223-D: function "sprintf" declared implicitly
..\User\main.c(255): warning:  #167-D: argument of type "uint8_t *" is incompatible with parameter of type "char *"
compiling ili_lcd_general.c...
compiling lcd_api.c...
compiling english_16x8.c...
compiling affichagelcd.c...
compiling touch_panel.c...
..\User\touch\touch_panel.c(17): warning:  #177-D: variable "touch_data_tx" was declared but never referenced
linking...
Program Size: Code=16008 RO-data=1776 RW-data=32 ZI-data=712  
FromELF: creating hex file...
".\Output\Project.axf" - 0 Errors, 17 Warning(s).
Load "D:\\Profils\\nsueur\\Downloads\\lpc1768_project-master\\Project\\Output\\Project.axf" 
Set JLink Project File to "D:\Profils\nsueur\Downloads\lpc1768_project-master\Project\JLinkSettings.ini"
* JLink Info: Device "LPC1768" selected (512 KB flash, 32 KB RAM).
 
JLink info:
------------
DLL: V4.76a, compiled Aug 28 2013 10:48:19
Firmware: J-Link ARM V8 compiled Nov 28 2014 13:44:46
Hardware: V8.00
S/N : 268005940 
OEM : SEGGER-EDU 
Feature(s) : FlashBP, GDB 
 
* JLink Info: TotalIRLen = 4, IRPrint = 0x01
* JLink Info: Found Cortex-M3 r2p0, Little endian.
* JLink Info: FPUnit: 6 code (BP) slots and 2 literal slots
* JLink Info: TPIU fitted.
* JLink Info: ETM fitted.
ROMTableAddr = 0xE00FF003
* JLink Info: Found Cortex-M3 r2p0, Little endian.
**JLink Warning: CPU did not halt after bootloader.
**JLink Warning: CPU did not halt after bootloader.
 
Target info:
------------
Device: LPC1768
VTarget = 3.293V
State of Pins: 
TCK: 1, TDI: 0, TDO: 1, TMS: 0, TRES: 1, TRST: 1
Hardware-Breakpoints: 0
Software-Breakpoints: 8192
Watchpoints:          0
JTAG speed: 2000 kHz
 
Erase Done.
Programming Done.
Verify OK.
*** Note: 'Create Batch File' is active - using 'Rebuild'.
Rebuild target 'Open1786'
assembling startup_LPC17xx.s...
compiling system_LPC17xx.c...
compiling core_cm3.c...
compiling lpc17xx_clkpwr.c...
compiling lpc17xx_gpio.c...
compiling lpc17xx_pinsel.c...
compiling lpc17xx_timer.c...
..\Libraries\LCP1768_StdPeriph_Driver\source\lpc17xx_timer.c(115): warning:  #68-D: integer conversion resulted in a change of sign
compiling lpc17xx_exti.c...
compiling lpc17xx_nvic.c...
compiling lpc17xx_ssp.c...
compiling lpc17xx_i2c.c...
..\Libraries\LCP1768_StdPeriph_Driver\source\lpc17xx_i2c.c(598): warning:  #188-D: enumerated type mixed with another type
..\Libraries\LCP1768_StdPeriph_Driver\source\lpc17xx_i2c.c(695): warning:  #188-D: enumerated type mixed with another type
..\Libraries\LCP1768_StdPeriph_Driver\source\lpc17xx_i2c.c(702): warning:  #188-D: enumerated type mixed with another type
..\Libraries\LCP1768_StdPeriph_Driver\source\lpc17xx_i2c.c(750): warning:  #188-D: enumerated type mixed with another type
..\Libraries\LCP1768_StdPeriph_Driver\source\lpc17xx_i2c.c(902): warning:  #188-D: enumerated type mixed with another type
..\Libraries\LCP1768_StdPeriph_Driver\source\lpc17xx_i2c.c(915): warning:  #188-D: enumerated type mixed with another type
..\Libraries\LCP1768_StdPeriph_Driver\source\lpc17xx_i2c.c(952): warning:  #188-D: enumerated type mixed with another type
..\Libraries\LCP1768_StdPeriph_Driver\source\lpc17xx_i2c.c(1162): warning:  #188-D: enumerated type mixed with another type
..\Libraries\LCP1768_StdPeriph_Driver\source\lpc17xx_i2c.c(1186): warning:  #186-D: pointless comparison of unsigned integer with zero
compiling main.c...
..\User\affichagelcd.h(9): warning:  #1-D: last line of file ends without a newline
..\User\main.c(46): warning:  #223-D: function "sprintf" declared implicitly
..\User\main.c(63): warning:  #223-D: function "sprintf" declared implicitly
..\User\main.c(73): warning:  #223-D: function "sprintf" declared implicitly
..\User\main.c(201): warning:  #223-D: function "sprintf" declared implicitly
..\User\main.c(255): warning:  #167-D: argument of type "uint8_t *" is incompatible with parameter of type "char *"
..\User\main.c(245): warning:  #177-D: variable "tabData" was declared but never referenced
compiling ili_lcd_general.c...
compiling lcd_api.c...
compiling english_16x8.c...
compiling affichagelcd.c...
compiling touch_panel.c...
..\User\touch\touch_panel.c(17): warning:  #177-D: variable "touch_data_tx" was declared but never referenced
linking...
Program Size: Code=16008 RO-data=1776 RW-data=32 ZI-data=712  
FromELF: creating hex file...
".\Output\Project.axf" - 0 Errors, 18 Warning(s).
Load "D:\\Profils\\nsueur\\Downloads\\lpc1768_project-master\\Project\\Output\\Project.axf" 
Set JLink Project File to "D:\Profils\nsueur\Downloads\lpc1768_project-master\Project\JLinkSettings.ini"
* JLink Info: Device "LPC1768" selected (512 KB flash, 32 KB RAM).
 
JLink info:
------------
DLL: V4.76a, compiled Aug 28 2013 10:48:19
Firmware: J-Link ARM V8 compiled Nov 28 2014 13:44:46
Hardware: V8.00
S/N : 268005940 
OEM : SEGGER-EDU 
Feature(s) : FlashBP, GDB 
 
* JLink Info: TotalIRLen = 4, IRPrint = 0x01
* JLink Info: Found Cortex-M3 r2p0, Little endian.
* JLink Info: FPUnit: 6 code (BP) slots and 2 literal slots
* JLink Info: TPIU fitted.
* JLink Info: ETM fitted.
ROMTableAddr = 0xE00FF003
* JLink Info: Found Cortex-M3 r2p0, Little endian.
**JLink Warning: CPU did not halt after bootloader.
**JLink Warning: CPU did not halt after bootloader.
 
Target info:
------------
Device: LPC1768
VTarget = 3.293V
State of Pins: 
TCK: 1, TDI: 0, TDO: 1, TMS: 0, TRES: 1, TRST: 1
Hardware-Breakpoints: 0
Software-Breakpoints: 8192
Watchpoints:          0
JTAG speed: 2000 kHz
 
Erase Done.
Programming Done.
Verify OK.
*** Note: 'Create Batch File' is active - using 'Rebuild'.
Rebuild target 'Open1786'
assembling startup_LPC17xx.s...
compiling system_LPC17xx.c...
compiling core_cm3.c...
compiling lpc17xx_clkpwr.c...
compiling lpc17xx_gpio.c...
compiling lpc17xx_pinsel.c...
compiling lpc17xx_timer.c...
..\Libraries\LCP1768_StdPeriph_Driver\source\lpc17xx_timer.c(115): warning:  #68-D: integer conversion resulted in a change of sign
compiling lpc17xx_exti.c...
compiling lpc17xx_nvic.c...
compiling lpc17xx_ssp.c...
compiling lpc17xx_i2c.c...
..\Libraries\LCP1768_StdPeriph_Driver\source\lpc17xx_i2c.c(598): warning:  #188-D: enumerated type mixed with another type
..\Libraries\LCP1768_StdPeriph_Driver\source\lpc17xx_i2c.c(695): warning:  #188-D: enumerated type mixed with another type
[...]
..\Libraries\LCP1768_StdPeriph_Driver\source\lpc17xx_i2c.c(952): warning:  #188-D: enumerated type mixed with another type
..\Libraries\LCP1768_StdPeriph_Driver\source\lpc17xx_i2c.c(1162): warning:  #188-D: enumerated type mixed with another type
..\Libraries\LCP1768_StdPeriph_Driver\source\lpc17xx_i2c.c(1186): warning:  #186-D: pointless comparison of unsigned integer with zero
compiling main.c...
..\User\affichagelcd.h(9): warning:  #1-D: last line of file ends without a newline
..\User\main.c(41): warning:  #223-D: function "sprintf" declared implicitly
..\User\main.c(59): warning:  #223-D: function "sprintf" declared implicitly
..\User\main.c(70): warning:  #223-D: function "sprintf" declared implicitly
..\User\main.c(202): warning:  #223-D: function "sprintf" declared implicitly
..\User\main.c(219): warning:  #550-D: variable "tabData" was set but never used
compiling ili_lcd_general.c...
compiling lcd_api.c...
compiling english_16x8.c...
compiling affichagelcd.c...
compiling touch_panel.c...
..\User\touch\touch_panel.c(17): warning:  #177-D: variable "touch_data_tx" was declared but never referenced
linking...
Program Size: Code=16068 RO-data=1776 RW-data=28 ZI-data=716  
FromELF: creating hex file...
".\Output\Project.axf" - 0 Errors, 17 Warning(s).
Load "D:\\Profils\\nsueur\\Downloads\\lpc1768_project-master\\Project\\Output\\Project.axf" 
Set JLink Project File to "D:\Profils\nsueur\Downloads\lpc1768_project-master\Project\JLinkSettings.ini"
* JLink Info: Device "LPC1768" selected (512 KB flash, 32 KB RAM).
 
JLink info:
------------
DLL: V4.76a, compiled Aug 28 2013 10:48:19
Firmware: J-Link ARM V8 compiled Nov 28 2014 13:44:46
Hardware: V8.00
S/N : 268005940 
OEM : SEGGER-EDU 
Feature(s) : FlashBP, GDB 
 
* JLink Info: TotalIRLen = 4, IRPrint = 0x01
* JLink Info: Found Cortex-M3 r2p0, Little endian.
* JLink Info: FPUnit: 6 code (BP) slots and 2 literal slots
* JLink Info: TPIU fitted.
* JLink Info: ETM fitted.
ROMTableAddr = 0xE00FF003
* JLink Info: Found Cortex-M3 r2p0, Little endian.
**JLink Warning: CPU did not halt after bootloader.
**JLink Warning: CPU did not halt after bootloader.
 
Target info:
------------
Device: LPC1768
VTarget = 3.293V
State of Pins: 
TCK: 1, TDI: 0, TDO: 1, TMS: 0, TRES: 1, TRST: 1
Hardware-Breakpoints: 0
Software-Breakpoints: 8192
Watchpoints:          0
JTAG speed: 2000 kHz
 
Erase Done.
Programming Done.
Verify OK.
*** Note: 'Create Batch File' is active - using 'Rebuild'.
Rebuild target 'Open1786'
assembling startup_LPC17xx.s...
compiling system_LPC17xx.c...
compiling core_cm3.c...
compiling lpc17xx_clkpwr.c...
compiling lpc17xx_gpio.c...
compiling lpc17xx_pinsel.c...
compiling lpc17xx_timer.c...
..\Libraries\LCP1768_StdPeriph_Driver\source\lpc17xx_timer.c(115): warning:  #68-D: integer conversion resulted in a change of sign
compiling lpc17xx_exti.c...
compiling lpc17xx_nvic.c...
compiling lpc17xx_ssp.c...
compiling lpc17xx_i2c.c...
..\Libraries\LCP1768_StdPeriph_Driver\source\lpc17xx_i2c.c(598): warning:  #188-D: enumerated type mixed with another type
..\Libraries\LCP1768_StdPeriph_Driver\source\lpc17xx_i2c.c(695): warning:  #188-D: enumerated type mixed with another type
..\Libraries\LCP1768_StdPeriph_Driver\source\lpc17xx_i2c.c(702): warning:  #188-D: enumerated type mixed with another type
..\Libraries\LCP1768_StdPeriph_Driver\source\lpc17xx_i2c.c(750): warning:  #188-D: enumerated type mixed with another type
..\Libraries\LCP1768_StdPeriph_Driver\source\lpc17xx_i2c.c(902): warning:  #188-D: enumerated type mixed with another type
..\Libraries\LCP1768_StdPeriph_Driver\source\lpc17xx_i2c.c(915): warning:  #188-D: enumerated type mixed with another type
..\Libraries\LCP1768_StdPeriph_Driver\source\lpc17xx_i2c.c(952): warning:  #188-D: enumerated type mixed with another type
..\Libraries\LCP1768_StdPeriph_Driver\source\lpc17xx_i2c.c(1162): warning:  #188-D: enumerated type mixed with another type
..\Libraries\LCP1768_StdPeriph_Driver\source\lpc17xx_i2c.c(1186): warning:  #186-D: pointless comparison of unsigned integer with zero
compiling main.c...
..\User\affichagelcd.h(9): warning:  #1-D: last line of file ends without a newline
..\User\main.c(41): warning:  #223-D: function "sprintf" declared implicitly
..\User\main.c(59): warning:  #223-D: function "sprintf" declared implicitly
..\User\main.c(70): warning:  #223-D: function "sprintf" declared implicitly
..\User\main.c(202): warning:  #223-D: function "sprintf" declared implicitly
..\User\main.c(219): warning:  #550-D: variable "tabData" was set but never used
compiling ili_lcd_general.c...
compiling lcd_api.c...
compiling english_16x8.c...
compiling affichagelcd.c...
compiling touch_panel.c...
..\User\touch\touch_panel.c(17): warning:  #177-D: variable "touch_data_tx" was declared but never referenced
linking...
Program Size: Code=16068 RO-data=1776 RW-data=28 ZI-data=716  
FromELF: creating hex file...
".\Output\Project.axf" - 0 Errors, 17 Warning(s).
Load "D:\\Profils\\nsueur\\Downloads\\lpc1768_project-master\\Project\\Output\\Project.axf" 
Set JLink Project File to "D:\Profils\nsueur\Downloads\lpc1768_project-master\Project\JLinkSettings.ini"
* JLink Info: Device "LPC1768" selected (512 KB flash, 32 KB RAM).
 
JLink info:
------------
DLL: V4.76a, compiled Aug 28 2013 10:48:19
Firmware: J-Link ARM V8 compiled Nov 28 2014 13:44:46
Hardware: V8.00
S/N : 268005940 
OEM : SEGGER-EDU 
Feature(s) : FlashBP, GDB 
 
* JLink Info: TotalIRLen = 4, IRPrint = 0x01
* JLink Info: Found Cortex-M3 r2p0, Little endian.
* JLink Info: FPUnit: 6 code (BP) slots and 2 literal slots
* JLink Info: TPIU fitted.
* JLink Info: ETM fitted.
ROMTableAddr = 0xE00FF003
* JLink Info: Found Cortex-M3 r2p0, Little endian.
**JLink Warning: CPU did not halt after bootloader.
**JLink Warning: CPU did not halt after bootloader.
 
Target info:
------------
Device: LPC1768
VTarget = 3.293V
State of Pins: 
TCK: 1, TDI: 0, TDO: 1, TMS: 0, TRES: 1, TRST: 1
Hardware-Breakpoints: 0
Software-Breakpoints: 8192
Watchpoints:          0
JTAG speed: 2000 kHz
 
Erase Done.
Programming Done.
Verify OK.
*** Note: 'Create Batch File' is active - using 'Rebuild'.
Rebuild target 'Open1786'
assembling startup_LPC17xx.s...
compiling system_LPC17xx.c...
compiling core_cm3.c...
compiling lpc17xx_clkpwr.c...
compiling lpc17xx_gpio.c...
compiling lpc17xx_pinsel.c...
compiling lpc17xx_timer.c...
..\Libraries\LCP1768_StdPeriph_Driver\source\lpc17xx_timer.c(115): warning:  #68-D: integer conversion resulted in a change of sign
compiling lpc17xx_exti.c...
compiling lpc17xx_nvic.c...
compiling lpc17xx_ssp.c...
compiling lpc17xx_i2c.c...
..\Libraries\LCP1768_StdPeriph_Driver\source\lpc17xx_i2c.c(598): warning:  #188-D: enumerated type mixed with another type
..\Libraries\LCP1768_StdPeriph_Driver\source\lpc17xx_i2c.c(695): warning:  #188-D: enumerated type mixed with another type
..\Libraries\LCP1768_StdPeriph_Driver\source\lpc17xx_i2c.c(702): warning:  #188-D: enumerated type mixed with another type
..\Libraries\LCP1768_StdPeriph_Driver\source\lpc17xx_i2c.c(750): warning:  #188-D: enumerated type mixed with another type
..\Libraries\LCP1768_StdPeriph_Driver\source\lpc17xx_i2c.c(902): warning:  #188-D: enumerated type mixed with another type
..\Libraries\LCP1768_StdPeriph_Driver\source\lpc17xx_i2c.c(915): warning:  #188-D: enumerated type mixed with another type
..\Libraries\LCP1768_StdPeriph_Driver\source\lpc17xx_i2c.c(952): warning:  #188-D: enumerated type mixed with another type
..\Libraries\LCP1768_StdPeriph_Driver\source\lpc17xx_i2c.c(1162): warning:  #188-D: enumerated type mixed with another type
..\Libraries\LCP1768_StdPeriph_Driver\source\lpc17xx_i2c.c(1186): warning:  #186-D: pointless comparison of unsigned integer with zero
compiling main.c...
..\User\affichagelcd.h(9): warning:  #1-D: last line of file ends without a newline
..\User\main.c(41): warning:  #223-D: function "sprintf" declared implicitly
..\User\main.c(59): warning:  #223-D: function "sprintf" declared implicitly
..\User\main.c(70): warning:  #223-D: function "sprintf" declared implicitly
..\User\main.c(202): warning:  #223-D: function "sprintf" declared implicitly
..\User\main.c(219): warning:  #550-D: variable "tabData" was set but never used
..\User\main.c(256): warning:  #223-D: function "sprintf" declared implicitly
compiling ili_lcd_general.c...
compiling lcd_api.c...
compiling english_16x8.c...
compiling affichagelcd.c...
compiling touch_panel.c...
..\User\touch\touch_panel.c(17): warning:  #177-D: variable "touch_data_tx" was declared but never referenced
linking...
Program Size: Code=16076 RO-data=1776 RW-data=28 ZI-data=716  
FromELF: creating hex file...
".\Output\Project.axf" - 0 Errors, 18 Warning(s).
Load "D:\\Profils\\nsueur\\Downloads\\lpc1768_project-master\\Project\\Output\\Project.axf" 
Set JLink Project File to "D:\Profils\nsueur\Downloads\lpc1768_project-master\Project\JLinkSettings.ini"
* JLink Info: Device "LPC1768" selected (512 KB flash, 32 KB RAM).
 
JLink info:
------------
DLL: V4.76a, compiled Aug 28 2013 10:48:19
Firmware: J-Link ARM V8 compiled Nov 28 2014 13:44:46
Hardware: V8.00
S/N : 268005940 
OEM : SEGGER-EDU 
Feature(s) : FlashBP, GDB 
 
* JLink Info: TotalIRLen = 4, IRPrint = 0x01
* JLink Info: Found Cortex-M3 r2p0, Little endian.
* JLink Info: FPUnit: 6 code (BP) slots and 2 literal slots
* JLink Info: TPIU fitted.
* JLink Info: ETM fitted.
ROMTableAddr = 0xE00FF003
* JLink Info: Found Cortex-M3 r2p0, Little endian.
**JLink Warning: CPU did not halt after bootloader.
**JLink Warning: CPU did not halt after bootloader.
 
Target info:
------------
Device: LPC1768
VTarget = 3.287V
State of Pins: 
TCK: 1, TDI: 0, TDO: 1, TMS: 0, TRES: 1, TRST: 1
Hardware-Breakpoints: 0
Software-Breakpoints: 8192
Watchpoints:          0
JTAG speed: 2000 kHz
 
Erase Done.
Programming Done.
Verify OK.
*** Note: 'Create Batch File' is active - using 'Rebuild'.
Rebuild target 'Open1786'
assembling startup_LPC17xx.s...
compiling system_LPC17xx.c...
compiling core_cm3.c...
compiling lpc17xx_clkpwr.c...
compiling lpc17xx_gpio.c...
compiling lpc17xx_pinsel.c...
compiling lpc17xx_timer.c...
..\Libraries\LCP1768_StdPeriph_Driver\source\lpc17xx_timer.c(115): warning:  #68-D: integer conversion resulted in a change of sign
compiling lpc17xx_exti.c...
compiling lpc17xx_nvic.c...
compiling lpc17xx_ssp.c...
compiling lpc17xx_i2c.c...
..\Libraries\LCP1768_StdPeriph_Driver\source\lpc17xx_i2c.c(598): warning:  #188-D: enumerated type mixed with another type
..\Libraries\LCP1768_StdPeriph_Driver\source\lpc17xx_i2c.c(695): warning:  #188-D: enumerated type mixed with another type
..\Libraries\LCP1768_StdPeriph_Driver\source\lpc17xx_i2c.c(702): warning:  #188-D: enumerated type mixed with another type
..\Libraries\LCP1768_StdPeriph_Driver\source\lpc17xx_i2c.c(750): warning:  #188-D: enumerated type mixed with another type
..\Libraries\LCP1768_StdPeriph_Driver\source\lpc17xx_i2c.c(902): warning:  #188-D: enumerated type mixed with another type
..\Libraries\LCP1768_StdPeriph_Driver\source\lpc17xx_i2c.c(915): warning:  #188-D: enumerated type mixed with another type
..\Libraries\LCP1768_StdPeriph_Driver\source\lpc17xx_i2c.c(952): warning:  #188-D: enumerated type mixed with another type
..\Libraries\LCP1768_StdPeriph_Driver\source\lpc17xx_i2c.c(1162): warning:  #188-D: enumerated type mixed with another type
..\Libraries\LCP1768_StdPeriph_Driver\source\lpc17xx_i2c.c(1186): warning:  #186-D: pointless comparison of unsigned integer with zero
compiling main.c...
..\User\affichagelcd.h(9): warning:  #1-D: last line of file ends without a newline
..\User\main.c(41): warning:  #223-D: function "sprintf" declared implicitly
..\User\main.c(59): warning:  #223-D: function "sprintf" declared implicitly
..\User\main.c(70): warning:  #223-D: function "sprintf" declared implicitly
..\User\main.c(202): warning:  #223-D: function "sprintf" declared implicitly
..\User\main.c(219): warning:  #550-D: variable "tabData" was set but never used
..\User\main.c(240): warning:  #223-D: function "sprintf" declared implicitly
compiling ili_lcd_general.c...
compiling lcd_api.c...
compiling english_16x8.c...
compiling affichagelcd.c...
compiling touch_panel.c...
..\User\touch\touch_panel.c(17): warning:  #177-D: variable "touch_data_tx" was declared but never referenced
linking...
Program Size: Code=16084 RO-data=1776 RW-data=28 ZI-data=716  
FromELF: creating hex file...
".\Output\Project.axf" - 0 Errors, 18 Warning(s).
Load "D:\\Profils\\nsueur\\Downloads\\lpc1768_project-master\\Project\\Output\\Project.axf" 
Set JLink Project File to "D:\Profils\nsueur\Downloads\lpc1768_project-master\Project\JLinkSettings.ini"
* JLink Info: Device "LPC1768" selected (512 KB flash, 32 KB RAM).
 
JLink info:
------------
DLL: V4.76a, compiled Aug 28 2013 10:48:19
Firmware: J-Link ARM V8 compiled Nov 28 2014 13:44:46
Hardware: V8.00
S/N : 268005940 
OEM : SEGGER-EDU 
Feature(s) : FlashBP, GDB 
 
* JLink Info: TotalIRLen = 4, IRPrint = 0x01
* JLink Info: Found Cortex-M3 r2p0, Little endian.
* JLink Info: FPUnit: 6 code (BP) slots and 2 literal slots
* JLink Info: TPIU fitted.
* JLink Info: ETM fitted.
ROMTableAddr = 0xE00FF003
* JLink Info: Found Cortex-M3 r2p0, Little endian.
**JLink Warning: CPU did not halt after bootloader.
**JLink Warning: CPU did not halt after bootloader.
 
Target info:
------------
Device: LPC1768
VTarget = 3.293V
State of Pins: 
TCK: 1, TDI: 0, TDO: 1, TMS: 0, TRES: 1, TRST: 1
Hardware-Breakpoints: 0
Software-Breakpoints: 8192
Watchpoints:          0
JTAG speed: 2000 kHz
 
Erase Done.
Programming Done.
Verify OK.
*** Note: 'Create Batch File' is active - using 'Rebuild'.
Rebuild target 'Open1786'
assembling startup_LPC17xx.s...
compiling system_LPC17xx.c...
compiling core_cm3.c...
compiling lpc17xx_clkpwr.c...
compiling lpc17xx_gpio.c...
compiling lpc17xx_pinsel.c...
compiling lpc17xx_timer.c...
..\Libraries\LCP1768_StdPeriph_Driver\source\lpc17xx_timer.c(115): warning:  #68-D: integer conversion resulted in a change of sign
compiling lpc17xx_exti.c...
compiling lpc17xx_nvic.c...
compiling lpc17xx_ssp.c...
compiling lpc17xx_i2c.c...
..\Libraries\LCP1768_StdPeriph_Driver\source\lpc17xx_i2c.c(598): warning:  #188-D: enumerated type mixed with another type
..\Libraries\LCP1768_StdPeriph_Driver\source\lpc17xx_i2c.c(695): warning:  #188-D: enumerated type mixed with another type
..\Libraries\LCP1768_StdPeriph_Driver\source\lpc17xx_i2c.c(702): warning:  #188-D: enumerated type mixed with another type
..\Libraries\LCP1768_StdPeriph_Driver\source\lpc17xx_i2c.c(750): warning:  #188-D: enumerated type mixed with another type
..\Libraries\LCP1768_StdPeriph_Driver\source\lpc17xx_i2c.c(902): warning:  #188-D: enumerated type mixed with another type
..\Libraries\LCP1768_StdPeriph_Driver\source\lpc17xx_i2c.c(915): warning:  #188-D: enumerated type mixed with another type
..\Libraries\LCP1768_StdPeriph_Driver\source\lpc17xx_i2c.c(952): warning:  #188-D: enumerated type mixed with another type
..\Libraries\LCP1768_StdPeriph_Driver\source\lpc17xx_i2c.c(1162): warning:  #188-D: enumerated type mixed with another type
..\Libraries\LCP1768_StdPeriph_Driver\source\lpc17xx_i2c.c(1186): warning:  #186-D: pointless comparison of unsigned integer with zero
compiling main.c...
..\User\affichagelcd.h(9): warning:  #1-D: last line of file ends without a newline
..\User\main.c(41): warning:  #223-D: function "sprintf" declared implicitly
..\User\main.c(59): warning:  #223-D: function "sprintf" declared implicitly
..\User\main.c(70): warning:  #223-D: function "sprintf" declared implicitly
..\User\main.c(202): warning:  #223-D: function "sprintf" declared implicitly
..\User\main.c(219): warning:  #550-D: variable "tabData" was set but never used
..\User\main.c(240): warning:  #223-D: function "sprintf" declared implicitly
compiling ili_lcd_general.c...
compiling lcd_api.c...
compiling english_16x8.c...
compiling affichagelcd.c...
compiling touch_panel.c...
..\User\touch\touch_panel.c(17): warning:  #177-D: variable "touch_data_tx" was declared but never referenced
linking...
Program Size: Code=16084 RO-data=1776 RW-data=28 ZI-data=716  
FromELF: creating hex file...
".\Output\Project.axf" - 0 Errors, 18 Warning(s).
Load "D:\\Profils\\nsueur\\Downloads\\lpc1768_project-master\\Project\\Output\\Project.axf" 
Set JLink Project File to "D:\Profils\nsueur\Downloads\lpc1768_project-master\Project\JLinkSettings.ini"
* JLink Info: Device "LPC1768" selected (512 KB flash, 32 KB RAM).
 
JLink info:
------------
DLL: V4.76a, compiled Aug 28 2013 10:48:19
Firmware: J-Link ARM V8 compiled Nov 28 2014 13:44:46
Hardware: V8.00
S/N : 268005940 
OEM : SEGGER-EDU 
Feature(s) : FlashBP, GDB 
 
* JLink Info: TotalIRLen = 4, IRPrint = 0x01
* JLink Info: Found Cortex-M3 r2p0, Little endian.
* JLink Info: FPUnit: 6 code (BP) slots and 2 literal slots
* JLink Info: TPIU fitted.
* JLink Info: ETM fitted.
ROMTableAddr = 0xE00FF003
* JLink Info: Found Cortex-M3 r2p0, Little endian.
**JLink Warning: CPU did not halt after bootloader.
**JLink Warning: CPU did not halt after bootloader.
 
Target info:
------------
Device: LPC1768
VTarget = 3.293V
State of Pins: 
TCK: 1, TDI: 0, TDO: 1, TMS: 0, TRES: 1, TRST: 1
Hardware-Breakpoints: 0
Software-Breakpoints: 8192
Watchpoints:          0
JTAG speed: 2000 kHz
 
Erase Done.
Programming Done.
Verify OK.
*** Note: 'Create Batch File' is active - using 'Rebuild'.
Rebuild target 'Open1786'
assembling startup_LPC17xx.s...
compiling system_LPC17xx.c...
compiling core_cm3.c...
compiling lpc17xx_clkpwr.c...
compiling lpc17xx_gpio.c...
compiling lpc17xx_pinsel.c...
compiling lpc17xx_timer.c...
..\Libraries\LCP1768_StdPeriph_Driver\source\lpc17xx_timer.c(115): warning:  #68-D: integer conversion resulted in a change of sign
compiling lpc17xx_exti.c...
compiling lpc17xx_nvic.c...
compiling lpc17xx_ssp.c...
compiling lpc17xx_i2c.c...
..\Libraries\LCP1768_StdPeriph_Driver\source\lpc17xx_i2c.c(598): warning:  #188-D: enumerated type mixed with another type
..\Libraries\LCP1768_StdPeriph_Driver\source\lpc17xx_i2c.c(695): warning:  #188-D: enumerated type mixed with another type
..\Libraries\LCP1768_StdPeriph_Driver\source\lpc17xx_i2c.c(702): warning:  #188-D: enumerated type mixed with another type
..\Libraries\LCP1768_StdPeriph_Driver\source\lpc17xx_i2c.c(750): warning:  #188-D: enumerated type mixed with another type
..\Libraries\LCP1768_StdPeriph_Driver\source\lpc17xx_i2c.c(902): warning:  #188-D: enumerated type mixed with another type
..\Libraries\LCP1768_StdPeriph_Driver\source\lpc17xx_i2c.c(915): warning:  #188-D: enumerated type mixed with another type
..\Libraries\LCP1768_StdPeriph_Driver\source\lpc17xx_i2c.c(952): warning:  #188-D: enumerated type mixed with another type
..\Libraries\LCP1768_StdPeriph_Driver\source\lpc17xx_i2c.c(1162): warning:  #188-D: enumerated type mixed with another type
..\Libraries\LCP1768_StdPeriph_Driver\source\lpc17xx_i2c.c(1186): warning:  #186-D: pointless comparison of unsigned integer with zero
compiling main.c...
..\User\affichagelcd.h(9): warning:  #1-D: last line of file ends without a newline
..\User\main.c(41): warning:  #223-D: function "sprintf" declared implicitly
..\User\main.c(59): warning:  #223-D: function "sprintf" declared implicitly
..\User\main.c(63): warning:  #223-D: function "i2c_eeprom_read" declared implicitly
..\User\main.c(70): warning:  #223-D: function "sprintf" declared implicitly
..\User\main.c(158): error:  #159: declaration is incompatible with previous "i2c_eeprom_read" (declared at line 63)
..\User\main.c(202): warning:  #223-D: function "sprintf" declared implicitly
..\User\main.c(240): warning:  #223-D: function "sprintf" declared implicitly
compiling ili_lcd_general.c...
compiling lcd_api.c...
compiling english_16x8.c...
compiling affichagelcd.c...
compiling touch_panel.c...
..\User\touch\touch_panel.c(17): warning:  #177-D: variable "touch_data_tx" was declared but never referenced
".\Output\Project.axf" - 1 Errors, 18 Warning(s).
Target not created
