ARM Linker, 5.03 [Build 76] [MDK-ARM Lite]

==============================================================================

Section Cross References

    startup_lpc17xx.o(STACK) refers (Special) to heapauxi.o(.text) for __use_two_region_memory
    startup_lpc17xx.o(HEAP) refers (Special) to heapauxi.o(.text) for __use_two_region_memory
    startup_lpc17xx.o(RESET) refers (Special) to heapauxi.o(.text) for __use_two_region_memory
    startup_lpc17xx.o(RESET) refers to startup_lpc17xx.o(STACK) for __initial_sp
    startup_lpc17xx.o(RESET) refers to startup_lpc17xx.o(.text) for Reset_Handler
    startup_lpc17xx.o(RESET) refers to main.o(.text) for TIMER0_IRQHandler
    startup_lpc17xx.o(.ARM.__at_0x02FC) refers (Special) to heapauxi.o(.text) for __use_two_region_memory
    startup_lpc17xx.o(.text) refers (Special) to heapauxi.o(.text) for __use_two_region_memory
    startup_lpc17xx.o(.text) refers to system_lpc17xx.o(.text) for SystemInit
    startup_lpc17xx.o(.text) refers to __main.o(!!!main) for __main
    startup_lpc17xx.o(.text) refers to startup_lpc17xx.o(HEAP) for Heap_Mem
    startup_lpc17xx.o(.text) refers to startup_lpc17xx.o(STACK) for Stack_Mem
    system_lpc17xx.o(.text) refers to system_lpc17xx.o(.data) for SystemCoreClock
    lpc17xx_clkpwr.o(.text) refers to system_lpc17xx.o(.data) for SystemCoreClock
    lpc17xx_timer.o(.text) refers to lpc17xx_clkpwr.o(.text) for CLKPWR_GetPCLK
    lpc17xx_timer.o(.text) refers to lludivv7m.o(.text) for __aeabi_uldivmod
    lpc17xx_timer.o(.text) refers to main.o(.text) for check_failed
    lpc17xx_ssp.o(.text) refers to main.o(.text) for check_failed
    lpc17xx_ssp.o(.text) refers to lpc17xx_clkpwr.o(.text) for CLKPWR_GetPCLK
    lpc17xx_i2c.o(.text) refers to main.o(.text) for check_failed
    lpc17xx_i2c.o(.text) refers to lpc17xx_clkpwr.o(.text) for CLKPWR_GetPCLK
    lpc17xx_i2c.o(.text) refers to lpc17xx_i2c.o(.bss) for i2cdat
    lpc17xx_i2c.o(.text) refers to lpc17xx_i2c.o(.data) for I2C_MonitorBufferIndex
    main.o(.text) refers to _printf_percent.o(.ARM.Collect$$_printf_percent$$00000000) for _printf_percent
    main.o(.text) refers to _printf_d.o(.ARM.Collect$$_printf_percent$$00000009) for _printf_d
    main.o(.text) refers to _printf_dec.o(.text) for _printf_int_dec
    main.o(.text) refers to _printf_pad.o(.text) for _printf_pre_padding
    main.o(.text) refers to lpc17xx_pinsel.o(.text) for PINSEL_ConfigPin
    main.o(.text) refers to lpc17xx_i2c.o(.text) for I2C_Init
    main.o(.text) refers to lpc17xx_timer.o(.text) for TIM_ConfigMatch
    main.o(.text) refers to noretval__2sprintf.o(.text) for __2sprintf
    main.o(.text) refers to lcd_api.o(.text) for LCD_write_english_string
    main.o(.text) refers to affichagelcd.o(.text) for dessiner_rect
    main.o(.text) refers to main.o(.data) for score
    main.o(.text) refers to main.o(.bss) for chaine
    main.o(.text) refers to ili_lcd_general.o(.text) for lcd_Initializtion
    main.o(.text) refers to touch_panel.o(.text) for touch_init
    ili_lcd_general.o(.text) refers to lpc17xx_gpio.o(.text) for FIO_SetDir
    ili_lcd_general.o(.text) refers to ili_lcd_general.o(i.write_cmd) for write_cmd
    ili_lcd_general.o(.text) refers to ili_lcd_general.o(i.lcd_send) for lcd_send
    ili_lcd_general.o(.text) refers to ili_lcd_general.o(i.wait_delay) for wait_delay
    ili_lcd_general.o(.text) refers to ili_lcd_general.o(i.write_reg) for write_reg
    ili_lcd_general.o(.text) refers to ili_lcd_general.o(i.read_data) for read_data
    ili_lcd_general.o(.text) refers to ili_lcd_general.o(.data) for deviceid
    lcd_api.o(.text) refers to ili_lcd_general.o(.text) for lcd_SetCursor
    lcd_api.o(.text) refers to english_16x8.o(.constdata) for english
    affichagelcd.o(.text) refers to ili_lcd_general.o(.text) for lcd_SetCursor
    touch_panel.o(.text) refers to _printf_pad.o(.text) for _printf_pre_padding
    touch_panel.o(.text) refers to _printf_percent.o(.ARM.Collect$$_printf_percent$$00000000) for _printf_percent
    touch_panel.o(.text) refers to _printf_d.o(.ARM.Collect$$_printf_percent$$00000009) for _printf_d
    touch_panel.o(.text) refers to _printf_dec.o(.text) for _printf_int_dec
    touch_panel.o(.text) refers to lpc17xx_ssp.o(.text) for SSP_ReadWrite
    touch_panel.o(.text) refers to lpc17xx_pinsel.o(.text) for PINSEL_ConfigPin
    touch_panel.o(.text) refers to lpc17xx_gpio.o(.text) for GPIO_SetDir
    touch_panel.o(.text) refers to noretval__2sprintf.o(.text) for __2sprintf
    touch_panel.o(.text) refers to lcd_api.o(.text) for LCD_write_english_string
    touch_panel.o(.text) refers to touch_panel.o(.bss) for LCDSPI1Data
    touch_panel.o(.text) refers to main.o(.data) for touch_x
    __2sprintf.o(.text) refers to _printf_char_common.o(.text) for _printf_char_common
    __2sprintf.o(.text) refers to _sputc.o(.text) for _sputc
    noretval__2sprintf.o(.text) refers to _printf_char_common.o(.text) for _printf_char_common
    noretval__2sprintf.o(.text) refers to _sputc.o(.text) for _sputc
    __printf.o(.text) refers to _printf_percent.o(.ARM.Collect$$_printf_percent$$00000000) for _printf_percent
    _printf_dec.o(.text) refers to _printf_intcommon.o(.text) for _printf_int_common
    __printf_flags.o(.text) refers to _printf_percent.o(.ARM.Collect$$_printf_percent$$00000000) for _printf_percent
    __printf_flags.o(.text) refers to __printf_flags.o(.constdata) for .constdata
    __printf_ss.o(.text) refers to _printf_percent.o(.ARM.Collect$$_printf_percent$$00000000) for _printf_percent
    __printf_flags_ss.o(.text) refers to _printf_percent.o(.ARM.Collect$$_printf_percent$$00000000) for _printf_percent
    __printf_flags_ss.o(.text) refers to __printf_flags_ss.o(.constdata) for .constdata
    __printf_wp.o(.text) refers to __printf_wp.o(i._is_digit) for _is_digit
    __printf_wp.o(.text) refers to _printf_percent.o(.ARM.Collect$$_printf_percent$$00000000) for _printf_percent
    __printf_flags_wp.o(.text) refers to __printf_wp.o(i._is_digit) for _is_digit
    __printf_flags_wp.o(.text) refers to _printf_percent.o(.ARM.Collect$$_printf_percent$$00000000) for _printf_percent
    __printf_flags_wp.o(.text) refers to __printf_flags_wp.o(.constdata) for .constdata
    __printf_ss_wp.o(.text) refers to __printf_wp.o(i._is_digit) for _is_digit
    __printf_ss_wp.o(.text) refers to _printf_percent.o(.ARM.Collect$$_printf_percent$$00000000) for _printf_percent
    __printf_flags_ss_wp.o(.text) refers to __printf_wp.o(i._is_digit) for _is_digit
    __printf_flags_ss_wp.o(.text) refers to _printf_percent.o(.ARM.Collect$$_printf_percent$$00000000) for _printf_percent
    __printf_flags_ss_wp.o(.text) refers to __printf_flags_ss_wp.o(.constdata) for .constdata
    _printf_d.o(.ARM.Collect$$_printf_percent$$00000009) refers (Weak) to _printf_dec.o(.text) for _printf_int_dec
    _printf_percent.o(.ARM.Collect$$_printf_percent$$00000000) refers (Special) to _printf_percent_end.o(.ARM.Collect$$_printf_percent$$00000017) for _printf_percent_end
    __main.o(!!!main) refers to rtentry.o(.ARM.Collect$$rtentry$$00000000) for __rt_entry
    rtentry.o(.ARM.Collect$$rtentry$$00000000) refers (Special) to rtentry2.o(.ARM.Collect$$rtentry$$0000000A) for __rt_entry_li
    rtentry.o(.ARM.Collect$$rtentry$$00000000) refers (Special) to rtentry2.o(.ARM.Collect$$rtentry$$0000000D) for __rt_entry_main
    rtentry.o(.ARM.Collect$$rtentry$$00000000) refers (Special) to rtentry2.o(.ARM.Collect$$rtentry$$0000000C) for __rt_entry_postli_1
    rtentry.o(.ARM.Collect$$rtentry$$00000000) refers (Special) to rtentry2.o(.ARM.Collect$$rtentry$$00000009) for __rt_entry_postsh_1
    rtentry.o(.ARM.Collect$$rtentry$$00000000) refers (Special) to rtentry2.o(.ARM.Collect$$rtentry$$00000002) for __rt_entry_presh_1
    rtentry.o(.ARM.Collect$$rtentry$$00000000) refers (Special) to rtentry4.o(.ARM.Collect$$rtentry$$00000004) for __rt_entry_sh
    aeabi_ldiv0_sigfpe.o(.text) refers to rt_div0.o(.text) for __rt_div0
    _printf_intcommon.o(.text) refers (Weak) to _printf_pad.o(.text) for _printf_pre_padding
    _printf_intcommon.o(.text) refers (Weak) to _printf_pad.o(.text) for _printf_pre_padding
    _printf_intcommon.o(.text) refers (Weak) to _printf_pad.o(.text) for _printf_post_padding
    _printf_char_common.o(.text) refers to __printf_flags_wp.o(.text) for __printf
    rtentry2.o(.ARM.Collect$$rtentry$$00000008) refers to boardinit2.o(.text) for _platform_post_stackheap_init
    rtentry2.o(.ARM.Collect$$rtentry$$0000000A) refers to libinit.o(.ARM.Collect$$libinit$$00000000) for __rt_lib_init
    rtentry2.o(.ARM.Collect$$rtentry$$0000000B) refers to boardinit3.o(.text) for _platform_post_lib_init
    rtentry2.o(.ARM.Collect$$rtentry$$0000000D) refers to main.o(.text) for main
    rtentry2.o(.ARM.Collect$$rtentry$$0000000D) refers to exit.o(.text) for exit
    rtentry2.o(.ARM.exidx) refers to rtentry2.o(.ARM.Collect$$rtentry$$00000001) for .ARM.Collect$$rtentry$$00000001
    rtentry2.o(.ARM.exidx) refers to rtentry2.o(.ARM.Collect$$rtentry$$00000008) for .ARM.Collect$$rtentry$$00000008
    rtentry2.o(.ARM.exidx) refers to rtentry2.o(.ARM.Collect$$rtentry$$0000000A) for .ARM.Collect$$rtentry$$0000000A
    rtentry2.o(.ARM.exidx) refers to rtentry2.o(.ARM.Collect$$rtentry$$0000000B) for .ARM.Collect$$rtentry$$0000000B
    rtentry2.o(.ARM.exidx) refers to rtentry2.o(.ARM.Collect$$rtentry$$0000000D) for .ARM.Collect$$rtentry$$0000000D
    rtentry4.o(.ARM.Collect$$rtentry$$00000004) refers to sys_stackheap_outer.o(.text) for __user_setup_stackheap
    rtentry4.o(.ARM.exidx) refers to rtentry4.o(.ARM.Collect$$rtentry$$00000004) for .ARM.Collect$$rtentry$$00000004
    rt_div0.o(.text) refers to defsig_fpe_outer.o(.text) for __rt_SIGFPE
    sys_stackheap_outer.o(.text) refers to libspace.o(.text) for __user_perproc_libspace
    sys_stackheap_outer.o(.text) refers to startup_lpc17xx.o(.text) for __user_initial_stackheap
    exit.o(.text) refers to rtexit.o(.ARM.Collect$$rtexit$$00000000) for __rt_exit
    defsig_fpe_outer.o(.text) refers to defsig_fpe_inner.o(.text) for __rt_SIGFPE_inner
    defsig_fpe_outer.o(.text) refers to defsig_exit.o(.text) for __sig_exit
    defsig_fpe_formal.o(.text) refers to rt_raise.o(.text) for __rt_raise
    libinit.o(.ARM.Collect$$libinit$$00000000) refers (Special) to libinit2.o(.ARM.Collect$$libinit$$0000002C) for __rt_lib_init_alloca_1
    libinit.o(.ARM.Collect$$libinit$$00000000) refers (Special) to libinit2.o(.ARM.Collect$$libinit$$0000002A) for __rt_lib_init_argv_1
    libinit.o(.ARM.Collect$$libinit$$00000000) refers (Special) to libinit2.o(.ARM.Collect$$libinit$$00000019) for __rt_lib_init_atexit_1
    libinit.o(.ARM.Collect$$libinit$$00000000) refers (Special) to libinit2.o(.ARM.Collect$$libinit$$0000001F) for __rt_lib_init_clock_1
    libinit.o(.ARM.Collect$$libinit$$00000000) refers (Special) to libinit2.o(.ARM.Collect$$libinit$$00000030) for __rt_lib_init_cpp_1
    libinit.o(.ARM.Collect$$libinit$$00000000) refers (Special) to libinit2.o(.ARM.Collect$$libinit$$0000002E) for __rt_lib_init_exceptions_1
    libinit.o(.ARM.Collect$$libinit$$00000000) refers (Special) to libinit2.o(.ARM.Collect$$libinit$$00000002) for __rt_lib_init_fp_1
    libinit.o(.ARM.Collect$$libinit$$00000000) refers (Special) to libinit2.o(.ARM.Collect$$libinit$$0000001D) for __rt_lib_init_fp_trap_1
    libinit.o(.ARM.Collect$$libinit$$00000000) refers (Special) to libinit2.o(.ARM.Collect$$libinit$$00000021) for __rt_lib_init_getenv_1
    libinit.o(.ARM.Collect$$libinit$$00000000) refers (Special) to libinit2.o(.ARM.Collect$$libinit$$00000008) for __rt_lib_init_heap_1
    libinit.o(.ARM.Collect$$libinit$$00000000) refers (Special) to libinit2.o(.ARM.Collect$$libinit$$0000000F) for __rt_lib_init_lc_collate_1
    libinit.o(.ARM.Collect$$libinit$$00000000) refers (Special) to libinit2.o(.ARM.Collect$$libinit$$00000011) for __rt_lib_init_lc_ctype_1
    libinit.o(.ARM.Collect$$libinit$$00000000) refers (Special) to libinit2.o(.ARM.Collect$$libinit$$00000013) for __rt_lib_init_lc_monetary_1
    libinit.o(.ARM.Collect$$libinit$$00000000) refers (Special) to libinit2.o(.ARM.Collect$$libinit$$00000015) for __rt_lib_init_lc_numeric_1
    libinit.o(.ARM.Collect$$libinit$$00000000) refers (Special) to libinit2.o(.ARM.Collect$$libinit$$00000017) for __rt_lib_init_lc_time_1
    libinit.o(.ARM.Collect$$libinit$$00000000) refers (Special) to libinit2.o(.ARM.Collect$$libinit$$0000000C) for __rt_lib_init_rand_1
    libinit.o(.ARM.Collect$$libinit$$00000000) refers (Special) to libinit2.o(.ARM.Collect$$libinit$$00000031) for __rt_lib_init_return
    libinit.o(.ARM.Collect$$libinit$$00000000) refers (Special) to libinit2.o(.ARM.Collect$$libinit$$0000001B) for __rt_lib_init_signal_1
    libinit.o(.ARM.Collect$$libinit$$00000000) refers (Special) to libinit2.o(.ARM.Collect$$libinit$$00000023) for __rt_lib_init_stdio_1
    libinit.o(.ARM.Collect$$libinit$$00000000) refers (Special) to libinit2.o(.ARM.Collect$$libinit$$0000000A) for __rt_lib_init_user_alloc_1
    libspace.o(.text) refers to libspace.o(.bss) for __libspace_start
    rtexit.o(.ARM.Collect$$rtexit$$00000000) refers (Special) to rtexit2.o(.ARM.Collect$$rtexit$$00000004) for __rt_exit_exit
    rtexit.o(.ARM.Collect$$rtexit$$00000000) refers (Special) to rtexit2.o(.ARM.Collect$$rtexit$$00000003) for __rt_exit_ls
    rtexit.o(.ARM.Collect$$rtexit$$00000000) refers (Special) to rtexit2.o(.ARM.Collect$$rtexit$$00000002) for __rt_exit_prels_1
    rtexit.o(.ARM.exidx) refers (Special) to rtexit2.o(.ARM.Collect$$rtexit$$00000004) for __rt_exit_exit
    rtexit.o(.ARM.exidx) refers (Special) to rtexit2.o(.ARM.Collect$$rtexit$$00000003) for __rt_exit_ls
    rtexit.o(.ARM.exidx) refers (Special) to rtexit2.o(.ARM.Collect$$rtexit$$00000002) for __rt_exit_prels_1
    rtexit.o(.ARM.exidx) refers to rtexit.o(.ARM.Collect$$rtexit$$00000000) for .ARM.Collect$$rtexit$$00000000
    rt_raise.o(.text) refers to __raise.o(.text) for __raise
    rt_raise.o(.text) refers to sys_exit.o(.text) for _sys_exit
    defsig_exit.o(.text) refers to sys_exit.o(.text) for _sys_exit
    defsig_fpe_inner.o(.text) refers to defsig_general.o(.text) for __default_signal_display
    libinit2.o(.ARM.Collect$$libinit$$0000000E) refers to libinit2.o(.ARM.Collect$$libinit$$0000000D) for .ARM.Collect$$libinit$$0000000D
    libinit2.o(.ARM.Collect$$libinit$$00000010) refers to libinit2.o(.ARM.Collect$$libinit$$0000000D) for .ARM.Collect$$libinit$$0000000D
    libinit2.o(.ARM.Collect$$libinit$$00000012) refers to libinit2.o(.ARM.Collect$$libinit$$0000000D) for .ARM.Collect$$libinit$$0000000D
    libinit2.o(.ARM.Collect$$libinit$$00000014) refers to libinit2.o(.ARM.Collect$$libinit$$0000000D) for .ARM.Collect$$libinit$$0000000D
    libinit2.o(.ARM.Collect$$libinit$$00000016) refers to libinit2.o(.ARM.Collect$$libinit$$0000000D) for .ARM.Collect$$libinit$$0000000D
    libinit2.o(.ARM.Collect$$libinit$$00000024) refers to argv_veneer.o(.emb_text) for __ARM_argv_veneer
    libinit2.o(.ARM.Collect$$libinit$$00000025) refers to argv_veneer.o(.emb_text) for __ARM_argv_veneer
    sys_exit.o(.text) refers (Special) to use_no_semi.o(.text) for __I$use$semihosting
    sys_exit.o(.text) refers (Special) to indicate_semi.o(.text) for __semihosting_library_function
    rtexit2.o(.ARM.Collect$$rtexit$$00000003) refers to libshutdown.o(.ARM.Collect$$libshutdown$$00000000) for __rt_lib_shutdown
    rtexit2.o(.ARM.Collect$$rtexit$$00000004) refers to sys_exit.o(.text) for _sys_exit
    rtexit2.o(.ARM.exidx) refers to rtexit2.o(.ARM.Collect$$rtexit$$00000001) for .ARM.Collect$$rtexit$$00000001
    rtexit2.o(.ARM.exidx) refers to rtexit2.o(.ARM.Collect$$rtexit$$00000003) for .ARM.Collect$$rtexit$$00000003
    rtexit2.o(.ARM.exidx) refers to rtexit2.o(.ARM.Collect$$rtexit$$00000004) for .ARM.Collect$$rtexit$$00000004
    __raise.o(.text) refers to defsig.o(CL$$defsig) for __default_signal_handler
    defsig_general.o(.text) refers to sys_wrch.o(.text) for _ttywrch
    argv_veneer.o(.emb_text) refers to no_argv.o(.text) for __ARM_get_argv
    sys_wrch.o(.text) refers (Special) to use_no_semi.o(.text) for __I$use$semihosting
    sys_wrch.o(.text) refers (Special) to indicate_semi.o(.text) for __semihosting_library_function
    defsig.o(CL$$defsig) refers to defsig_fpe_inner.o(.text) for __rt_SIGFPE_inner
    defsig.o(CL$$defsig) refers to defsig_rtmem_inner.o(.text) for __rt_SIGRTMEM_inner
    _get_argv_nomalloc.o(.text) refers (Special) to hrguard.o(.text) for __heap_region$guard
    _get_argv_nomalloc.o(.text) refers to defsig_rtmem_outer.o(.text) for __rt_SIGRTMEM
    _get_argv_nomalloc.o(.text) refers to sys_command.o(.text) for _sys_command_string
    libshutdown.o(.ARM.Collect$$libshutdown$$00000000) refers (Special) to libshutdown2.o(.ARM.Collect$$libshutdown$$00000006) for __rt_lib_shutdown_fp_trap_1
    libshutdown.o(.ARM.Collect$$libshutdown$$00000000) refers (Special) to libshutdown2.o(.ARM.Collect$$libshutdown$$0000000E) for __rt_lib_shutdown_heap_1
    libshutdown.o(.ARM.Collect$$libshutdown$$00000000) refers (Special) to libshutdown2.o(.ARM.Collect$$libshutdown$$0000000F) for __rt_lib_shutdown_return
    libshutdown.o(.ARM.Collect$$libshutdown$$00000000) refers (Special) to libshutdown2.o(.ARM.Collect$$libshutdown$$00000009) for __rt_lib_shutdown_signal_1
    libshutdown.o(.ARM.Collect$$libshutdown$$00000000) refers (Special) to libshutdown2.o(.ARM.Collect$$libshutdown$$00000003) for __rt_lib_shutdown_stdio_1
    libshutdown.o(.ARM.Collect$$libshutdown$$00000000) refers (Special) to libshutdown2.o(.ARM.Collect$$libshutdown$$0000000B) for __rt_lib_shutdown_user_alloc_1
    sys_command.o(.text) refers (Special) to use_no_semi.o(.text) for __I$use$semihosting
    sys_command.o(.text) refers (Special) to indicate_semi.o(.text) for __semihosting_library_function
    defsig_abrt_inner.o(.text) refers to defsig_general.o(.text) for __default_signal_display
    defsig_rtred_inner.o(.text) refers to defsig_general.o(.text) for __default_signal_display
    defsig_rtmem_inner.o(.text) refers to defsig_general.o(.text) for __default_signal_display
    defsig_rtmem_outer.o(.text) refers to defsig_rtmem_inner.o(.text) for __rt_SIGRTMEM_inner
    defsig_rtmem_outer.o(.text) refers to defsig_exit.o(.text) for __sig_exit
    defsig_rtmem_formal.o(.text) refers to rt_raise.o(.text) for __rt_raise
    defsig_stak_inner.o(.text) refers to defsig_general.o(.text) for __default_signal_display
    defsig_pvfn_inner.o(.text) refers to defsig_general.o(.text) for __default_signal_display
    defsig_cppl_inner.o(.text) refers to defsig_general.o(.text) for __default_signal_display
    defsig_segv_inner.o(.text) refers to defsig_general.o(.text) for __default_signal_display
    defsig_other.o(.text) refers to defsig_general.o(.text) for __default_signal_display
    ili_lcd_general.o(i.write_cmd) refers to ili_lcd_general.o(i.lcd_send) for lcd_send
    ili_lcd_general.o(i.write_cmd) refers to ili_lcd_general.o(i.wait_delay) for wait_delay
    ili_lcd_general.o(i.read_data) refers to ili_lcd_general.o(i.wait_delay) for wait_delay
    ili_lcd_general.o(i.write_reg) refers to ili_lcd_general.o(i.write_cmd) for write_cmd
    ili_lcd_general.o(i.write_reg) refers to ili_lcd_general.o(.text) for write_data


==============================================================================

Removing Unused input sections from the image.

    Removing system_lpc17xx.o(.emb_text), (8 bytes).
    Removing lpc17xx_clkpwr.o(.emb_text), (8 bytes).
    Removing lpc17xx_gpio.o(.emb_text), (8 bytes).
    Removing lpc17xx_pinsel.o(.emb_text), (8 bytes).
    Removing lpc17xx_timer.o(.emb_text), (8 bytes).
    Removing lpc17xx_exti.o(.emb_text), (8 bytes).
    Removing lpc17xx_exti.o(.text), (196 bytes).
    Removing lpc17xx_nvic.o(.emb_text), (8 bytes).
    Removing lpc17xx_nvic.o(.text), (168 bytes).
    Removing lpc17xx_ssp.o(.emb_text), (8 bytes).
    Removing lpc17xx_i2c.o(.emb_text), (8 bytes).
    Removing main.o(.emb_text), (8 bytes).
    Removing ili_lcd_general.o(.emb_text), (8 bytes).
    Removing lcd_api.o(.emb_text), (8 bytes).
    Removing affichagelcd.o(.emb_text), (8 bytes).
    Removing touch_panel.o(.emb_text), (8 bytes).

16 unused section(s) (total 476 bytes) removed from the image.

==============================================================================

Image Symbol Table

    Local Symbols

    Symbol Name                              Value     Ov Type        Size  Object(Section)

    RESET                                    0x00000000   Section      204  startup_lpc17xx.o(RESET)
    ../clib/angel/boardlib.s                 0x00000000   Number         0  boardinit2.o ABSOLUTE
    ../clib/angel/boardlib.s                 0x00000000   Number         0  boardinit3.o ABSOLUTE
    ../clib/angel/boardlib.s                 0x00000000   Number         0  boardshut.o ABSOLUTE
    ../clib/angel/boardlib.s                 0x00000000   Number         0  boardinit1.o ABSOLUTE
    ../clib/angel/handlers.s                 0x00000000   Number         0  __scatter_zi.o ABSOLUTE
    ../clib/angel/handlers.s                 0x00000000   Number         0  __scatter_copy.o ABSOLUTE
    ../clib/angel/kernel.s                   0x00000000   Number         0  rtexit.o ABSOLUTE
    ../clib/angel/kernel.s                   0x00000000   Number         0  rtexit2.o ABSOLUTE
    ../clib/angel/kernel.s                   0x00000000   Number         0  rtentry.o ABSOLUTE
    ../clib/angel/kernel.s                   0x00000000   Number         0  rtentry2.o ABSOLUTE
    ../clib/angel/kernel.s                   0x00000000   Number         0  rtentry4.o ABSOLUTE
    ../clib/angel/rt.s                       0x00000000   Number         0  rt_raise.o ABSOLUTE
    ../clib/angel/rt.s                       0x00000000   Number         0  aeabi_ldiv0.o ABSOLUTE
    ../clib/angel/rt.s                       0x00000000   Number         0  aeabi_ldiv0_sigfpe.o ABSOLUTE
    ../clib/angel/rt.s                       0x00000000   Number         0  rt_div0.o ABSOLUTE
    ../clib/angel/scatter.s                  0x00000000   Number         0  __scatter.o ABSOLUTE
    ../clib/angel/startup.s                  0x00000000   Number         0  __main.o ABSOLUTE
    ../clib/angel/sys.s                      0x00000000   Number         0  libspace.o ABSOLUTE
    ../clib/angel/sys.s                      0x00000000   Number         0  use_no_semi.o ABSOLUTE
    ../clib/angel/sys.s                      0x00000000   Number         0  sys_stackheap_outer.o ABSOLUTE
    ../clib/angel/sys.s                      0x00000000   Number         0  indicate_semi.o ABSOLUTE
    ../clib/angel/sysapp.c                   0x00000000   Number         0  sys_command.o ABSOLUTE
    ../clib/angel/sysapp.c                   0x00000000   Number         0  sys_wrch.o ABSOLUTE
    ../clib/angel/sysapp.c                   0x00000000   Number         0  sys_exit.o ABSOLUTE
    ../clib/armsys.c                         0x00000000   Number         0  no_argv.o ABSOLUTE
    ../clib/armsys.c                         0x00000000   Number         0  _get_argv_nomalloc.o ABSOLUTE
    ../clib/armsys.c                         0x00000000   Number         0  argv_veneer.o ABSOLUTE
    ../clib/armsys.c                         0x00000000   Number         0  argv_veneer.o ABSOLUTE
    ../clib/heapalloc.c                      0x00000000   Number         0  hrguard.o ABSOLUTE
    ../clib/heapaux.c                        0x00000000   Number         0  heapauxi.o ABSOLUTE
    ../clib/libinit.s                        0x00000000   Number         0  libinit.o ABSOLUTE
    ../clib/libinit.s                        0x00000000   Number         0  libinit2.o ABSOLUTE
    ../clib/libinit.s                        0x00000000   Number         0  libshutdown.o ABSOLUTE
    ../clib/libinit.s                        0x00000000   Number         0  libshutdown2.o ABSOLUTE
    ../clib/longlong.s                       0x00000000   Number         0  lludivv7m.o ABSOLUTE
    ../clib/misc.s                           0x00000000   Number         0  printf_stubs.o ABSOLUTE
    ../clib/printf.c                         0x00000000   Number         0  __printf_ss_wp.o ABSOLUTE
    ../clib/printf.c                         0x00000000   Number         0  __printf_flags_ss_wp.o ABSOLUTE
    ../clib/printf.c                         0x00000000   Number         0  _printf_char_common.o ABSOLUTE
    ../clib/printf.c                         0x00000000   Number         0  __printf_nopercent.o ABSOLUTE
    ../clib/printf.c                         0x00000000   Number         0  __2sprintf.o ABSOLUTE
    ../clib/printf.c                         0x00000000   Number         0  noretval__2sprintf.o ABSOLUTE
    ../clib/printf.c                         0x00000000   Number         0  _sputc.o ABSOLUTE
    ../clib/printf.c                         0x00000000   Number         0  __printf.o ABSOLUTE
    ../clib/printf.c                         0x00000000   Number         0  _printf_pad.o ABSOLUTE
    ../clib/printf.c                         0x00000000   Number         0  _printf_dec.o ABSOLUTE
    ../clib/printf.c                         0x00000000   Number         0  _printf_intcommon.o ABSOLUTE
    ../clib/printf.c                         0x00000000   Number         0  __printf_flags.o ABSOLUTE
    ../clib/printf.c                         0x00000000   Number         0  __printf_ss.o ABSOLUTE
    ../clib/printf.c                         0x00000000   Number         0  __printf_flags_ss.o ABSOLUTE
    ../clib/printf.c                         0x00000000   Number         0  __printf_wp.o ABSOLUTE
    ../clib/printf.c                         0x00000000   Number         0  __printf_flags_wp.o ABSOLUTE
    ../clib/printf_percent.s                 0x00000000   Number         0  _printf_d.o ABSOLUTE
    ../clib/printf_percent.s                 0x00000000   Number         0  _printf_percent.o ABSOLUTE
    ../clib/printf_percent.s                 0x00000000   Number         0  _printf_percent_end.o ABSOLUTE
    ../clib/signal.c                         0x00000000   Number         0  defsig_rtmem_formal.o ABSOLUTE
    ../clib/signal.c                         0x00000000   Number         0  defsig_rtmem_outer.o ABSOLUTE
    ../clib/signal.c                         0x00000000   Number         0  __raise.o ABSOLUTE
    ../clib/signal.c                         0x00000000   Number         0  defsig_cppl_inner.o ABSOLUTE
    ../clib/signal.c                         0x00000000   Number         0  defsig_exit.o ABSOLUTE
    ../clib/signal.c                         0x00000000   Number         0  defsig_fpe_inner.o ABSOLUTE
    ../clib/signal.c                         0x00000000   Number         0  defsig_other.o ABSOLUTE
    ../clib/signal.c                         0x00000000   Number         0  defsig_segv_inner.o ABSOLUTE
    ../clib/signal.c                         0x00000000   Number         0  defsig_pvfn_inner.o ABSOLUTE
    ../clib/signal.c                         0x00000000   Number         0  defsig_fpe_formal.o ABSOLUTE
    ../clib/signal.c                         0x00000000   Number         0  defsig_fpe_outer.o ABSOLUTE
    ../clib/signal.c                         0x00000000   Number         0  defsig_rtmem_inner.o ABSOLUTE
    ../clib/signal.c                         0x00000000   Number         0  defsig_general.o ABSOLUTE
    ../clib/signal.c                         0x00000000   Number         0  defsig_rtred_inner.o ABSOLUTE
    ../clib/signal.c                         0x00000000   Number         0  defsig_abrt_inner.o ABSOLUTE
    ../clib/signal.c                         0x00000000   Number         0  defsig_stak_inner.o ABSOLUTE
    ../clib/signal.s                         0x00000000   Number         0  defsig.o ABSOLUTE
    ../clib/stdlib.c                         0x00000000   Number         0  exit.o ABSOLUTE
    ../fplib/fpinit.s                        0x00000000   Number         0  fpinit.o ABSOLUTE
    ..\Libraries\CM3\CoreSupport\core_cm3.c  0x00000000   Number         0  core_cm3.o ABSOLUTE
    ..\Libraries\CM3\DeviceSupport\NXP\LPC17xx\startup\arm\startup_LPC17xx.s 0x00000000   Number         0  startup_lpc17xx.o ABSOLUTE
    ..\Libraries\CM3\DeviceSupport\NXP\LPC17xx\system_LPC17xx.c 0x00000000   Number         0  system_lpc17xx.o ABSOLUTE
    ..\Libraries\LCP1768_StdPeriph_Driver\source\lpc17xx_clkpwr.c 0x00000000   Number         0  lpc17xx_clkpwr.o ABSOLUTE
    ..\Libraries\LCP1768_StdPeriph_Driver\source\lpc17xx_exti.c 0x00000000   Number         0  lpc17xx_exti.o ABSOLUTE
    ..\Libraries\LCP1768_StdPeriph_Driver\source\lpc17xx_gpio.c 0x00000000   Number         0  lpc17xx_gpio.o ABSOLUTE
    ..\Libraries\LCP1768_StdPeriph_Driver\source\lpc17xx_i2c.c 0x00000000   Number         0  lpc17xx_i2c.o ABSOLUTE
    ..\Libraries\LCP1768_StdPeriph_Driver\source\lpc17xx_nvic.c 0x00000000   Number         0  lpc17xx_nvic.o ABSOLUTE
    ..\Libraries\LCP1768_StdPeriph_Driver\source\lpc17xx_pinsel.c 0x00000000   Number         0  lpc17xx_pinsel.o ABSOLUTE
    ..\Libraries\LCP1768_StdPeriph_Driver\source\lpc17xx_ssp.c 0x00000000   Number         0  lpc17xx_ssp.o ABSOLUTE
    ..\Libraries\LCP1768_StdPeriph_Driver\source\lpc17xx_timer.c 0x00000000   Number         0  lpc17xx_timer.o ABSOLUTE
    ..\User\affichagelcd.c                   0x00000000   Number         0  affichagelcd.o ABSOLUTE
    ..\User\main.c                           0x00000000   Number         0  main.o ABSOLUTE
    ..\User\touch\english_16x8.c             0x00000000   Number         0  english_16x8.o ABSOLUTE
    ..\User\touch\ili_lcd_general.c          0x00000000   Number         0  ili_lcd_general.o ABSOLUTE
    ..\User\touch\lcd_api.c                  0x00000000   Number         0  lcd_api.o ABSOLUTE
    ..\User\touch\touch_panel.c              0x00000000   Number         0  touch_panel.o ABSOLUTE
    ..\\Libraries\\CM3\\DeviceSupport\\NXP\\LPC17xx\\system_LPC17xx.c 0x00000000   Number         0  system_lpc17xx.o ABSOLUTE
    ..\\Libraries\\LCP1768_StdPeriph_Driver\\source\\lpc17xx_clkpwr.c 0x00000000   Number         0  lpc17xx_clkpwr.o ABSOLUTE
    ..\\Libraries\\LCP1768_StdPeriph_Driver\\source\\lpc17xx_exti.c 0x00000000   Number         0  lpc17xx_exti.o ABSOLUTE
    ..\\Libraries\\LCP1768_StdPeriph_Driver\\source\\lpc17xx_gpio.c 0x00000000   Number         0  lpc17xx_gpio.o ABSOLUTE
    ..\\Libraries\\LCP1768_StdPeriph_Driver\\source\\lpc17xx_i2c.c 0x00000000   Number         0  lpc17xx_i2c.o ABSOLUTE
    ..\\Libraries\\LCP1768_StdPeriph_Driver\\source\\lpc17xx_nvic.c 0x00000000   Number         0  lpc17xx_nvic.o ABSOLUTE
    ..\\Libraries\\LCP1768_StdPeriph_Driver\\source\\lpc17xx_pinsel.c 0x00000000   Number         0  lpc17xx_pinsel.o ABSOLUTE
    ..\\Libraries\\LCP1768_StdPeriph_Driver\\source\\lpc17xx_ssp.c 0x00000000   Number         0  lpc17xx_ssp.o ABSOLUTE
    ..\\Libraries\\LCP1768_StdPeriph_Driver\\source\\lpc17xx_timer.c 0x00000000   Number         0  lpc17xx_timer.o ABSOLUTE
    ..\\User\\affichagelcd.c                 0x00000000   Number         0  affichagelcd.o ABSOLUTE
    ..\\User\\main.c                         0x00000000   Number         0  main.o ABSOLUTE
    ..\\User\\touch\\ili_lcd_general.c       0x00000000   Number         0  ili_lcd_general.o ABSOLUTE
    ..\\User\\touch\\lcd_api.c               0x00000000   Number         0  lcd_api.o ABSOLUTE
    ..\\User\\touch\\touch_panel.c           0x00000000   Number         0  touch_panel.o ABSOLUTE
    dc.s                                     0x00000000   Number         0  dc.o ABSOLUTE
    !!!main                                  0x000000cc   Section        8  __main.o(!!!main)
    !!!scatter                               0x000000d4   Section       52  __scatter.o(!!!scatter)
    !!handler_copy                           0x00000108   Section       26  __scatter_copy.o(!!handler_copy)
    !!handler_zi                             0x00000124   Section       28  __scatter_zi.o(!!handler_zi)
    .ARM.Collect$$_printf_percent$$00000000  0x00000140   Section        0  _printf_percent.o(.ARM.Collect$$_printf_percent$$00000000)
    .ARM.Collect$$_printf_percent$$00000009  0x00000140   Section        6  _printf_d.o(.ARM.Collect$$_printf_percent$$00000009)
    .ARM.Collect$$_printf_percent$$00000017  0x00000146   Section        4  _printf_percent_end.o(.ARM.Collect$$_printf_percent$$00000017)
    .ARM.Collect$$libinit$$00000000          0x0000014a   Section        2  libinit.o(.ARM.Collect$$libinit$$00000000)
    .ARM.Collect$$libinit$$00000002          0x0000014c   Section        0  libinit2.o(.ARM.Collect$$libinit$$00000002)
    .ARM.Collect$$libinit$$00000008          0x0000014c   Section        0  libinit2.o(.ARM.Collect$$libinit$$00000008)
    .ARM.Collect$$libinit$$0000000A          0x0000014c   Section        0  libinit2.o(.ARM.Collect$$libinit$$0000000A)
    .ARM.Collect$$libinit$$0000000C          0x0000014c   Section        0  libinit2.o(.ARM.Collect$$libinit$$0000000C)
    .ARM.Collect$$libinit$$0000000F          0x0000014c   Section        0  libinit2.o(.ARM.Collect$$libinit$$0000000F)
    .ARM.Collect$$libinit$$00000011          0x0000014c   Section        0  libinit2.o(.ARM.Collect$$libinit$$00000011)
    .ARM.Collect$$libinit$$00000013          0x0000014c   Section        0  libinit2.o(.ARM.Collect$$libinit$$00000013)
    .ARM.Collect$$libinit$$00000015          0x0000014c   Section        0  libinit2.o(.ARM.Collect$$libinit$$00000015)
    .ARM.Collect$$libinit$$00000017          0x0000014c   Section        0  libinit2.o(.ARM.Collect$$libinit$$00000017)
    .ARM.Collect$$libinit$$00000019          0x0000014c   Section        0  libinit2.o(.ARM.Collect$$libinit$$00000019)
    .ARM.Collect$$libinit$$0000001B          0x0000014c   Section        0  libinit2.o(.ARM.Collect$$libinit$$0000001B)
    .ARM.Collect$$libinit$$0000001D          0x0000014c   Section        0  libinit2.o(.ARM.Collect$$libinit$$0000001D)
    .ARM.Collect$$libinit$$0000001F          0x0000014c   Section        0  libinit2.o(.ARM.Collect$$libinit$$0000001F)
    .ARM.Collect$$libinit$$00000021          0x0000014c   Section        0  libinit2.o(.ARM.Collect$$libinit$$00000021)
    .ARM.Collect$$libinit$$00000023          0x0000014c   Section        0  libinit2.o(.ARM.Collect$$libinit$$00000023)
    .ARM.Collect$$libinit$$0000002A          0x0000014c   Section        0  libinit2.o(.ARM.Collect$$libinit$$0000002A)
    .ARM.Collect$$libinit$$0000002C          0x0000014c   Section        0  libinit2.o(.ARM.Collect$$libinit$$0000002C)
    .ARM.Collect$$libinit$$0000002E          0x0000014c   Section        0  libinit2.o(.ARM.Collect$$libinit$$0000002E)
    .ARM.Collect$$libinit$$00000030          0x0000014c   Section        0  libinit2.o(.ARM.Collect$$libinit$$00000030)
    .ARM.Collect$$libinit$$00000031          0x0000014c   Section        2  libinit2.o(.ARM.Collect$$libinit$$00000031)
    .ARM.Collect$$libshutdown$$00000000      0x0000014e   Section        2  libshutdown.o(.ARM.Collect$$libshutdown$$00000000)
    .ARM.Collect$$libshutdown$$00000003      0x00000150   Section        0  libshutdown2.o(.ARM.Collect$$libshutdown$$00000003)
    .ARM.Collect$$libshutdown$$00000006      0x00000150   Section        0  libshutdown2.o(.ARM.Collect$$libshutdown$$00000006)
    .ARM.Collect$$libshutdown$$00000009      0x00000150   Section        0  libshutdown2.o(.ARM.Collect$$libshutdown$$00000009)
    .ARM.Collect$$libshutdown$$0000000B      0x00000150   Section        0  libshutdown2.o(.ARM.Collect$$libshutdown$$0000000B)
    .ARM.Collect$$libshutdown$$0000000E      0x00000150   Section        0  libshutdown2.o(.ARM.Collect$$libshutdown$$0000000E)
    .ARM.Collect$$libshutdown$$0000000F      0x00000150   Section        2  libshutdown2.o(.ARM.Collect$$libshutdown$$0000000F)
    .ARM.Collect$$rtentry$$00000000          0x00000152   Section        0  rtentry.o(.ARM.Collect$$rtentry$$00000000)
    .ARM.Collect$$rtentry$$00000002          0x00000152   Section        0  rtentry2.o(.ARM.Collect$$rtentry$$00000002)
    .ARM.Collect$$rtentry$$00000004          0x00000152   Section        6  rtentry4.o(.ARM.Collect$$rtentry$$00000004)
    .ARM.Collect$$rtentry$$00000009          0x00000158   Section        0  rtentry2.o(.ARM.Collect$$rtentry$$00000009)
    .ARM.Collect$$rtentry$$0000000A          0x00000158   Section        4  rtentry2.o(.ARM.Collect$$rtentry$$0000000A)
    .ARM.Collect$$rtentry$$0000000C          0x0000015c   Section        0  rtentry2.o(.ARM.Collect$$rtentry$$0000000C)
    .ARM.Collect$$rtentry$$0000000D          0x0000015c   Section        8  rtentry2.o(.ARM.Collect$$rtentry$$0000000D)
    .ARM.Collect$$rtexit$$00000000           0x00000164   Section        2  rtexit.o(.ARM.Collect$$rtexit$$00000000)
    .ARM.Collect$$rtexit$$00000002           0x00000166   Section        0  rtexit2.o(.ARM.Collect$$rtexit$$00000002)
    .ARM.Collect$$rtexit$$00000003           0x00000166   Section        4  rtexit2.o(.ARM.Collect$$rtexit$$00000003)
    .ARM.Collect$$rtexit$$00000004           0x0000016a   Section        6  rtexit2.o(.ARM.Collect$$rtexit$$00000004)
    .text                                    0x00000170   Section       60  startup_lpc17xx.o(.text)
    .text                                    0x000001ac   Section        0  lpc17xx_clkpwr.o(.text)
    .ARM.__at_0x02FC                         0x000002fc   Section        4  startup_lpc17xx.o(.ARM.__at_0x02FC)
    .text                                    0x00000300   Section        0  system_lpc17xx.o(.text)
    .text                                    0x000005a4   Section        0  lpc17xx_gpio.o(.text)
    GPIO_GetPointer                          0x000005a5   Thumb Code    52  lpc17xx_gpio.o(.text)
    FIO_HalfWordGetPointer                   0x000005d9   Thumb Code    52  lpc17xx_gpio.o(.text)
    FIO_ByteGetPointer                       0x0000060d   Thumb Code    52  lpc17xx_gpio.o(.text)
    .text                                    0x000009c8   Section        0  lpc17xx_pinsel.o(.text)
    set_PinFunc                              0x000009c9   Thumb Code    60  lpc17xx_pinsel.o(.text)
    set_ResistorMode                         0x00000a05   Thumb Code    62  lpc17xx_pinsel.o(.text)
    set_OpenDrainMode                        0x00000a43   Thumb Code    44  lpc17xx_pinsel.o(.text)
    .text                                    0x00000ac8   Section        0  lpc17xx_timer.o(.text)
    getPClock                                0x00000ac9   Thumb Code    66  lpc17xx_timer.o(.text)
    converUSecToVal                          0x00000b0b   Thumb Code    50  lpc17xx_timer.o(.text)
    converPtrToTimeNum                       0x00000b3d   Thumb Code    46  lpc17xx_timer.o(.text)
    .text                                    0x0000114c   Section        0  lpc17xx_ssp.o(.text)
    setSSPclock                              0x0000114d   Thumb Code   130  lpc17xx_ssp.o(.text)
    .text                                    0x0000181c   Section        0  lpc17xx_i2c.o(.text)
    I2C_getNum                               0x0000181d   Thumb Code    38  lpc17xx_i2c.o(.text)
    I2C_Start                                0x00001843   Thumb Code    32  lpc17xx_i2c.o(.text)
    I2C_Stop                                 0x00001863   Thumb Code    22  lpc17xx_i2c.o(.text)
    I2C_SendByte                             0x00001879   Thumb Code    40  lpc17xx_i2c.o(.text)
    I2C_GetByte                              0x000018a1   Thumb Code    42  lpc17xx_i2c.o(.text)
    I2C_SetClock                             0x000018cb   Thumb Code    98  lpc17xx_i2c.o(.text)
    NVIC_EnableIRQ                           0x0000236f   Thumb Code    24  lpc17xx_i2c.o(.text)
    NVIC_DisableIRQ                          0x00002387   Thumb Code    18  lpc17xx_i2c.o(.text)
    .text                                    0x000023b8   Section        0  main.o(.text)
    .text                                    0x0000296c   Section        0  ili_lcd_general.o(.text)
    delay                                    0x0000296d   Thumb Code    14  ili_lcd_general.o(.text)
    lcd_port_init                            0x0000297b   Thumb Code    48  ili_lcd_general.o(.text)
    .text                                    0x00003488   Section        0  lcd_api.o(.text)
    .text                                    0x00003538   Section        0  affichagelcd.o(.text)
    .text                                    0x00003628   Section        0  touch_panel.o(.text)
    .text                                    0x00003a00   Section      238  lludivv7m.o(.text)
    .text                                    0x00003af0   Section        0  noretval__2sprintf.o(.text)
    .text                                    0x00003b18   Section        0  _printf_pad.o(.text)
    .text                                    0x00003b6c   Section        0  _printf_dec.o(.text)
    .text                                    0x00003be4   Section        0  __printf_flags_wp.o(.text)
    .text                                    0x00003d20   Section        0  heapauxi.o(.text)
    .text                                    0x00003d26   Section        0  _printf_intcommon.o(.text)
    .text                                    0x00003de0   Section        0  _printf_char_common.o(.text)
    _printf_input_char                       0x00003de1   Thumb Code    10  _printf_char_common.o(.text)
    .text                                    0x00003e10   Section        0  _sputc.o(.text)
    .text                                    0x00003e1a   Section       74  sys_stackheap_outer.o(.text)
    .text                                    0x00003e64   Section        0  exit.o(.text)
    .text                                    0x00003e70   Section        8  libspace.o(.text)
    .text                                    0x00003e78   Section        0  sys_exit.o(.text)
    .text                                    0x00003e84   Section        2  use_no_semi.o(.text)
    .text                                    0x00003e86   Section        0  indicate_semi.o(.text)
    i._is_digit                              0x00003e86   Section        0  __printf_wp.o(i._is_digit)
    i.lcd_send                               0x00003e94   Section        0  ili_lcd_general.o(i.lcd_send)
    i.read_data                              0x00003ec0   Section        0  ili_lcd_general.o(i.read_data)
    i.wait_delay                             0x00003f3c   Section        0  ili_lcd_general.o(i.wait_delay)
    i.write_cmd                              0x00003f50   Section        0  ili_lcd_general.o(i.write_cmd)
    i.write_reg                              0x00003f90   Section        0  ili_lcd_general.o(i.write_reg)
    .constdata                               0x00003fa4   Section     1520  english_16x8.o(.constdata)
    .constdata                               0x00004594   Section       17  __printf_flags_wp.o(.constdata)
    maptable                                 0x00004594   Data          17  __printf_flags_wp.o(.constdata)
    .data                                    0x10000000   Section        4  system_lpc17xx.o(.data)
    .data                                    0x10000004   Section        4  lpc17xx_i2c.o(.data)
    I2C_MonitorBufferIndex                   0x10000004   Data           4  lpc17xx_i2c.o(.data)
    .data                                    0x10000008   Section       14  main.o(.data)
    .data                                    0x10000016   Section        2  ili_lcd_general.o(.data)
    deviceid                                 0x10000016   Data           2  ili_lcd_general.o(.data)
    .bss                                     0x10000018   Section       48  lpc17xx_i2c.o(.bss)
    i2cdat                                   0x10000018   Data          24  lpc17xx_i2c.o(.bss)
    I2C_SlaveComplete                        0x1000003c   Data          12  lpc17xx_i2c.o(.bss)
    .bss                                     0x10000048   Section       30  main.o(.bss)
    .bss                                     0x10000068   Section       24  touch_panel.o(.bss)
    .bss                                     0x10000080   Section       96  libspace.o(.bss)
    HEAP                                     0x100000e0   Section        0  startup_lpc17xx.o(HEAP)
    STACK                                    0x100000e0   Section      512  startup_lpc17xx.o(STACK)
    Heap_Mem                                 0x100000e0   Data           0  startup_lpc17xx.o(HEAP)
    Stack_Mem                                0x100000e0   Data         512  startup_lpc17xx.o(STACK)
    __initial_sp                             0x100002e0   Data           0  startup_lpc17xx.o(STACK)

    Global Symbols

    Symbol Name                              Value     Ov Type        Size  Object(Section)

    BuildAttributes$$THM_ISAv4$P$D$K$B$S$PE$A:L22UL41UL21$X:L11$S22US41US21$IEEE1$IW$USESV6$~STKCKD$USESV7$ENUMINT$~SHL$OSPACE$ROPI$EBA8$UX$STANDARDLIB$REQ8$PRES8$EABIv2 0x00000000   Number         0  anon$$obj.o ABSOLUTE
    __ARM_use_no_argv                        0x00000000   Number         0  main.o ABSOLUTE
    __Vectors                                0x00000000   Data           4  startup_lpc17xx.o(RESET)
    _printf_flags                            0x00000000   Number         0  printf_stubs.o ABSOLUTE
    _printf_return_value                     0x00000000   Number         0  printf_stubs.o ABSOLUTE
    _printf_sizespec                         0x00000000   Number         0  printf_stubs.o ABSOLUTE
    _printf_widthprec                        0x00000000   Number         0  printf_stubs.o ABSOLUTE
    __ARM_exceptions_init                     - Undefined Weak Reference
    __alloca_initialize                       - Undefined Weak Reference
    __cpp_initialize__aeabi_                  - Undefined Weak Reference
    __cxa_finalize                            - Undefined Weak Reference
    __rt_locale                               - Undefined Weak Reference
    __sigvec_lookup                           - Undefined Weak Reference
    _atexit_init                              - Undefined Weak Reference
    _call_atexit_fns                          - Undefined Weak Reference
    _clock_init                               - Undefined Weak Reference
    _fp_trap_init                             - Undefined Weak Reference
    _fp_trap_shutdown                         - Undefined Weak Reference
    _get_lc_collate                           - Undefined Weak Reference
    _get_lc_ctype                             - Undefined Weak Reference
    _get_lc_monetary                          - Undefined Weak Reference
    _get_lc_numeric                           - Undefined Weak Reference
    _get_lc_time                              - Undefined Weak Reference
    _getenv_init                              - Undefined Weak Reference
    _handle_redirection                       - Undefined Weak Reference
    _init_alloc                               - Undefined Weak Reference
    _init_user_alloc                          - Undefined Weak Reference
    _initio                                   - Undefined Weak Reference
    _printf_truncate_signed                   - Undefined Weak Reference
    _printf_truncate_unsigned                 - Undefined Weak Reference
    _rand_init                                - Undefined Weak Reference
    _signal_finish                            - Undefined Weak Reference
    _signal_init                              - Undefined Weak Reference
    _terminate_alloc                          - Undefined Weak Reference
    _terminate_user_alloc                     - Undefined Weak Reference
    _terminateio                              - Undefined Weak Reference
    __main                                   0x000000cd   Thumb Code     8  __main.o(!!!main)
    __scatterload                            0x000000d5   Thumb Code     0  __scatter.o(!!!scatter)
    __scatterload_rt2                        0x000000d5   Thumb Code    44  __scatter.o(!!!scatter)
    __scatterload_rt2_thumb_only             0x000000d5   Thumb Code     0  __scatter.o(!!!scatter)
    __scatterload_null                       0x000000e3   Thumb Code     0  __scatter.o(!!!scatter)
    __scatterload_copy                       0x00000109   Thumb Code    26  __scatter_copy.o(!!handler_copy)
    __scatterload_zeroinit                   0x00000125   Thumb Code    28  __scatter_zi.o(!!handler_zi)
    _printf_d                                0x00000141   Thumb Code     0  _printf_d.o(.ARM.Collect$$_printf_percent$$00000009)
    _printf_percent                          0x00000141   Thumb Code     0  _printf_percent.o(.ARM.Collect$$_printf_percent$$00000000)
    _printf_percent_end                      0x00000147   Thumb Code     0  _printf_percent_end.o(.ARM.Collect$$_printf_percent$$00000017)
    __rt_lib_init                            0x0000014b   Thumb Code     0  libinit.o(.ARM.Collect$$libinit$$00000000)
    __rt_lib_init_alloca_1                   0x0000014d   Thumb Code     0  libinit2.o(.ARM.Collect$$libinit$$0000002C)
    __rt_lib_init_argv_1                     0x0000014d   Thumb Code     0  libinit2.o(.ARM.Collect$$libinit$$0000002A)
    __rt_lib_init_atexit_1                   0x0000014d   Thumb Code     0  libinit2.o(.ARM.Collect$$libinit$$00000019)
    __rt_lib_init_clock_1                    0x0000014d   Thumb Code     0  libinit2.o(.ARM.Collect$$libinit$$0000001F)
    __rt_lib_init_cpp_1                      0x0000014d   Thumb Code     0  libinit2.o(.ARM.Collect$$libinit$$00000030)
    __rt_lib_init_exceptions_1               0x0000014d   Thumb Code     0  libinit2.o(.ARM.Collect$$libinit$$0000002E)
    __rt_lib_init_fp_1                       0x0000014d   Thumb Code     0  libinit2.o(.ARM.Collect$$libinit$$00000002)
    __rt_lib_init_fp_trap_1                  0x0000014d   Thumb Code     0  libinit2.o(.ARM.Collect$$libinit$$0000001D)
    __rt_lib_init_getenv_1                   0x0000014d   Thumb Code     0  libinit2.o(.ARM.Collect$$libinit$$00000021)
    __rt_lib_init_heap_1                     0x0000014d   Thumb Code     0  libinit2.o(.ARM.Collect$$libinit$$00000008)
    __rt_lib_init_lc_collate_1               0x0000014d   Thumb Code     0  libinit2.o(.ARM.Collect$$libinit$$0000000F)
    __rt_lib_init_lc_ctype_1                 0x0000014d   Thumb Code     0  libinit2.o(.ARM.Collect$$libinit$$00000011)
    __rt_lib_init_lc_monetary_1              0x0000014d   Thumb Code     0  libinit2.o(.ARM.Collect$$libinit$$00000013)
    __rt_lib_init_lc_numeric_1               0x0000014d   Thumb Code     0  libinit2.o(.ARM.Collect$$libinit$$00000015)
    __rt_lib_init_lc_time_1                  0x0000014d   Thumb Code     0  libinit2.o(.ARM.Collect$$libinit$$00000017)
    __rt_lib_init_rand_1                     0x0000014d   Thumb Code     0  libinit2.o(.ARM.Collect$$libinit$$0000000C)
    __rt_lib_init_return                     0x0000014d   Thumb Code     0  libinit2.o(.ARM.Collect$$libinit$$00000031)
    __rt_lib_init_signal_1                   0x0000014d   Thumb Code     0  libinit2.o(.ARM.Collect$$libinit$$0000001B)
    __rt_lib_init_stdio_1                    0x0000014d   Thumb Code     0  libinit2.o(.ARM.Collect$$libinit$$00000023)
    __rt_lib_init_user_alloc_1               0x0000014d   Thumb Code     0  libinit2.o(.ARM.Collect$$libinit$$0000000A)
    __rt_lib_shutdown                        0x0000014f   Thumb Code     0  libshutdown.o(.ARM.Collect$$libshutdown$$00000000)
    __rt_lib_shutdown_fp_trap_1              0x00000151   Thumb Code     0  libshutdown2.o(.ARM.Collect$$libshutdown$$00000006)
    __rt_lib_shutdown_heap_1                 0x00000151   Thumb Code     0  libshutdown2.o(.ARM.Collect$$libshutdown$$0000000E)
    __rt_lib_shutdown_return                 0x00000151   Thumb Code     0  libshutdown2.o(.ARM.Collect$$libshutdown$$0000000F)
    __rt_lib_shutdown_signal_1               0x00000151   Thumb Code     0  libshutdown2.o(.ARM.Collect$$libshutdown$$00000009)
    __rt_lib_shutdown_stdio_1                0x00000151   Thumb Code     0  libshutdown2.o(.ARM.Collect$$libshutdown$$00000003)
    __rt_lib_shutdown_user_alloc_1           0x00000151   Thumb Code     0  libshutdown2.o(.ARM.Collect$$libshutdown$$0000000B)
    __rt_entry                               0x00000153   Thumb Code     0  rtentry.o(.ARM.Collect$$rtentry$$00000000)
    __rt_entry_presh_1                       0x00000153   Thumb Code     0  rtentry2.o(.ARM.Collect$$rtentry$$00000002)
    __rt_entry_sh                            0x00000153   Thumb Code     0  rtentry4.o(.ARM.Collect$$rtentry$$00000004)
    __rt_entry_li                            0x00000159   Thumb Code     0  rtentry2.o(.ARM.Collect$$rtentry$$0000000A)
    __rt_entry_postsh_1                      0x00000159   Thumb Code     0  rtentry2.o(.ARM.Collect$$rtentry$$00000009)
    __rt_entry_main                          0x0000015d   Thumb Code     0  rtentry2.o(.ARM.Collect$$rtentry$$0000000D)
    __rt_entry_postli_1                      0x0000015d   Thumb Code     0  rtentry2.o(.ARM.Collect$$rtentry$$0000000C)
    __rt_exit                                0x00000165   Thumb Code     0  rtexit.o(.ARM.Collect$$rtexit$$00000000)
    __rt_exit_ls                             0x00000167   Thumb Code     0  rtexit2.o(.ARM.Collect$$rtexit$$00000003)
    __rt_exit_prels_1                        0x00000167   Thumb Code     0  rtexit2.o(.ARM.Collect$$rtexit$$00000002)
    __rt_exit_exit                           0x0000016b   Thumb Code     0  rtexit2.o(.ARM.Collect$$rtexit$$00000004)
    Reset_Handler                            0x00000171   Thumb Code     8  startup_lpc17xx.o(.text)
    NMI_Handler                              0x00000179   Thumb Code     2  startup_lpc17xx.o(.text)
    HardFault_Handler                        0x0000017b   Thumb Code     2  startup_lpc17xx.o(.text)
    MemManage_Handler                        0x0000017d   Thumb Code     2  startup_lpc17xx.o(.text)
    BusFault_Handler                         0x0000017f   Thumb Code     2  startup_lpc17xx.o(.text)
    UsageFault_Handler                       0x00000181   Thumb Code     2  startup_lpc17xx.o(.text)
    SVC_Handler                              0x00000183   Thumb Code     2  startup_lpc17xx.o(.text)
    DebugMon_Handler                         0x00000185   Thumb Code     2  startup_lpc17xx.o(.text)
    PendSV_Handler                           0x00000187   Thumb Code     2  startup_lpc17xx.o(.text)
    SysTick_Handler                          0x00000189   Thumb Code     2  startup_lpc17xx.o(.text)
    ADC_IRQHandler                           0x0000018b   Thumb Code     0  startup_lpc17xx.o(.text)
    BOD_IRQHandler                           0x0000018b   Thumb Code     0  startup_lpc17xx.o(.text)
    CANActivity_IRQHandler                   0x0000018b   Thumb Code     0  startup_lpc17xx.o(.text)
    CAN_IRQHandler                           0x0000018b   Thumb Code     0  startup_lpc17xx.o(.text)
    DMA_IRQHandler                           0x0000018b   Thumb Code     0  startup_lpc17xx.o(.text)
    EINT0_IRQHandler                         0x0000018b   Thumb Code     0  startup_lpc17xx.o(.text)
    EINT1_IRQHandler                         0x0000018b   Thumb Code     0  startup_lpc17xx.o(.text)
    EINT2_IRQHandler                         0x0000018b   Thumb Code     0  startup_lpc17xx.o(.text)
    EINT3_IRQHandler                         0x0000018b   Thumb Code     0  startup_lpc17xx.o(.text)
    ENET_IRQHandler                          0x0000018b   Thumb Code     0  startup_lpc17xx.o(.text)
    I2C0_IRQHandler                          0x0000018b   Thumb Code     0  startup_lpc17xx.o(.text)
    I2C1_IRQHandler                          0x0000018b   Thumb Code     0  startup_lpc17xx.o(.text)
    I2C2_IRQHandler                          0x0000018b   Thumb Code     0  startup_lpc17xx.o(.text)
    I2S_IRQHandler                           0x0000018b   Thumb Code     0  startup_lpc17xx.o(.text)
    MCPWM_IRQHandler                         0x0000018b   Thumb Code     0  startup_lpc17xx.o(.text)
    PLL0_IRQHandler                          0x0000018b   Thumb Code     0  startup_lpc17xx.o(.text)
    PLL1_IRQHandler                          0x0000018b   Thumb Code     0  startup_lpc17xx.o(.text)
    PWM1_IRQHandler                          0x0000018b   Thumb Code     0  startup_lpc17xx.o(.text)
    QEI_IRQHandler                           0x0000018b   Thumb Code     0  startup_lpc17xx.o(.text)
    RIT_IRQHandler                           0x0000018b   Thumb Code     0  startup_lpc17xx.o(.text)
    RTC_IRQHandler                           0x0000018b   Thumb Code     0  startup_lpc17xx.o(.text)
    SPI_IRQHandler                           0x0000018b   Thumb Code     0  startup_lpc17xx.o(.text)
    SSP0_IRQHandler                          0x0000018b   Thumb Code     0  startup_lpc17xx.o(.text)
    SSP1_IRQHandler                          0x0000018b   Thumb Code     0  startup_lpc17xx.o(.text)
    TIMER1_IRQHandler                        0x0000018b   Thumb Code     0  startup_lpc17xx.o(.text)
    TIMER2_IRQHandler                        0x0000018b   Thumb Code     0  startup_lpc17xx.o(.text)
    TIMER3_IRQHandler                        0x0000018b   Thumb Code     0  startup_lpc17xx.o(.text)
    UART0_IRQHandler                         0x0000018b   Thumb Code     0  startup_lpc17xx.o(.text)
    UART1_IRQHandler                         0x0000018b   Thumb Code     0  startup_lpc17xx.o(.text)
    UART2_IRQHandler                         0x0000018b   Thumb Code     0  startup_lpc17xx.o(.text)
    UART3_IRQHandler                         0x0000018b   Thumb Code     0  startup_lpc17xx.o(.text)
    USBActivity_IRQHandler                   0x0000018b   Thumb Code     0  startup_lpc17xx.o(.text)
    USB_IRQHandler                           0x0000018b   Thumb Code     0  startup_lpc17xx.o(.text)
    WDT_IRQHandler                           0x0000018b   Thumb Code     0  startup_lpc17xx.o(.text)
    __user_initial_stackheap                 0x0000018d   Thumb Code     0  startup_lpc17xx.o(.text)
    CLKPWR_SetPCLKDiv                        0x000001ad   Thumb Code   106  lpc17xx_clkpwr.o(.text)
    CLKPWR_GetPCLKSEL                        0x00000217   Thumb Code    32  lpc17xx_clkpwr.o(.text)
    CLKPWR_GetPCLK                           0x00000237   Thumb Code    58  lpc17xx_clkpwr.o(.text)
    CLKPWR_ConfigPPWR                        0x00000271   Thumb Code    50  lpc17xx_clkpwr.o(.text)
    CLKPWR_Sleep                             0x000002a3   Thumb Code    10  lpc17xx_clkpwr.o(.text)
    CLKPWR_DeepSleep                         0x000002ad   Thumb Code    16  lpc17xx_clkpwr.o(.text)
    CLKPWR_PowerDown                         0x000002bd   Thumb Code    16  lpc17xx_clkpwr.o(.text)
    CLKPWR_DeepPowerDown                     0x000002cd   Thumb Code    16  lpc17xx_clkpwr.o(.text)
    SystemCoreClockUpdate                    0x00000301   Thumb Code   312  system_lpc17xx.o(.text)
    SystemInit                               0x00000439   Thumb Code   282  system_lpc17xx.o(.text)
    GPIO_SetDir                              0x00000641   Thumb Code    40  lpc17xx_gpio.o(.text)
    GPIO_SetValue                            0x00000669   Thumb Code    20  lpc17xx_gpio.o(.text)
    GPIO_ClearValue                          0x0000067d   Thumb Code    20  lpc17xx_gpio.o(.text)
    GPIO_ReadValue                           0x00000691   Thumb Code    22  lpc17xx_gpio.o(.text)
    GPIO_IntCmd                              0x000006a7   Thumb Code    54  lpc17xx_gpio.o(.text)
    GPIO_GetIntStatus                        0x000006dd   Thumb Code    86  lpc17xx_gpio.o(.text)
    GPIO_ClearInt                            0x00000733   Thumb Code    24  lpc17xx_gpio.o(.text)
    FIO_SetDir                               0x0000074b   Thumb Code    20  lpc17xx_gpio.o(.text)
    FIO_SetValue                             0x0000075f   Thumb Code    16  lpc17xx_gpio.o(.text)
    FIO_ClearValue                           0x0000076f   Thumb Code    16  lpc17xx_gpio.o(.text)
    FIO_ReadValue                            0x0000077f   Thumb Code    12  lpc17xx_gpio.o(.text)
    FIO_IntCmd                               0x0000078b   Thumb Code    20  lpc17xx_gpio.o(.text)
    FIO_GetIntStatus                         0x0000079f   Thumb Code    20  lpc17xx_gpio.o(.text)
    FIO_ClearInt                             0x000007b3   Thumb Code    16  lpc17xx_gpio.o(.text)
    FIO_SetMask                              0x000007c3   Thumb Code    40  lpc17xx_gpio.o(.text)
    FIO_HalfWordSetDir                       0x000007eb   Thumb Code    62  lpc17xx_gpio.o(.text)
    FIO_HalfWordSetMask                      0x00000829   Thumb Code    62  lpc17xx_gpio.o(.text)
    FIO_HalfWordSetValue                     0x00000867   Thumb Code    32  lpc17xx_gpio.o(.text)
    FIO_HalfWordClearValue                   0x00000887   Thumb Code    32  lpc17xx_gpio.o(.text)
    FIO_HalfWordReadValue                    0x000008a7   Thumb Code    30  lpc17xx_gpio.o(.text)
    FIO_ByteSetDir                           0x000008c5   Thumb Code    50  lpc17xx_gpio.o(.text)
    FIO_ByteSetMask                          0x000008f7   Thumb Code    66  lpc17xx_gpio.o(.text)
    FIO_ByteSetValue                         0x00000939   Thumb Code    34  lpc17xx_gpio.o(.text)
    FIO_ByteClearValue                       0x0000095b   Thumb Code    34  lpc17xx_gpio.o(.text)
    FIO_ByteReadValue                        0x0000097d   Thumb Code    76  lpc17xx_gpio.o(.text)
    PINSEL_ConfigTraceFunc                   0x00000a6f   Thumb Code    34  lpc17xx_pinsel.o(.text)
    PINSEL_SetI2C0Pins                       0x00000a91   Thumb Code    16  lpc17xx_pinsel.o(.text)
    PINSEL_ConfigPin                         0x00000aa1   Thumb Code    36  lpc17xx_pinsel.o(.text)
    TIM_GetIntStatus                         0x00000b6b   Thumb Code    92  lpc17xx_timer.o(.text)
    TIM_GetIntCaptureStatus                  0x00000bc7   Thumb Code    94  lpc17xx_timer.o(.text)
    TIM_ClearIntPending                      0x00000c25   Thumb Code    80  lpc17xx_timer.o(.text)
    TIM_ClearIntCapturePending               0x00000c75   Thumb Code    82  lpc17xx_timer.o(.text)
    TIM_ConfigStructInit                     0x00000cc7   Thumb Code    22  lpc17xx_timer.o(.text)
    TIM_Init                                 0x00000cdd   Thumb Code   272  lpc17xx_timer.o(.text)
    TIM_DeInit                               0x00000ded   Thumb Code   112  lpc17xx_timer.o(.text)
    TIM_Cmd                                  0x00000e5d   Thumb Code    66  lpc17xx_timer.o(.text)
    TIM_ResetCounter                         0x00000e9f   Thumb Code    58  lpc17xx_timer.o(.text)
    TIM_ConfigMatch                          0x00000ed9   Thumb Code   330  lpc17xx_timer.o(.text)
    TIM_UpdateMatchValue                     0x00001023   Thumb Code    86  lpc17xx_timer.o(.text)
    TIM_ConfigCapture                        0x00001079   Thumb Code   126  lpc17xx_timer.o(.text)
    TIM_GetCaptureValue                      0x000010f7   Thumb Code    74  lpc17xx_timer.o(.text)
    SSP_Init                                 0x000011cf   Thumb Code   100  lpc17xx_ssp.o(.text)
    SSP_DeInit                               0x00001233   Thumb Code    60  lpc17xx_ssp.o(.text)
    SSP_GetDataSize                          0x0000126f   Thumb Code    34  lpc17xx_ssp.o(.text)
    SSP_ConfigStructInit                     0x00001291   Thumb Code    22  lpc17xx_ssp.o(.text)
    SSP_Cmd                                  0x000012a7   Thumb Code    68  lpc17xx_ssp.o(.text)
    SSP_LoopBackCmd                          0x000012eb   Thumb Code    68  lpc17xx_ssp.o(.text)
    SSP_SlaveOutputCmd                       0x0000132f   Thumb Code    72  lpc17xx_ssp.o(.text)
    SSP_SendData                             0x00001377   Thumb Code    36  lpc17xx_ssp.o(.text)
    SSP_ReceiveData                          0x0000139b   Thumb Code    34  lpc17xx_ssp.o(.text)
    SSP_ReadWrite                            0x000013bd   Thumb Code   628  lpc17xx_ssp.o(.text)
    SSP_GetStatus                            0x00001631   Thumb Code    80  lpc17xx_ssp.o(.text)
    SSP_IntConfig                            0x00001681   Thumb Code    58  lpc17xx_ssp.o(.text)
    SSP_GetRawIntStatus                      0x000016bb   Thumb Code    76  lpc17xx_ssp.o(.text)
    SSP_GetRawIntStatusReg                   0x00001707   Thumb Code    34  lpc17xx_ssp.o(.text)
    SSP_GetIntStatus                         0x00001729   Thumb Code    76  lpc17xx_ssp.o(.text)
    SSP_ClearIntPending                      0x00001775   Thumb Code    58  lpc17xx_ssp.o(.text)
    SSP_DMACmd                               0x000017af   Thumb Code   100  lpc17xx_ssp.o(.text)
    I2C_Init                                 0x0000192d   Thumb Code   126  lpc17xx_i2c.o(.text)
    I2C_DeInit                               0x000019ab   Thumb Code    90  lpc17xx_i2c.o(.text)
    I2C_Cmd                                  0x00001a05   Thumb Code    70  lpc17xx_i2c.o(.text)
    I2C_IntCmd                               0x00001a4b   Thumb Code    92  lpc17xx_i2c.o(.text)
    I2C_MasterHandler                        0x00001aa7   Thumb Code   596  lpc17xx_i2c.o(.text)
    I2C_SlaveHandler                         0x00001cfb   Thumb Code   286  lpc17xx_i2c.o(.text)
    I2C_MasterTransferData                   0x00001e19   Thumb Code   500  lpc17xx_i2c.o(.text)
    I2C_SlaveTransferData                    0x0000200d   Thumb Code   356  lpc17xx_i2c.o(.text)
    I2C_SetOwnSlaveAddr                      0x00002171   Thumb Code   176  lpc17xx_i2c.o(.text)
    I2C_MonitorModeConfig                    0x00002221   Thumb Code    92  lpc17xx_i2c.o(.text)
    I2C_MonitorModeCmd                       0x0000227d   Thumb Code   100  lpc17xx_i2c.o(.text)
    I2C_MonitorGetDatabuffer                 0x000022e1   Thumb Code    42  lpc17xx_i2c.o(.text)
    I2C_MonitorHandler                       0x0000230b   Thumb Code    40  lpc17xx_i2c.o(.text)
    I2C_MasterTransferComplete               0x00002333   Thumb Code    30  lpc17xx_i2c.o(.text)
    I2C_SlaveTransferComplete                0x00002351   Thumb Code    30  lpc17xx_i2c.o(.text)
    pin_MemoryConfiguration                  0x000023b9   Thumb Code    52  main.o(.text)
    pin_ButtonConfiguration                  0x000023ed   Thumb Code    52  main.o(.text)
    pin_Configuration                        0x00002421   Thumb Code    12  main.o(.text)
    init_i2c_eeprom                          0x0000242d   Thumb Code    20  main.o(.text)
    check_failed                             0x00002441   Thumb Code     4  main.o(.text)
    i2c_eeprom_read                          0x00002445   Thumb Code    72  main.o(.text)
    i2c_eeprom_write                         0x0000248d   Thumb Code    78  main.o(.text)
    initTimer0                               0x000024db   Thumb Code    86  main.o(.text)
    increase_score                           0x00002531   Thumb Code    42  main.o(.text)
    draw_menu                                0x0000255b   Thumb Code   208  main.o(.text)
    load_menu                                0x0000262b   Thumb Code    14  main.o(.text)
    draw_game                                0x00002639   Thumb Code   272  main.o(.text)
    load_game                                0x00002749   Thumb Code    14  main.o(.text)
    TIMER0_IRQHandler                        0x00002757   Thumb Code   440  main.o(.text)
    init_game                                0x0000290f   Thumb Code    24  main.o(.text)
    reset_high_score                         0x00002927   Thumb Code    18  main.o(.text)
    main                                     0x00002939   Thumb Code    36  main.o(.text)
    rw_data_prepare                          0x000029ab   Thumb Code    10  ili_lcd_general.o(.text)
    write_data                               0x000029b5   Thumb Code    50  ili_lcd_general.o(.text)
    lcd_getdeviceid                          0x000029e7   Thumb Code     6  ili_lcd_general.o(.text)
    BGR2RGB                                  0x000029ed   Thumb Code    26  ili_lcd_general.o(.text)
    lcd_SetCursor                            0x00002a07   Thumb Code    52  ili_lcd_general.o(.text)
    lcd_read_gram                            0x00002a3b   Thumb Code    34  ili_lcd_general.o(.text)
    lcd_clear                                0x00002a5d   Thumb Code    38  ili_lcd_general.o(.text)
    lcd_data_bus_test                        0x00002a83   Thumb Code    74  ili_lcd_general.o(.text)
    lcd_gram_test                            0x00002acd   Thumb Code   222  ili_lcd_general.o(.text)
    lcd_Initializtion                        0x00002bab   Thumb Code  2266  ili_lcd_general.o(.text)
    LCD_write_english                        0x00003489   Thumb Code   118  lcd_api.o(.text)
    LCD_write_english_string                 0x000034ff   Thumb Code    52  lcd_api.o(.text)
    dessiner_ligne                           0x00003539   Thumb Code   110  affichagelcd.o(.text)
    dessiner_rect                            0x000035a7   Thumb Code   128  affichagelcd.o(.text)
    SPI_WriteByte                            0x00003629   Thumb Code    42  touch_panel.o(.text)
    spi1_init                                0x00003653   Thumb Code   106  touch_panel.o(.text)
    touch_init                               0x000036bd   Thumb Code   122  touch_panel.o(.text)
    touch_debug                              0x00003737   Thumb Code   392  touch_panel.o(.text)
    touch_read                               0x000038bf   Thumb Code   284  touch_panel.o(.text)
    __aeabi_uldivmod                         0x00003a01   Thumb Code     0  lludivv7m.o(.text)
    _ll_udiv                                 0x00003a01   Thumb Code   238  lludivv7m.o(.text)
    __2sprintf                               0x00003af1   Thumb Code    34  noretval__2sprintf.o(.text)
    _printf_pre_padding                      0x00003b19   Thumb Code    46  _printf_pad.o(.text)
    _printf_post_padding                     0x00003b47   Thumb Code    36  _printf_pad.o(.text)
    _printf_int_dec                          0x00003b6d   Thumb Code   102  _printf_dec.o(.text)
    __printf                                 0x00003be5   Thumb Code   310  __printf_flags_wp.o(.text)
    __use_two_region_memory                  0x00003d21   Thumb Code     2  heapauxi.o(.text)
    __rt_heap_escrow$2region                 0x00003d23   Thumb Code     2  heapauxi.o(.text)
    __rt_heap_expand$2region                 0x00003d25   Thumb Code     2  heapauxi.o(.text)
    _printf_int_common                       0x00003d27   Thumb Code   184  _printf_intcommon.o(.text)
    _printf_char_common                      0x00003deb   Thumb Code    32  _printf_char_common.o(.text)
    _sputc                                   0x00003e11   Thumb Code    10  _sputc.o(.text)
    __user_setup_stackheap                   0x00003e1b   Thumb Code    74  sys_stackheap_outer.o(.text)
    exit                                     0x00003e65   Thumb Code    12  exit.o(.text)
    __user_libspace                          0x00003e71   Thumb Code     8  libspace.o(.text)
    __user_perproc_libspace                  0x00003e71   Thumb Code     0  libspace.o(.text)
    __user_perthread_libspace                0x00003e71   Thumb Code     0  libspace.o(.text)
    _sys_exit                                0x00003e79   Thumb Code     8  sys_exit.o(.text)
    __I$use$semihosting                      0x00003e85   Thumb Code     0  use_no_semi.o(.text)
    __use_no_semihosting_swi                 0x00003e85   Thumb Code     2  use_no_semi.o(.text)
    __semihosting_library_function           0x00003e87   Thumb Code     0  indicate_semi.o(.text)
    _is_digit                                0x00003e87   Thumb Code    14  __printf_wp.o(i._is_digit)
    lcd_send                                 0x00003e95   Thumb Code    40  ili_lcd_general.o(i.lcd_send)
    read_data                                0x00003ec1   Thumb Code   114  ili_lcd_general.o(i.read_data)
    wait_delay                               0x00003f3d   Thumb Code    18  ili_lcd_general.o(i.wait_delay)
    write_cmd                                0x00003f51   Thumb Code    60  ili_lcd_general.o(i.write_cmd)
    write_reg                                0x00003f91   Thumb Code    20  ili_lcd_general.o(i.write_reg)
    english                                  0x00003fa4   Data        1520  english_16x8.o(.constdata)
    Region$$Table$$Base                      0x000045a8   Number         0  anon$$obj.o(Region$$Table)
    Region$$Table$$Limit                     0x000045c8   Number         0  anon$$obj.o(Region$$Table)
    SystemCoreClock                          0x10000000   Data           4  system_lpc17xx.o(.data)
    ingame                                   0x10000008   Data           4  main.o(.data)
    chronometer                              0x1000000c   Data           4  main.o(.data)
    score                                    0x10000010   Data           1  main.o(.data)
    highscore                                0x10000011   Data           1  main.o(.data)
    touch_x                                  0x10000012   Data           2  main.o(.data)
    touch_y                                  0x10000014   Data           2  main.o(.data)
    I2C_MasterComplete                       0x10000030   Data          12  lpc17xx_i2c.o(.bss)
    chaine                                   0x10000048   Data          30  main.o(.bss)
    LCDSPI1Data                              0x10000068   Data          24  touch_panel.o(.bss)
    __libspace_start                         0x10000080   Data          96  libspace.o(.bss)
    __temporary_stack_top$libspace           0x100000e0   Data           0  libspace.o(.bss)



==============================================================================

Memory Map of the image

  Image Entry point : 0x000000cd

  Load Region LR_IROM1 (Base: 0x00000000, Size: 0x000045e0, Max: 0x00080000, ABSOLUTE)

    Execution Region ER_IROM1 (Base: 0x00000000, Size: 0x000045c8, Max: 0x00080000, ABSOLUTE)

    Base Addr    Size         Type   Attr      Idx    E Section Name        Object

    0x00000000   0x000000cc   Data   RO            3    RESET               startup_lpc17xx.o
    0x000000cc   0x00000008   Code   RO          456  * !!!main             c_w.l(__main.o)
    0x000000d4   0x00000034   Code   RO          629    !!!scatter          c_w.l(__scatter.o)
    0x00000108   0x0000001a   Code   RO          631    !!handler_copy      c_w.l(__scatter_copy.o)
    0x00000122   0x00000002   PAD
    0x00000124   0x0000001c   Code   RO          633    !!handler_zi        c_w.l(__scatter_zi.o)
    0x00000140   0x00000000   Code   RO          453    .ARM.Collect$$_printf_percent$$00000000  c_w.l(_printf_percent.o)
    0x00000140   0x00000006   Code   RO          452    .ARM.Collect$$_printf_percent$$00000009  c_w.l(_printf_d.o)
    0x00000146   0x00000004   Code   RO          469    .ARM.Collect$$_printf_percent$$00000017  c_w.l(_printf_percent_end.o)
    0x0000014a   0x00000002   Code   RO          502    .ARM.Collect$$libinit$$00000000  c_w.l(libinit.o)
    0x0000014c   0x00000000   Code   RO          515    .ARM.Collect$$libinit$$00000002  c_w.l(libinit2.o)
    0x0000014c   0x00000000   Code   RO          518    .ARM.Collect$$libinit$$00000008  c_w.l(libinit2.o)
    0x0000014c   0x00000000   Code   RO          520    .ARM.Collect$$libinit$$0000000A  c_w.l(libinit2.o)
    0x0000014c   0x00000000   Code   RO          522    .ARM.Collect$$libinit$$0000000C  c_w.l(libinit2.o)
    0x0000014c   0x00000000   Code   RO          525    .ARM.Collect$$libinit$$0000000F  c_w.l(libinit2.o)
    0x0000014c   0x00000000   Code   RO          527    .ARM.Collect$$libinit$$00000011  c_w.l(libinit2.o)
    0x0000014c   0x00000000   Code   RO          529    .ARM.Collect$$libinit$$00000013  c_w.l(libinit2.o)
    0x0000014c   0x00000000   Code   RO          531    .ARM.Collect$$libinit$$00000015  c_w.l(libinit2.o)
    0x0000014c   0x00000000   Code   RO          533    .ARM.Collect$$libinit$$00000017  c_w.l(libinit2.o)
    0x0000014c   0x00000000   Code   RO          535    .ARM.Collect$$libinit$$00000019  c_w.l(libinit2.o)
    0x0000014c   0x00000000   Code   RO          537    .ARM.Collect$$libinit$$0000001B  c_w.l(libinit2.o)
    0x0000014c   0x00000000   Code   RO          539    .ARM.Collect$$libinit$$0000001D  c_w.l(libinit2.o)
    0x0000014c   0x00000000   Code   RO          541    .ARM.Collect$$libinit$$0000001F  c_w.l(libinit2.o)
    0x0000014c   0x00000000   Code   RO          543    .ARM.Collect$$libinit$$00000021  c_w.l(libinit2.o)
    0x0000014c   0x00000000   Code   RO          545    .ARM.Collect$$libinit$$00000023  c_w.l(libinit2.o)
    0x0000014c   0x00000000   Code   RO          549    .ARM.Collect$$libinit$$0000002A  c_w.l(libinit2.o)
    0x0000014c   0x00000000   Code   RO          551    .ARM.Collect$$libinit$$0000002C  c_w.l(libinit2.o)
    0x0000014c   0x00000000   Code   RO          553    .ARM.Collect$$libinit$$0000002E  c_w.l(libinit2.o)
    0x0000014c   0x00000000   Code   RO          555    .ARM.Collect$$libinit$$00000030  c_w.l(libinit2.o)
    0x0000014c   0x00000002   Code   RO          556    .ARM.Collect$$libinit$$00000031  c_w.l(libinit2.o)
    0x0000014e   0x00000002   Code   RO          587    .ARM.Collect$$libshutdown$$00000000  c_w.l(libshutdown.o)
    0x00000150   0x00000000   Code   RO          614    .ARM.Collect$$libshutdown$$00000003  c_w.l(libshutdown2.o)
    0x00000150   0x00000000   Code   RO          617    .ARM.Collect$$libshutdown$$00000006  c_w.l(libshutdown2.o)
    0x00000150   0x00000000   Code   RO          620    .ARM.Collect$$libshutdown$$00000009  c_w.l(libshutdown2.o)
    0x00000150   0x00000000   Code   RO          622    .ARM.Collect$$libshutdown$$0000000B  c_w.l(libshutdown2.o)
    0x00000150   0x00000000   Code   RO          625    .ARM.Collect$$libshutdown$$0000000E  c_w.l(libshutdown2.o)
    0x00000150   0x00000002   Code   RO          626    .ARM.Collect$$libshutdown$$0000000F  c_w.l(libshutdown2.o)
    0x00000152   0x00000000   Code   RO          458    .ARM.Collect$$rtentry$$00000000  c_w.l(rtentry.o)
    0x00000152   0x00000000   Code   RO          471    .ARM.Collect$$rtentry$$00000002  c_w.l(rtentry2.o)
    0x00000152   0x00000006   Code   RO          483    .ARM.Collect$$rtentry$$00000004  c_w.l(rtentry4.o)
    0x00000158   0x00000000   Code   RO          473    .ARM.Collect$$rtentry$$00000009  c_w.l(rtentry2.o)
    0x00000158   0x00000004   Code   RO          474    .ARM.Collect$$rtentry$$0000000A  c_w.l(rtentry2.o)
    0x0000015c   0x00000000   Code   RO          476    .ARM.Collect$$rtentry$$0000000C  c_w.l(rtentry2.o)
    0x0000015c   0x00000008   Code   RO          477    .ARM.Collect$$rtentry$$0000000D  c_w.l(rtentry2.o)
    0x00000164   0x00000002   Code   RO          506    .ARM.Collect$$rtexit$$00000000  c_w.l(rtexit.o)
    0x00000166   0x00000000   Code   RO          560    .ARM.Collect$$rtexit$$00000002  c_w.l(rtexit2.o)
    0x00000166   0x00000004   Code   RO          561    .ARM.Collect$$rtexit$$00000003  c_w.l(rtexit2.o)
    0x0000016a   0x00000006   Code   RO          562    .ARM.Collect$$rtexit$$00000004  c_w.l(rtexit2.o)
    0x00000170   0x0000003c   Code   RO            5    .text               startup_lpc17xx.o
    0x000001ac   0x00000150   Code   RO           59    .text               lpc17xx_clkpwr.o
    0x000002fc   0x00000004   Code   RO            4    .ARM.__at_0x02FC    startup_lpc17xx.o
    0x00000300   0x000002a4   Code   RO           14    .text               system_lpc17xx.o
    0x000005a4   0x00000424   Code   RO           92    .text               lpc17xx_gpio.o
    0x000009c8   0x00000100   Code   RO          114    .text               lpc17xx_pinsel.o
    0x00000ac8   0x00000684   Code   RO          133    .text               lpc17xx_timer.o
    0x0000114c   0x000006d0   Code   RO          190    .text               lpc17xx_ssp.o
    0x0000181c   0x00000b9c   Code   RO          209    .text               lpc17xx_i2c.o
    0x000023b8   0x000005b4   Code   RO          236    .text               main.o
    0x0000296c   0x00000b1c   Code   RO          273    .text               ili_lcd_general.o
    0x00003488   0x000000b0   Code   RO          334    .text               lcd_api.o
    0x00003538   0x000000ee   Code   RO          358    .text               affichagelcd.o
    0x00003626   0x00000002   PAD
    0x00003628   0x000003d8   Code   RO          383    .text               touch_panel.o
    0x00003a00   0x000000ee   Code   RO          420    .text               c_w.l(lludivv7m.o)
    0x00003aee   0x00000002   PAD
    0x00003af0   0x00000028   Code   RO          424    .text               c_w.l(noretval__2sprintf.o)
    0x00003b18   0x00000052   Code   RO          428    .text               c_w.l(_printf_pad.o)
    0x00003b6a   0x00000002   PAD
    0x00003b6c   0x00000078   Code   RO          430    .text               c_w.l(_printf_dec.o)
    0x00003be4   0x0000013c   Code   RO          444    .text               c_w.l(__printf_flags_wp.o)
    0x00003d20   0x00000006   Code   RO          454    .text               c_w.l(heapauxi.o)
    0x00003d26   0x000000b8   Code   RO          463    .text               c_w.l(_printf_intcommon.o)
    0x00003dde   0x00000002   PAD
    0x00003de0   0x00000030   Code   RO          465    .text               c_w.l(_printf_char_common.o)
    0x00003e10   0x0000000a   Code   RO          467    .text               c_w.l(_sputc.o)
    0x00003e1a   0x0000004a   Code   RO          489    .text               c_w.l(sys_stackheap_outer.o)
    0x00003e64   0x0000000c   Code   RO          491    .text               c_w.l(exit.o)
    0x00003e70   0x00000008   Code   RO          503    .text               c_w.l(libspace.o)
    0x00003e78   0x0000000c   Code   RO          557    .text               c_w.l(sys_exit.o)
    0x00003e84   0x00000002   Code   RO          576    .text               c_w.l(use_no_semi.o)
    0x00003e86   0x00000000   Code   RO          578    .text               c_w.l(indicate_semi.o)
    0x00003e86   0x0000000e   Code   RO          442    i._is_digit         c_w.l(__printf_wp.o)
    0x00003e94   0x0000002c   Code   RO          287    i.lcd_send          ili_lcd_general.o
    0x00003ec0   0x0000007c   Code   RO          299    i.read_data         ili_lcd_general.o
    0x00003f3c   0x00000012   Code   RO          305    i.wait_delay        ili_lcd_general.o
    0x00003f4e   0x00000002   PAD
    0x00003f50   0x00000040   Code   RO          293    i.write_cmd         ili_lcd_general.o
    0x00003f90   0x00000014   Code   RO          310    i.write_reg         ili_lcd_general.o
    0x00003fa4   0x000005f0   Data   RO          350    .constdata          english_16x8.o
    0x00004594   0x00000011   Data   RO          445    .constdata          c_w.l(__printf_flags_wp.o)
    0x000045a5   0x00000003   PAD
    0x000045a8   0x00000020   Data   RO          627    Region$$Table       anon$$obj.o


    Execution Region RW_IRAM1 (Base: 0x10000000, Size: 0x000002e0, Max: 0x00008000, ABSOLUTE)

    Base Addr    Size         Type   Attr      Idx    E Section Name        Object

    0x10000000   0x00000004   Data   RW           15    .data               system_lpc17xx.o
    0x10000004   0x00000004   Data   RW          211    .data               lpc17xx_i2c.o
    0x10000008   0x0000000e   Data   RW          238    .data               main.o
    0x10000016   0x00000002   Data   RW          274    .data               ili_lcd_general.o
    0x10000018   0x00000030   Zero   RW          210    .bss                lpc17xx_i2c.o
    0x10000048   0x0000001e   Zero   RW          237    .bss                main.o
    0x10000066   0x00000002   PAD
    0x10000068   0x00000018   Zero   RW          384    .bss                touch_panel.o
    0x10000080   0x00000060   Zero   RW          504    .bss                c_w.l(libspace.o)
    0x100000e0   0x00000000   Zero   RW            2    HEAP                startup_lpc17xx.o
    0x100000e0   0x00000200   Zero   RW            1    STACK               startup_lpc17xx.o


==============================================================================

Image component sizes


      Code (inc. data)   RO Data    RW Data    ZI Data      Debug   Object Name

       238          0          0          0          0       1247   affichagelcd.o
         0          0       1520          0          0        366   english_16x8.o
      3114         34          0          2          0       7711   ili_lcd_general.o
       176          6          0          0          0       1125   lcd_api.o
       336         32          0          0          0       3079   lpc17xx_clkpwr.o
      1060         62          0          0          0       9731   lpc17xx_gpio.o
      2972        162          0          4         48      27207   lpc17xx_i2c.o
       256          4          0          0          0       4045   lpc17xx_pinsel.o
      1744         82          0          0          0      11272   lpc17xx_ssp.o
      1668         94          0          0          0       8943   lpc17xx_timer.o
      1460        184          0         14         30       5222   main.o
        64         26        204          0        512       1096   startup_lpc17xx.o
       676         82          0          4          0      22417   system_lpc17xx.o
       984         38          0          0         24       2678   touch_panel.o

    ----------------------------------------------------------------------
     14752        806       1756         24        616     106139   Object Totals
         0          0         32          0          0          0   (incl. Generated)
         4          0          0          0          2          0   (incl. Padding)

    ----------------------------------------------------------------------

      Code (inc. data)   RO Data    RW Data    ZI Data      Debug   Library Member Name

         8          0          0          0          0         68   __main.o
       316          6         17          0          0         92   __printf_flags_wp.o
        14          0          0          0          0         68   __printf_wp.o
        52          8          0          0          0          0   __scatter.o
        26          0          0          0          0          0   __scatter_copy.o
        28          0          0          0          0          0   __scatter_zi.o
        48          6          0          0          0         96   _printf_char_common.o
         6          0          0          0          0          0   _printf_d.o
       120         18          0          0          0         92   _printf_dec.o
       184          0          0          0          0         88   _printf_intcommon.o
        82          0          0          0          0        108   _printf_pad.o
         0          0          0          0          0          0   _printf_percent.o
         4          0          0          0          0          0   _printf_percent_end.o
        10          0          0          0          0         68   _sputc.o
        12          0          0          0          0         72   exit.o
         6          0          0          0          0        152   heapauxi.o
         0          0          0          0          0          0   indicate_semi.o
         2          0          0          0          0          0   libinit.o
         2          0          0          0          0          0   libinit2.o
         2          0          0          0          0          0   libshutdown.o
         2          0          0          0          0          0   libshutdown2.o
         8          4          0          0         96         68   libspace.o
       238          0          0          0          0        100   lludivv7m.o
        40          6          0          0          0         84   noretval__2sprintf.o
         0          0          0          0          0          0   rtentry.o
        12          0          0          0          0          0   rtentry2.o
         6          0          0          0          0          0   rtentry4.o
         2          0          0          0          0          0   rtexit.o
        10          0          0          0          0          0   rtexit2.o
        12          4          0          0          0         68   sys_exit.o
        74          0          0          0          0         80   sys_stackheap_outer.o
         2          0          0          0          0         68   use_no_semi.o

    ----------------------------------------------------------------------
      1336         52         20          0         96       1372   Library Totals
         8          0          3          0          0          0   (incl. Padding)

    ----------------------------------------------------------------------

      Code (inc. data)   RO Data    RW Data    ZI Data      Debug   Library Name

      1328         52         17          0         96       1372   c_w.l

    ----------------------------------------------------------------------
      1336         52         20          0         96       1372   Library Totals

    ----------------------------------------------------------------------

==============================================================================


      Code (inc. data)   RO Data    RW Data    ZI Data      Debug   

     16088        858       1776         24        712     105691   Grand Totals
     16088        858       1776         24        712     105691   ELF Image Totals
     16088        858       1776         24          0          0   ROM Totals

==============================================================================

    Total RO  Size (Code + RO Data)                17864 (  17.45kB)
    Total RW  Size (RW Data + ZI Data)               736 (   0.72kB)
    Total ROM Size (Code + RO Data + RW Data)      17888 (  17.47kB)

==============================================================================

